2025-01-08 18:44:05,478 CRIT Supervisor is running as root.  Privileges were not dropped because no user is specified in the config file.  If you intend to run as root, you can set user=root in the config file to avoid this message.
2025-01-08 18:44:05,481 INFO supervisord started with pid 7
2025-01-08 18:44:06,486 INFO spawned: 'app' with pid 8
2025-01-08 18:44:06,491 INFO spawned: 'nginx' with pid 9
2025-01-08 18:44:07,518 INFO success: app entered RUNNING state, process has stayed up for > than 1 seconds (startsecs)
2025-01-08 18:44:07,518 INFO success: nginx entered RUNNING state, process has stayed up for > than 1 seconds (startsecs)
Bottle v0.13.2 server starting up (using WSGIRefServer())...
Listening on http://localhost:5000/
Hit Ctrl-C to quit.

[CTRL] POST /setup
[Time: 08.01.25 18:44:13] [Level: info] id: 78018f50fdc2b50c
[Time: 08.01.25 18:44:13] [Level: info] coordinator: False
[Time: 08.01.25 18:44:13] [Level: info] clients: ['78018f50fdc2b50c', '3e614ee43effde9e']
[Time: 08.01.25 18:44:13] [Level: info] state: initial
[Time: 08.01.25 18:44:13] [Level: info] [State: initial] Reading configuration file...
127.0.0.1 - - [08/Jan/2025 18:44:13] "POST /api/setup HTTP/1.0" 200 0
[Time: 08.01.25 18:44:13] [Level: info] [State: initial] Initializing: Setting iteration to 0, setting max_iterations...
[Time: 08.01.25 18:44:13] [Level: info] [State: initial] Done reading configuration file.
[Time: 08.01.25 18:44:13] [Level: info] [State: initial] Max Iterations: 5
[Time: 08.01.25 18:44:13] [Level: info] [State: initial] Reading training data...
127.0.0.1 - - [08/Jan/2025 18:44:13] "GET /api/status HTTP/1.0" 200 155
[Time: 08.01.25 18:44:13] [Level: info] [State: initial] Initializing pre-trained model...
127.0.0.1 - - [08/Jan/2025 18:44:15] "GET /api/status HTTP/1.0" 200 155
127.0.0.1 - - [08/Jan/2025 18:44:17] "GET /api/status HTTP/1.0" 200 155
[Time: 08.01.25 18:44:19] [Level: info] [State: initial] Epoch 10, Reconstruction Loss: 0.9931339025497437
127.0.0.1 - - [08/Jan/2025 18:44:19] "GET /api/status HTTP/1.0" 200 155
127.0.0.1 - - [08/Jan/2025 18:44:21] "GET /api/status HTTP/1.0" 200 155
127.0.0.1 - - [08/Jan/2025 18:44:23] "GET /api/status HTTP/1.0" 200 155
[Time: 08.01.25 18:44:23] [Level: info] [State: initial] Epoch 20, Reconstruction Loss: 0.9701982140541077
127.0.0.1 - - [08/Jan/2025 18:44:25] "GET /api/status HTTP/1.0" 200 155
127.0.0.1 - - [08/Jan/2025 18:44:27] "GET /api/status HTTP/1.0" 200 155
127.0.0.1 - - [08/Jan/2025 18:44:29] "GET /api/status HTTP/1.0" 200 155
[Time: 08.01.25 18:44:31] [Level: info] [State: initial] Epoch 30, Reconstruction Loss: 0.9322241544723511
127.0.0.1 - - [08/Jan/2025 18:44:31] "GET /api/status HTTP/1.0" 200 155
127.0.0.1 - - [08/Jan/2025 18:44:33] "GET /api/status HTTP/1.0" 200 155
127.0.0.1 - - [08/Jan/2025 18:44:35] "GET /api/status HTTP/1.0" 200 155
[Time: 08.01.25 18:44:36] [Level: info] [State: initial] Epoch 40, Reconstruction Loss: 0.8757803440093994
127.0.0.1 - - [08/Jan/2025 18:44:37] "GET /api/status HTTP/1.0" 200 155
127.0.0.1 - - [08/Jan/2025 18:44:39] "GET /api/status HTTP/1.0" 200 155
127.0.0.1 - - [08/Jan/2025 18:44:41] "GET /api/status HTTP/1.0" 200 155
[Time: 08.01.25 18:44:41] [Level: info] [State: initial] Epoch 50, Reconstruction Loss: 0.8057833313941956
[Time: 08.01.25 18:44:41] [Level: info] [State: initial] Initializing clusterer...
[Time: 08.01.25 18:44:42] [Level: info] [State: initial] Training model
127.0.0.1 - - [08/Jan/2025 18:44:43] "GET /api/status HTTP/1.0" 200 155
127.0.0.1 - - [08/Jan/2025 18:44:45] "GET /api/status HTTP/1.0" 200 155
[Time: 08.01.25 18:44:46] [Level: info] [State: initial] Epoch 10, Total Loss: 0.0912463366985321, KL Loss: 7.639706018380821e-05, Recon Loss: 0.9116993546485901
127.0.0.1 - - [08/Jan/2025 18:44:47] "GET /api/status HTTP/1.0" 200 155
127.0.0.1 - - [08/Jan/2025 18:44:49] "GET /api/status HTTP/1.0" 200 155
[Time: 08.01.25 18:44:50] [Level: info] [State: initial] Epoch 20, Total Loss: 0.0854649469256401, KL Loss: 2.3414144379785284e-05, Recon Loss: 0.8544152975082397
127.0.0.1 - - [08/Jan/2025 18:44:51] "GET /api/status HTTP/1.0" 200 155
127.0.0.1 - - [08/Jan/2025 18:44:53] "GET /api/status HTTP/1.0" 200 155
[Time: 08.01.25 18:44:54] [Level: info] [State: initial] Epoch 30, Total Loss: 0.0798962190747261, KL Loss: 4.023959263577126e-05, Recon Loss: 0.7985597848892212
127.0.0.1 - - [08/Jan/2025 18:44:55] "GET /api/status HTTP/1.0" 200 155
[Time: 08.01.25 18:44:57] [Level: info] [State: initial] Epoch 40, Total Loss: 0.07414613664150238, KL Loss: 7.425496733048931e-05, Recon Loss: 0.7407188415527344
127.0.0.1 - - [08/Jan/2025 18:44:57] "GET /api/status HTTP/1.0" 200 155
127.0.0.1 - - [08/Jan/2025 18:44:59] "GET /api/status HTTP/1.0" 200 155
[Time: 08.01.25 18:45:01] [Level: info] [State: initial] Epoch 50, Total Loss: 0.06848916411399841, KL Loss: 7.151420140871778e-05, Recon Loss: 0.684176504611969
127.0.0.1 - - [08/Jan/2025 18:45:01] "GET /api/status HTTP/1.0" 200 155
127.0.0.1 - - [08/Jan/2025 18:45:03] "GET /api/status HTTP/1.0" 200 155
127.0.0.1 - - [08/Jan/2025 18:45:05] "GET /api/status HTTP/1.0" 200 155
[Time: 08.01.25 18:45:05] [Level: info] [State: initial] Epoch 60, Total Loss: 0.06285205483436584, KL Loss: 6.071180177968927e-05, Recon Loss: 0.6279134154319763
127.0.0.1 - - [08/Jan/2025 18:45:07] "GET /api/status HTTP/1.0" 200 155
127.0.0.1 - - [08/Jan/2025 18:45:09] "GET /api/status HTTP/1.0" 200 155
127.0.0.1 - - [08/Jan/2025 18:45:11] "GET /api/status HTTP/1.0" 200 155
[Time: 08.01.25 18:45:11] [Level: info] [State: initial] Epoch 70, Total Loss: 0.057702988386154175, KL Loss: 5.285779479891062e-05, Recon Loss: 0.5765013098716736
127.0.0.1 - - [08/Jan/2025 18:45:13] "GET /api/status HTTP/1.0" 200 155
127.0.0.1 - - [08/Jan/2025 18:45:15] "GET /api/status HTTP/1.0" 200 155
127.0.0.1 - - [08/Jan/2025 18:45:17] "GET /api/status HTTP/1.0" 200 155
[Time: 08.01.25 18:45:18] [Level: info] [State: initial] Epoch 80, Total Loss: 0.05363542214035988, KL Loss: 4.914099918096326e-05, Recon Loss: 0.5358628034591675
127.0.0.1 - - [08/Jan/2025 18:45:19] "GET /api/status HTTP/1.0" 200 155
127.0.0.1 - - [08/Jan/2025 18:45:21] "GET /api/status HTTP/1.0" 200 155
127.0.0.1 - - [08/Jan/2025 18:45:23] "GET /api/status HTTP/1.0" 200 155
[Time: 08.01.25 18:45:24] [Level: info] [State: initial] Epoch 90, Total Loss: 0.049794070422649384, KL Loss: 4.6089837269391865e-05, Recon Loss: 0.49747979640960693
127.0.0.1 - - [08/Jan/2025 18:45:25] "GET /api/status HTTP/1.0" 200 155
127.0.0.1 - - [08/Jan/2025 18:45:27] "GET /api/status HTTP/1.0" 200 155
127.0.0.1 - - [08/Jan/2025 18:45:29] "GET /api/status HTTP/1.0" 200 155
[CTRL] POST /data
[Time: 08.01.25 18:45:30] [Level: info] [State: initial] Epoch 100, Total Loss: 0.04572519287467003, KL Loss: 4.5206001232145354e-05, Recon Loss: 0.45679986476898193
[Time: 08.01.25 18:45:30] [Level: info] [State: initial] Storing model, optimizer and latent space...
[Time: 08.01.25 18:45:30] [Level: info] transition: compute
127.0.0.1 - - [08/Jan/2025 18:45:30] "POST /api/data?client=3e614ee43effde9e&memo=None HTTP/1.0" 200 0
[Time: 08.01.25 18:45:31] [Level: info] state: compute
[Time: 08.01.25 18:45:31] [Level: info] [State: compute] ITERATION 1
[Time: 08.01.25 18:45:31] [Level: info] [State: compute] receiving weights...
[Time: 08.01.25 18:45:31] [Level: info] [State: compute] {'encoder.0.weight': array([[ 0.01953651, -0.00017482,  0.01990199, ..., -0.00787005,
        -0.00397465, -0.01765799],
       [-0.01497863, -0.00225704, -0.01921005, ..., -0.00175026,
        -0.01398304,  0.00539552],
       [-0.01286526, -0.0015131 , -0.02358487, ..., -0.01134113,
         0.00438803,  0.01347292],
       ...,
       [ 0.02572116,  0.0214484 ,  0.01490852, ...,  0.00801454,
         0.0043896 , -0.00712829],
       [-0.01540998, -0.02687657, -0.01937577, ...,  0.01814991,
        -0.00931897, -0.02044834],
       [ 0.01489336,  0.01241418,  0.00646547, ..., -0.00691328,
         0.00805638,  0.01234068]], dtype=float32), 'encoder.0.bias': array([ 9.53072589e-03, -7.90680945e-03,  2.16355976e-02, -5.75007987e-04,
       -2.35014362e-03,  5.88321593e-03, -2.03716084e-02,  1.66576784e-02,
        3.39797721e-03, -1.56211974e-02,  1.10584199e-02,  8.14316794e-03,
        4.64761601e-04,  8.88450071e-03,  1.22671183e-02, -3.23699750e-02,
        8.11900478e-03,  2.14830367e-03,  2.35229619e-02, -6.38720626e-03,
        2.63991319e-02,  4.74599004e-03,  8.89884029e-03,  2.15694290e-02,
        1.39341047e-02,  6.35205302e-03, -1.48384012e-02,  1.30740656e-02,
        1.27762463e-02, -1.14477100e-02, -8.39609187e-03,  1.84959024e-02,
        2.19447613e-02,  5.89089002e-03, -1.83723532e-02, -1.04805809e-02,
        2.13081413e-03,  2.33343914e-02, -4.27715573e-03, -6.31483644e-03,
        1.86559390e-02,  9.44962446e-03,  7.63125904e-03,  2.14094687e-02,
       -2.39113383e-02,  1.66721437e-02,  5.99506777e-03,  7.81462528e-03,
       -7.80099304e-03,  9.90998652e-03,  2.68974644e-03,  2.35370360e-02,
       -6.61832793e-03, -2.76295599e-02,  7.64562376e-03, -4.93091857e-03,
       -1.94854531e-02,  8.98128934e-03,  3.10716499e-03, -2.04046015e-02,
        2.23750249e-03, -1.53072970e-03,  2.49225460e-02,  1.11003104e-03,
        1.94901340e-02,  1.64673869e-02,  1.71781313e-02,  3.17063346e-03,
        1.70428753e-02,  1.41068045e-02,  1.91721991e-02, -2.03741565e-02,
       -1.24666775e-02, -7.16293324e-03, -6.62640622e-03,  1.93637274e-02,
        5.71898278e-03,  7.79867824e-03, -1.25861615e-02, -2.53236890e-02,
       -2.00809240e-02, -1.91840380e-02,  3.43354698e-03, -1.34346774e-02,
        7.47751584e-03, -1.53919300e-02,  1.14900814e-02, -4.78257705e-03,
        2.26998795e-02,  4.20965115e-03,  6.22293726e-03, -2.34736390e-02,
       -2.54609045e-02, -5.83758019e-03, -2.01399568e-02, -3.30515788e-03,
        5.23607666e-03, -5.31739439e-04, -1.14385281e-02, -5.11442684e-03,
        2.50296667e-02,  1.55594116e-02,  7.23228278e-03, -1.96596906e-02,
       -2.94719310e-03, -2.47899815e-03, -7.75961811e-03, -3.08682062e-02,
       -1.44303497e-03, -8.12803768e-03, -9.16139316e-03,  8.61805212e-03,
        1.03061879e-02, -8.37104768e-03,  1.23482747e-02, -9.63012595e-03,
        1.80069134e-02,  1.69530548e-02, -4.06915741e-03, -5.60775073e-03,
        9.97462124e-03,  1.29298177e-02, -1.64075044e-03, -4.40897746e-03,
        4.37387265e-03,  1.27820838e-02,  2.27727648e-03, -1.58117861e-02,
        2.37529557e-02, -1.72511730e-02, -3.77129833e-03,  1.50443334e-02,
        2.09896476e-03,  6.22259127e-03,  7.52031291e-03, -2.72631682e-02,
        1.09456386e-03,  1.77717153e-02,  1.27302445e-02,  4.19603568e-03,
        1.25935562e-02,  2.14716122e-02,  4.98478953e-03, -5.84680308e-03,
       -2.05524899e-02,  1.50041822e-02,  1.73487961e-02, -8.25224817e-03,
        8.18209443e-03,  5.30992262e-03,  5.11597656e-03, -4.60770680e-03,
        1.85675791e-03, -1.90006720e-03,  1.14801321e-02,  1.07072918e-02,
        2.31101904e-02,  9.64267179e-03,  1.62229054e-02,  7.86136743e-03,
        2.39716005e-02,  1.02648605e-02, -9.55911260e-03,  1.77413058e-02,
       -2.09862404e-02,  2.34534056e-03, -3.92584887e-04, -1.16017545e-02,
        1.20902034e-02,  1.68297105e-04,  9.05501842e-03,  4.03285865e-03,
       -1.10651143e-02, -2.38107145e-02, -2.18157806e-02, -1.44653756e-03,
       -3.99850914e-03,  7.40535278e-03,  1.28501346e-02, -2.56050415e-02,
       -1.87976547e-02, -6.99664652e-03, -6.76090969e-03,  6.60784217e-03,
       -8.99254065e-03,  2.02969518e-02,  3.69343004e-04,  2.16876455e-02,
        2.14365739e-02,  6.71272911e-03, -1.00396629e-02, -1.62530952e-04,
        1.27749611e-02,  1.63576175e-02, -1.93460553e-03,  1.51210744e-02,
        7.75130372e-03,  1.07335066e-02, -4.04570485e-03, -6.92929083e-04,
        5.50625008e-03, -1.30731845e-02,  1.60884652e-02, -2.55163908e-02,
       -2.54299189e-03,  2.06677802e-02, -1.94814987e-02, -9.87044536e-03,
        6.08638534e-03,  1.91764650e-03, -3.03067383e-03,  1.05676819e-02,
        2.60713585e-02,  2.31700689e-02, -3.60708032e-03, -5.94536634e-03,
        1.01937549e-02,  2.40061004e-02,  6.67007454e-03,  2.00342014e-02,
       -2.81740371e-02,  7.22078781e-04,  1.94897819e-02,  1.64987743e-02,
        1.15597192e-02,  2.43072342e-02,  6.72426121e-03,  1.88202970e-03,
       -6.48198300e-04,  1.01339594e-02, -2.82645342e-03, -2.35157367e-02,
       -1.16308713e-02, -3.11331861e-02, -1.65542122e-03, -1.00693409e-03,
        7.01676821e-03, -1.41181219e-02,  1.47513179e-02,  1.08937221e-02,
        2.07125694e-02, -6.82501821e-03,  2.09503006e-02,  6.55874377e-03,
        2.33185664e-02, -2.36553047e-03,  1.49126574e-02, -2.51093674e-02,
       -5.49661741e-03, -5.86446328e-03,  8.66585970e-03,  2.04095449e-02,
       -1.32364370e-02,  8.00529309e-03, -2.72686500e-03,  7.70199625e-03,
        3.17581056e-04, -3.53946583e-03, -1.39138456e-02,  3.31583805e-03,
        5.23828901e-03,  1.63075291e-02,  1.55437393e-02, -2.99104000e-03,
       -1.46487681e-02,  9.89171769e-03,  1.49741536e-02,  1.79868564e-02,
       -6.59624767e-03,  8.76270887e-03, -1.54166168e-03,  1.57398265e-02,
        1.89458311e-03, -1.75629668e-02, -2.28917738e-03, -2.10740790e-02,
       -1.62913576e-02,  6.10483158e-03,  9.59721487e-03,  6.34912495e-03,
        2.54548322e-02,  1.22135999e-02, -5.03226742e-03, -6.49495330e-03,
        3.93999787e-03, -2.19101980e-02,  4.41644434e-03,  1.25933322e-03,
       -4.10743570e-03, -6.96728891e-03, -4.12728317e-04, -3.49571579e-03,
       -6.61583431e-03, -2.10575107e-02, -9.26388241e-03,  2.38070115e-02,
        1.80578493e-02,  2.47692671e-02, -9.77989566e-03,  2.70031467e-02,
       -1.56131722e-02, -1.53986868e-02,  2.63540377e-03,  4.06957278e-03,
       -4.87857312e-03,  7.16335513e-03, -1.02728708e-02,  1.74596664e-02,
        1.51569517e-02,  8.11735168e-03, -8.03199876e-03, -1.56933386e-02,
        2.19772197e-02,  2.40780618e-02, -4.53961222e-03, -8.11814424e-03,
        3.55768902e-03,  1.81077607e-02,  2.12384872e-02, -5.02439123e-03,
        4.44660848e-03, -1.27412034e-02,  1.89440371e-03, -2.85323872e-03,
        1.15000801e-02,  6.91940682e-03,  1.13589196e-02,  2.81632952e-02,
        6.16712309e-03, -1.49882222e-02,  1.39767891e-02, -2.48640087e-02,
       -2.17815265e-02, -1.43054975e-02, -1.44047651e-03,  8.91738199e-03,
        9.35151894e-03, -1.08971242e-02, -1.34217963e-02, -1.09470943e-02,
        2.44027302e-02, -1.18293390e-02, -1.27753792e-02, -2.71881782e-02,
        1.24739446e-02,  8.17578100e-03,  1.42501313e-02, -9.44752805e-03,
        1.13236504e-02,  3.43878195e-03,  1.68116414e-04, -1.46243453e-03,
       -2.76048668e-02,  2.90129660e-03,  6.18191762e-03,  3.34320380e-03,
        2.36032233e-02,  8.53425451e-03,  1.58340633e-02,  1.26664890e-02,
        2.33837944e-02,  4.25155275e-03, -1.21344021e-02,  1.78091712e-02,
        6.65745931e-03,  2.19932087e-02,  1.46518294e-02,  1.50754321e-02,
       -1.69432852e-02,  1.62116475e-02, -1.19354650e-02, -1.76268276e-02,
       -2.09865882e-03,  2.00533830e-02, -7.91934505e-03,  1.34632867e-02,
        2.20524892e-02,  1.31918453e-02,  1.85426213e-02,  3.83198960e-04,
        1.32571543e-02,  7.79170450e-03, -2.53800512e-03,  7.46329734e-03,
        7.90130231e-04,  1.92879904e-02, -8.86285771e-03,  1.21322768e-02,
        1.86786503e-02,  8.15259106e-03, -3.82062769e-03,  2.20200811e-02,
        6.85546780e-03,  1.28660183e-02,  1.50251109e-02,  7.19722454e-03,
       -3.64030222e-03, -1.11499624e-02, -1.51211943e-03,  1.16650211e-02,
       -1.90399901e-03,  6.06071157e-03,  1.00324873e-03,  1.53765816e-03,
        1.87266618e-02, -1.34219611e-02,  1.69490781e-02,  5.05895959e-03,
       -7.71691510e-03,  9.75876767e-03,  2.38050148e-02, -4.97029256e-03,
        1.12634338e-02, -9.69480071e-03, -2.12068949e-03,  1.91335361e-02,
        2.02770159e-02,  1.32360067e-02,  1.89992104e-04,  1.07462816e-02,
        1.57529693e-02, -2.62569468e-02, -1.93631165e-02,  1.25608267e-02,
       -1.18196793e-02, -1.49560615e-03, -1.91570725e-03,  1.13130268e-02,
       -6.63984893e-03,  3.16073638e-05,  1.65268835e-02,  1.22522572e-02,
       -3.01815569e-03, -7.02684559e-03,  2.15709396e-02,  3.56855011e-03,
        1.21984081e-02, -1.45347323e-02,  1.98284891e-02,  6.58768113e-04,
        5.17692929e-03,  5.35816513e-03,  2.19805189e-03,  2.71082181e-03,
        2.27610711e-02,  1.74727626e-02, -1.07823825e-02,  1.13946933e-03,
        3.47331865e-03, -1.85644105e-02,  3.20784794e-03, -8.05236027e-03,
       -1.35421790e-02, -9.10284463e-03, -1.50878550e-02, -5.10313082e-03,
       -7.27627333e-03, -6.13885326e-03,  3.64273298e-03, -1.38466964e-02,
        1.98965203e-02, -8.85024015e-03, -9.38507542e-03,  2.09181793e-02,
        9.56547353e-03, -1.65322553e-02, -7.60025438e-03,  1.04711019e-02,
       -7.49459490e-03,  6.40826765e-03, -1.40899792e-02, -1.20708602e-03,
       -2.49703731e-02, -1.64738968e-02,  1.69001464e-02,  6.46375399e-03,
       -2.87455041e-02, -2.17915811e-02, -2.21648924e-02,  1.70176732e-03,
        1.08883381e-02, -2.69536171e-02, -4.98010078e-03, -3.45617603e-03,
        1.77039020e-02,  1.38602974e-02,  4.58508218e-03,  1.72753520e-02,
       -1.06065860e-02,  1.37167564e-02, -6.45313505e-03,  9.49993916e-03,
        8.96328036e-03,  3.84419714e-03, -1.66138005e-03,  2.00865362e-02,
        8.80985288e-04, -2.56440789e-03,  2.94724340e-03,  5.22672059e-03],
      dtype=float32), 'encoder.2.weight': array([[ 0.00159165,  0.02913913,  0.03284108, ...,  0.02757187,
         0.03608286, -0.01748725],
       [-0.04579273, -0.03629164,  0.03882294, ..., -0.03042902,
        -0.00903848, -0.02080296],
       [-0.00774289, -0.04011015, -0.00884215, ..., -0.03595731,
         0.03283119, -0.02282556],
       ...,
       [ 0.03491472, -0.02934278, -0.00215183, ..., -0.00891149,
         0.034172  ,  0.02775682],
       [ 0.01367686,  0.02797941, -0.04607782, ...,  0.0172692 ,
         0.01524017, -0.02434052],
       [ 0.03914822, -0.03428723,  0.03586085, ..., -0.01638849,
        -0.02771504,  0.00908877]], dtype=float32), 'encoder.2.bias': array([ 9.65516549e-03,  3.41850407e-02,  1.31434959e-03, -1.23326769e-02,
       -2.54072789e-02, -3.42089273e-02, -5.22493348e-02,  4.60062325e-02,
        7.38346903e-03, -2.45555937e-02,  3.54535095e-02,  4.00762148e-02,
        1.96503680e-02, -4.22497652e-02,  8.60934891e-03, -3.51059660e-02,
       -3.83943170e-02,  9.64307226e-03, -2.76430156e-02, -2.23724619e-02,
        8.04997329e-03, -2.36271732e-02, -1.31561747e-02,  2.35348810e-02,
        8.97511002e-03, -4.34176158e-03,  4.47794348e-02,  2.49482561e-02,
       -6.58230623e-04,  5.93597349e-03, -4.66094129e-02, -2.07316130e-02,
       -5.14778793e-02, -1.82510521e-02, -2.52797864e-02,  3.83555889e-02,
        3.25526260e-02,  8.19169544e-03,  3.07749640e-02,  1.89273972e-02,
       -2.58354973e-02, -1.02928411e-02,  3.60564212e-03, -1.07367784e-02,
       -2.87951771e-02,  4.59255353e-02, -4.16593887e-02,  3.48075517e-02,
       -1.49432095e-02,  3.53716110e-04,  1.50356973e-02,  1.02545414e-02,
        2.47849971e-02,  1.71808340e-02,  1.10468036e-02,  1.89055111e-02,
       -9.97840334e-03, -1.88289378e-02, -2.59599388e-02,  5.21863513e-02,
        4.98054810e-02, -3.55867706e-02,  8.83957371e-03, -1.28272437e-02,
        1.46822445e-02,  1.63106173e-02, -2.27457918e-02, -1.86292287e-02,
       -4.96301726e-02,  3.47592793e-02,  3.85397784e-02, -2.89719552e-03,
        7.82824680e-03, -2.62885317e-02, -7.09002279e-03,  3.14746127e-02,
       -4.64240462e-03, -2.50501297e-02,  1.20212771e-02,  4.09967080e-02,
       -4.36963625e-02,  8.83224979e-03,  1.84189957e-02, -3.82621214e-02,
       -3.58802564e-02, -2.33516078e-02, -2.76451260e-02, -7.28024682e-03,
       -5.17399199e-02,  6.43429719e-03,  2.82885749e-02,  4.56617475e-02,
       -4.06833217e-02,  3.57645378e-02,  4.27208655e-02, -4.59795110e-02,
       -4.67546396e-02, -1.31412465e-02, -6.22840878e-03, -6.20346842e-03,
       -3.60853411e-02,  9.88447201e-03, -3.49085522e-03, -1.68292727e-02,
       -3.28337662e-02,  3.22415195e-02,  3.82002001e-03,  2.46070456e-02,
        3.18595655e-02,  4.03122865e-02,  2.93568540e-02,  2.73594707e-02,
       -6.24747574e-03, -2.39878567e-03,  3.10378969e-02,  1.15492577e-02,
        2.73291729e-02,  2.62815710e-02, -3.45961116e-02, -2.06253994e-02,
        2.69990843e-02,  1.59404717e-05,  3.81337851e-02,  2.66809780e-02,
        1.26134846e-02,  3.48925963e-02, -3.78129706e-02, -3.73859033e-02,
        1.48946671e-02, -3.47080640e-02, -4.15789299e-02,  3.48009765e-02,
       -2.01728940e-03,  1.01392707e-02,  4.01341952e-02, -1.84233319e-02,
        4.51236218e-03,  3.76015343e-02,  5.78517902e-05,  3.58010530e-02,
        3.66104022e-02,  7.16721220e-03,  5.25496295e-03,  3.17638554e-02,
       -4.07835934e-04,  1.55284777e-02, -2.40574311e-02, -2.73794308e-02,
       -2.59311753e-03, -4.58787493e-02,  3.96538600e-02,  1.38971237e-02,
        3.56866815e-03,  1.27469786e-02,  1.20033454e-02, -3.41077684e-03,
       -1.09457402e-02, -5.87253785e-03, -1.77682331e-03, -2.99654305e-02,
        3.09762992e-02,  4.38787509e-03, -1.27461469e-02,  3.73882838e-02,
       -3.15224640e-02,  1.28340935e-02,  2.27348842e-02,  9.56367608e-03,
        3.26552093e-02,  1.45096229e-02,  2.98832245e-02, -6.81060925e-03,
        2.89428532e-02,  2.26919707e-02,  4.57133912e-02,  1.18928095e-02,
        1.08827688e-02,  1.28534669e-02, -1.22132376e-02,  1.33060338e-02,
       -3.58448401e-02,  8.26807693e-03,  4.32193615e-02,  2.78518405e-02,
        2.18794998e-02, -1.81784760e-03,  3.08999177e-02, -5.21116965e-02,
       -3.35682835e-03,  2.85452604e-02, -9.11403541e-03, -4.69057299e-02,
        1.96389668e-02,  3.24385017e-02,  2.45412495e-02, -2.77302843e-02,
        2.27777027e-02, -1.45449927e-02,  2.95912419e-02,  3.15263085e-02,
        3.00162807e-02,  3.92288677e-02, -1.51814641e-02,  2.48913821e-02,
        1.41683677e-02,  3.66748348e-02, -1.91120766e-02, -4.41818833e-02,
       -1.33617432e-03, -8.08846392e-03,  1.24727199e-02,  2.10841391e-02,
        2.64904052e-02, -1.88723952e-02, -4.25338186e-02, -4.38341834e-02,
        3.16941068e-02,  2.40079295e-02, -4.35196683e-02, -1.66814018e-03,
       -3.44507694e-02,  2.60335882e-03,  2.33626068e-02, -3.12900171e-02,
        8.30757199e-04,  1.69735067e-02,  1.69895701e-02, -1.97869428e-02,
       -2.88504232e-02, -3.88037809e-03,  2.20518876e-02,  3.98356691e-02,
        2.30721086e-02,  2.87487358e-03, -3.73586603e-02,  1.88238062e-02,
        1.74243096e-02,  2.31775548e-02, -6.07524440e-03,  3.81050706e-02,
        6.83612796e-03,  1.54778659e-02, -3.35523337e-02, -5.04259467e-02,
       -1.04399184e-02,  1.55487088e-02,  1.38497604e-02, -1.19650336e-02,
        4.51395251e-02,  1.90416016e-02,  2.46937815e-02,  2.26124004e-02,
       -2.34703603e-03, -1.82042122e-02,  3.97392251e-02,  2.76398059e-04,
       -4.11688499e-02, -1.50304390e-02,  1.68447029e-02,  9.64065548e-03,
        9.86502785e-03,  7.00801192e-03, -5.33174239e-02, -2.79018022e-02,
       -4.47133072e-02, -2.81388741e-02,  1.19462600e-02,  1.81112159e-02,
       -4.84079085e-02,  4.23986949e-02,  2.32153162e-02, -4.03405763e-02,
       -1.23532414e-02, -5.08160330e-03,  4.45428453e-02, -1.32229561e-02,
       -2.42549833e-02,  3.88776325e-02, -1.32008605e-02, -2.30152700e-02,
       -7.07211811e-03,  6.68267906e-03,  2.25510113e-02,  1.47239072e-02,
       -1.67762414e-02,  1.55670950e-02, -2.13106815e-02, -4.96585220e-02,
        4.98115905e-02, -4.44909781e-02, -2.46840063e-02, -1.42041631e-02,
       -8.01169407e-03,  4.62510213e-02,  4.91733029e-02, -2.24919654e-02,
        3.18447202e-02, -4.44526272e-03,  1.39175879e-03, -1.53129054e-02,
       -5.12944199e-02,  3.21479440e-02,  3.66160041e-03, -1.06745614e-02,
       -3.41632441e-02, -2.96802651e-02, -3.06882150e-02, -5.00854403e-02,
       -4.66998816e-02,  4.18518903e-03, -2.55851671e-02, -1.15008876e-02,
       -2.66597960e-02, -3.23087629e-03,  4.11569178e-02, -2.22946350e-02,
       -5.13145104e-02,  2.67600957e-02,  4.49471409e-03,  5.03960364e-02,
        5.22464747e-03,  1.79659873e-02,  2.26454297e-03,  3.35604735e-02,
       -3.12546045e-02,  2.66797282e-02,  4.02377453e-03, -3.32221501e-02,
        3.85225117e-02,  7.27893086e-03,  9.88297071e-03,  6.53702067e-03,
        4.64738496e-02,  4.49801274e-02,  2.75327563e-02, -8.79508629e-03,
        1.79585256e-02,  2.22117465e-04,  5.01029892e-03, -4.79399338e-02,
       -4.47776448e-03, -4.41079885e-02, -2.68144663e-02, -1.01012141e-02,
        2.89874128e-03, -1.89478137e-03,  4.64315303e-02, -7.65791768e-03,
        2.10036542e-02,  3.58333485e-03,  5.63866983e-04,  5.15521318e-03,
        4.23677489e-02, -3.53266336e-02,  1.56903844e-02,  4.03914303e-02,
       -2.31740605e-02,  3.53291072e-02,  1.12613766e-02, -2.73728985e-02,
       -3.47974338e-02, -2.26542372e-02,  1.11734746e-02,  2.98126903e-03,
       -3.08571234e-02,  3.98740657e-02, -2.24209782e-02, -7.64841214e-03,
       -2.10373104e-02,  3.33493501e-02,  3.43179982e-03, -1.49591807e-02,
        8.86910129e-05,  9.70600452e-03, -4.00950126e-02,  5.93934266e-04,
       -5.91656612e-03, -1.07043991e-02,  4.05663028e-02, -3.99334095e-02,
       -3.89499627e-02, -1.44242228e-03, -2.92089675e-03, -2.62566879e-02,
       -1.25191116e-03, -9.22947377e-03,  2.39214730e-02,  4.59235013e-02,
        1.98493879e-02, -1.61189307e-02,  1.47783551e-02,  2.97710150e-02,
        2.68941745e-02,  1.89767890e-02, -3.57110500e-02, -3.23653221e-02,
       -4.92473654e-02, -3.00472155e-02, -3.21199782e-02,  5.99746266e-03,
       -3.45536247e-02, -2.57872902e-02,  1.19382786e-02, -2.39247978e-02,
        1.02417190e-02,  2.43102163e-02,  3.28123719e-02,  3.17287445e-02,
        2.18905173e-02,  4.84218961e-03,  4.48809611e-03,  2.97889207e-02,
       -3.55342813e-02, -1.42913137e-03, -1.77724306e-02, -5.10164611e-02,
       -2.55979076e-02, -1.63976084e-02, -5.84781449e-03,  2.82279067e-02,
       -2.75925966e-03,  2.03227922e-02, -4.17410322e-02,  2.68816911e-02,
       -1.41416332e-02, -1.59427170e-02, -3.10571790e-02, -3.61295082e-02,
        2.78784893e-02, -4.01126780e-02, -1.94692332e-02, -4.71827537e-02,
       -3.90892150e-03,  6.71963207e-03,  1.63627155e-02, -3.51615064e-02,
       -1.49061903e-02,  5.07422686e-02, -1.73014570e-02,  2.98243817e-02,
        8.69127642e-03, -3.03917867e-03, -2.74906047e-02, -1.62247114e-03,
       -4.96038981e-02, -2.80490872e-02, -3.00117675e-02,  1.92653667e-02,
        2.91191842e-02, -2.67171077e-02,  1.11703221e-02,  1.44292144e-02,
       -1.37396688e-02,  1.00206258e-02,  4.24004272e-02,  6.28639571e-03,
        3.42605785e-02,  5.27893081e-02, -3.01673189e-02, -1.21677406e-02,
        5.13807312e-02, -6.82373950e-03, -7.75198825e-03, -1.85879134e-02,
       -4.88602109e-02,  3.44698243e-02, -2.52407859e-03,  1.64261870e-02,
        5.04872166e-02, -2.72422680e-03,  6.09475048e-03,  1.96029041e-02,
        2.08273940e-02,  2.84503084e-02,  2.51881666e-02,  3.35023701e-02,
        3.14391330e-02, -2.75497814e-03,  4.51848190e-03, -4.17922847e-02,
        1.50582166e-02,  1.92276482e-02, -3.35019864e-02,  3.80245261e-02,
        2.72976533e-02, -1.33641288e-02, -3.58567461e-02, -4.60343100e-02,
       -1.11849010e-02,  2.00766157e-02, -5.48518859e-02,  7.87244737e-03,
        4.63270321e-02, -3.53269465e-02,  6.89459592e-03,  1.63531513e-03,
        3.28209661e-02,  4.12427559e-02,  1.31919868e-02,  7.35731423e-03],
      dtype=float32), 'encoder.4.weight': array([[ 3.2074835e-02, -4.1358609e-02, -5.8967260e-05, ...,
        -8.7848585e-03, -4.3382645e-02, -3.1067539e-02],
       [-3.8333017e-02,  4.7120366e-02,  7.0215175e-03, ...,
        -1.8293239e-02, -3.2171853e-02, -3.6484331e-02],
       [ 6.2521966e-03, -2.1208320e-02, -2.2651097e-02, ...,
        -9.6030452e-04, -8.4940493e-03, -2.7226359e-02],
       ...,
       [ 4.2210493e-02,  2.7749825e-02, -3.7305266e-02, ...,
        -1.4253286e-02,  3.2695461e-02, -8.6472370e-03],
       [-2.3788614e-02,  3.5334121e-02, -7.1011335e-03, ...,
         3.9751593e-02,  1.0518312e-02, -3.8552210e-02],
       [ 1.3017780e-02,  9.3115913e-03,  4.0684224e-04, ...,
        -1.0573663e-02,  3.7604533e-02,  3.6678839e-02]], dtype=float32), 'encoder.4.bias': array([-0.00216553,  0.00192662, -0.00893211, ...,  0.00101506,
       -0.02716014,  0.02669284], dtype=float32), 'encoder.6.weight': array([[-0.01578479,  0.01117305,  0.0065805 , ..., -0.01202847,
        -0.01030006,  0.0167265 ],
       [-0.00857111, -0.01827663, -0.01083209, ..., -0.01149408,
         0.01476917,  0.01381188],
       [ 0.00069712,  0.01086767,  0.00224063, ..., -0.01575842,
        -0.00188023,  0.01336334],
       ...,
       [-0.01472625, -0.00313045,  0.01198162, ...,  0.0314928 ,
        -0.00398565, -0.02146318],
       [ 0.00729003,  0.00909052,  0.02528756, ...,  0.00353624,
        -0.01437705,  0.01537309],
       [-0.00775147, -0.00704001,  0.0119166 , ...,  0.0188517 ,
        -0.00535851, -0.00672845]], dtype=float32), 'encoder.6.bias': array([ 0.02692994, -0.01359907,  0.00579211, -0.01147957, -0.0107279 ,
       -0.00469826,  0.00014586, -0.02117734,  0.02891093,  0.0278819 ],
      dtype=float32), 'decoder.0.weight': array([[-0.21927437,  0.0167466 ,  0.10705762, ..., -0.20950109,
        -0.15274487, -0.05823197],
       [-0.21683446,  0.13848059, -0.21398637, ..., -0.17989995,
        -0.22576202, -0.30404392],
       [ 0.1121134 , -0.05905699,  0.14299627, ...,  0.22082931,
         0.08248922, -0.00688728],
       ...,
       [-0.21895184,  0.30339974,  0.07965922, ...,  0.00188137,
         0.0760941 ,  0.2067653 ],
       [-0.2587987 ,  0.03911333,  0.00115644, ...,  0.05672273,
        -0.08328445,  0.01717974],
       [ 0.03353532,  0.25723395, -0.17754653, ...,  0.24400893,
         0.05894813,  0.0809199 ]], dtype=float32), 'decoder.0.bias': array([ 0.23127443,  0.28196472,  0.1614876 , ..., -0.03397171,
       -0.01620135, -0.03541127], dtype=float32), 'decoder.2.weight': array([[-0.00192009, -0.01000073, -0.01038997, ...,  0.00844157,
        -0.02235502,  0.0062234 ],
       [ 0.01366377,  0.01357715, -0.0227927 , ..., -0.00041689,
        -0.00623489, -0.00590097],
       [-0.00120976,  0.01426121, -0.00210262, ...,  0.01194566,
        -0.01821181,  0.02132262],
       ...,
       [-0.0235472 , -0.01244824, -0.01310236, ..., -0.01996821,
        -0.01143041, -0.015614  ],
       [-0.01640503,  0.01537079,  0.00323158, ..., -0.02421633,
        -0.01221363, -0.01277758],
       [ 0.00029416,  0.00184966, -0.00466756, ..., -0.01479669,
         0.01258177,  0.01851531]], dtype=float32), 'decoder.2.bias': array([-8.78726598e-03, -2.47994419e-02,  9.74397827e-03, -1.10744219e-02,
        4.82028676e-03, -1.09608565e-02,  4.82715492e-04,  8.52314290e-03,
       -1.90299544e-02, -3.81289981e-03, -1.12341391e-02, -3.72994051e-04,
        1.04828645e-02, -9.81761236e-03, -1.67356208e-02,  2.09071394e-03,
        2.58370209e-02, -2.06798501e-03,  1.63144618e-02, -1.01893200e-02,
       -1.71942580e-02, -9.59992316e-03, -2.16635056e-02,  1.03866141e-02,
        1.26262465e-02,  1.51044773e-02, -1.11934757e-02, -1.12176556e-02,
        1.64315017e-04, -2.25537475e-02,  8.76082201e-03, -2.70981854e-03,
       -2.33664177e-02, -2.71150619e-02, -2.33205706e-02, -1.15273455e-02,
       -9.51342471e-03,  5.88596938e-03, -1.13873081e-02,  1.42962672e-04,
        9.20844916e-03,  1.31329587e-02,  1.51429186e-02,  1.17968477e-03,
       -1.12357391e-02, -2.46444810e-02,  1.22059500e-02,  1.47249205e-02,
       -1.80787407e-02, -1.21734794e-02, -8.10949598e-03,  6.21082447e-03,
       -1.71009526e-02, -1.11452844e-02,  9.20581538e-03, -1.59240831e-02,
       -1.10059353e-02, -2.50977557e-03, -7.26870447e-03,  3.08861188e-03,
       -1.79752316e-02,  4.46669204e-04,  1.49108935e-02, -1.12256501e-02,
       -1.29767824e-02,  9.21355747e-03, -1.63148325e-02,  9.73919313e-03,
       -6.96605444e-03, -1.40831564e-02,  8.39385483e-03,  1.41249606e-02,
       -9.58928838e-03, -1.10006183e-02,  2.29748292e-03,  6.38086302e-03,
        3.12916213e-03, -9.84908827e-03,  7.47236703e-03, -6.57692738e-03,
       -1.91160850e-02, -1.45150861e-02,  8.58976413e-03, -1.95621904e-02,
       -2.08087713e-02,  4.78006806e-03, -6.19258638e-03,  1.65468436e-02,
       -1.52974306e-02, -1.22668324e-02,  1.09615372e-02,  6.95244549e-03,
       -8.95358622e-04, -1.79556776e-02, -3.34880129e-03, -2.62985062e-02,
        1.06872674e-02, -1.37390681e-02, -1.96868926e-02,  1.20694598e-03,
       -2.02751495e-02,  8.61119013e-03, -1.69994757e-02,  4.33480088e-03,
       -2.08089184e-02, -7.92173855e-03, -1.61680710e-02,  1.34415757e-02,
       -2.18064487e-02,  1.51208648e-03,  1.55394152e-03,  1.06805647e-02,
        9.07611661e-03, -1.71208493e-02, -4.40408196e-03,  1.02714729e-02,
        1.39417779e-02, -7.44598638e-03, -8.30557756e-03, -2.15411577e-02,
       -1.16661303e-02,  4.35433770e-03,  2.95298407e-03, -2.00954285e-02,
       -1.32154217e-02, -8.83330218e-03, -2.75044031e-02, -7.70124327e-03,
       -1.04744006e-02, -1.43782059e-02,  1.65654738e-02, -1.01401126e-02,
       -3.38634686e-03, -1.36878928e-02,  3.53109837e-03, -2.37732641e-02,
       -6.96750823e-03,  9.27372277e-03, -2.06979569e-02,  6.94714254e-03,
        3.12506541e-04, -3.28082038e-04,  1.18442969e-02, -1.36734797e-02,
       -1.87935233e-02, -1.88003352e-03,  1.27653694e-02,  1.48686999e-02,
       -1.35184568e-03,  1.29662706e-02,  1.05989201e-03, -1.41852470e-02,
       -1.95126724e-03,  2.07327567e-02, -1.84243396e-02, -2.55218055e-02,
       -1.02298288e-03,  1.18708722e-02, -1.00112185e-02,  1.62619110e-02,
        8.10487894e-04, -2.05075964e-02, -2.08753701e-02,  9.56334639e-03,
       -8.90467418e-05, -9.90252756e-03, -8.92623141e-03, -4.35280410e-04,
        8.35968927e-03, -2.29108036e-02,  1.10259233e-02, -2.28501316e-02,
        1.59507189e-02,  4.56045009e-03, -2.01074239e-02, -2.20737234e-02,
       -2.71708015e-02, -1.81859843e-02,  1.35154417e-02,  8.04215111e-03,
        7.27116968e-03,  1.16113024e-02, -2.17243470e-02,  7.42866145e-03,
        2.67225108e-03, -9.22208652e-03, -1.18333828e-02,  2.42251134e-03,
        8.35173763e-03, -1.24228327e-02, -2.08527800e-02, -6.49484852e-03,
       -1.12609100e-02,  2.31952267e-03, -1.77384485e-02,  1.49555341e-03,
       -7.09507940e-03, -5.32701425e-03,  1.36011913e-02,  1.08785238e-02,
       -8.00932664e-03, -1.43861575e-02,  1.19299004e-02, -1.51805412e-02,
        2.39467714e-03,  1.41739026e-02,  1.38054499e-02,  1.81424860e-02,
       -1.70066021e-02,  4.41173231e-03, -1.06356256e-02, -1.18888570e-02,
       -2.24790443e-02,  9.15522221e-03,  2.83223088e-03, -1.69121698e-02,
        9.70433000e-03, -2.11472772e-02,  4.04808670e-03,  1.43689699e-02,
       -1.16518922e-02, -1.53244035e-02, -2.93244384e-02, -4.15295130e-03,
       -2.72042919e-02, -1.84427500e-02, -1.22153629e-02, -1.39396638e-02,
       -1.91540476e-02,  1.40879368e-02,  1.38926422e-02,  1.44712618e-02,
        1.95415840e-02, -1.88802183e-02,  2.34628608e-03, -7.31610227e-03,
        9.97671299e-03, -8.83551128e-03, -6.12438051e-03,  5.11624198e-03,
       -1.28132347e-02, -1.25901180e-03,  5.47242304e-03,  1.41380564e-03,
       -1.06463945e-02,  5.25323488e-03, -1.88795943e-02, -1.52428132e-02,
        1.78645644e-02,  1.19063938e-02, -5.55945095e-03,  6.81634014e-03,
       -1.74910054e-02,  2.40866896e-02, -1.29183810e-02, -1.00156832e-02,
        1.96231715e-02, -2.01132204e-02, -1.03411097e-02, -1.69260614e-02,
        1.81842577e-02, -2.25233156e-02, -1.78581197e-02,  3.77592142e-03,
       -8.32809601e-03, -7.52634741e-03, -1.55691681e-02, -9.34648234e-03,
        1.58932107e-03, -5.29561774e-04,  6.78836973e-03, -4.41329554e-03,
       -3.00613162e-03, -2.35172659e-02, -1.59375910e-02, -2.49867328e-02,
       -2.39248201e-02, -1.06214462e-02,  1.83433052e-02,  5.29656885e-03,
       -1.79151930e-02, -1.31960083e-02, -2.08280352e-03,  1.10402275e-02,
       -4.78507392e-03, -1.74369998e-02,  1.76281482e-02,  1.06902439e-02,
       -2.43863780e-02, -1.55063905e-02, -9.40195983e-04, -3.71643400e-04,
        1.34608820e-02, -2.02824976e-02,  1.33819040e-02, -1.00423731e-02,
       -2.00472530e-02, -1.85058676e-02, -1.05075473e-02, -1.97838135e-02,
        7.59163965e-03, -1.16052404e-02, -2.09930614e-02, -5.87442284e-03,
        2.03201151e-03,  7.30079506e-03, -5.69782173e-03,  4.91263403e-04,
        5.55464905e-03, -2.18090340e-02, -2.57718470e-02,  1.96746551e-02,
       -1.60011891e-02, -1.03641050e-02, -1.31776305e-02,  7.82047305e-03,
       -2.22043786e-02,  8.34369287e-03, -2.27837320e-02,  1.04409596e-02,
        7.68323336e-03,  2.12794263e-02, -1.55641604e-02,  1.43894758e-02,
       -1.53760044e-02,  4.90705855e-03, -1.68109685e-02,  1.38287386e-02,
       -1.21583985e-02,  4.09958418e-03, -2.08960809e-02, -2.04389412e-02,
        7.22739520e-03, -2.61787549e-02,  1.81090157e-03,  4.95164469e-03,
       -2.47970093e-02,  1.59362182e-02,  1.10705364e-02, -9.56255663e-03,
       -1.54040232e-02, -1.44271990e-02, -2.05349401e-02, -2.16378625e-02,
       -2.07507815e-02, -2.33019106e-02,  1.67996027e-02,  8.96770786e-03,
       -1.65055078e-02, -1.01525895e-02,  9.85174626e-03,  5.51513117e-03,
       -6.57026470e-03,  2.91405385e-03, -1.90546978e-02,  9.41829290e-03,
       -2.09593456e-02,  6.71001850e-03,  1.34966820e-02, -1.86755962e-03,
        1.01896431e-02,  1.95987392e-02, -1.79117694e-02, -2.51326859e-02,
        8.98516923e-03, -6.27582613e-03,  1.23837031e-02, -7.16388412e-03,
       -1.35548785e-03,  1.74696581e-03, -1.13474922e-02,  6.53909659e-03,
        9.78171919e-03,  1.51870139e-02,  9.08249803e-03, -3.30945989e-03,
       -2.44956389e-02, -1.87974162e-02, -1.37801428e-04,  1.27909298e-03,
       -5.43694291e-03, -8.94071907e-03, -1.58771279e-03,  1.19746672e-02,
       -1.84408773e-03,  8.66026431e-03, -2.52343994e-02,  2.00384259e-02,
        1.92936528e-02,  1.89398807e-02,  1.98691711e-03,  7.84460455e-03,
        1.86337251e-02,  5.61290188e-03,  1.80985928e-02, -8.37364700e-03,
       -2.71744076e-02, -1.07854186e-02, -1.57443043e-02, -3.51571129e-03,
        1.22366538e-02, -1.15586277e-04,  3.34972341e-04, -1.53247463e-02,
       -4.71220911e-03, -1.23735629e-02,  1.02251386e-02, -1.90493315e-02,
       -8.25611409e-03, -1.30014159e-02,  8.36064480e-03,  2.04824675e-02,
       -2.48052515e-02, -1.57331098e-02, -1.79656669e-02, -1.26388567e-02,
       -1.92806199e-02,  7.93463644e-03,  1.34166013e-02, -1.34554673e-02,
        1.31634567e-02,  1.18357719e-04, -9.02718864e-03, -6.24420727e-03,
       -8.95329285e-03,  1.25254299e-02, -2.30893437e-02, -1.44182555e-02,
       -6.40858896e-03,  1.35049233e-02,  1.82862151e-02, -2.53527169e-03,
        5.51939709e-03,  4.56122728e-03, -2.72934549e-02,  2.11445503e-02,
       -1.67225264e-02, -1.69395488e-02,  1.18673751e-02, -1.59994643e-02,
        1.50900539e-02,  1.12421717e-02, -2.66296174e-02, -1.22382389e-02,
        8.79539549e-03,  7.67524994e-04,  8.67397059e-03,  3.79289524e-03,
        9.92179103e-03, -2.18870640e-02, -1.16907919e-04,  9.27715970e-04,
       -2.47049630e-02, -1.81442369e-02, -8.19033850e-03, -1.20986132e-02,
       -1.11500137e-02,  7.91243929e-03, -1.62718110e-02,  1.25453128e-02,
       -2.08070129e-02, -4.46186343e-04,  1.23012969e-02, -1.73453949e-02,
       -3.73142958e-03, -2.70430348e-03,  6.00158051e-03, -2.31459178e-03,
        6.85966248e-03, -1.00277215e-02, -1.25854474e-03, -1.88291445e-02,
       -2.39865556e-02, -2.60126195e-04, -8.48711189e-03, -8.30942206e-03,
        1.63076930e-02, -1.63156223e-02, -1.36870509e-02, -1.72737185e-02,
        1.24176685e-02, -1.22268056e-03, -5.75572439e-03, -1.79208964e-02,
       -8.49926262e-04, -1.51336044e-02,  1.11982953e-02, -2.04753969e-02,
       -7.71184277e-04, -1.96227729e-02,  1.64500973e-03, -9.38944332e-03,
       -3.54370684e-03, -3.60401790e-03, -1.32334810e-02,  7.75430119e-03,
       -6.06206479e-03,  2.18811277e-02, -8.42558313e-03, -2.04160120e-02],
      dtype=float32), 'decoder.4.weight': array([[-0.02121882,  0.01476461,  0.01425486, ..., -0.01857868,
        -0.03681118,  0.02475674],
       [ 0.00693641, -0.0226556 ,  0.03365785, ..., -0.00070262,
        -0.01392565, -0.03002857],
       [ 0.01919713, -0.02496411,  0.0357646 , ...,  0.01741117,
         0.03349607, -0.00624531],
       ...,
       [-0.01308664,  0.01801462, -0.00308979, ..., -0.03989807,
        -0.01188503, -0.00606093],
       [-0.02832299, -0.01616973,  0.02301186, ..., -0.04000352,
        -0.00542307, -0.00693918],
       [-0.04957688,  0.01693503, -0.02770938, ...,  0.02980107,
        -0.00060377,  0.00638304]], dtype=float32), 'decoder.4.bias': array([-0.01447047, -0.02258774, -0.03338858, -0.00436757,  0.03876294,
       -0.0342916 , -0.01531447, -0.04791161,  0.03405691, -0.03706566,
       -0.01723438, -0.02636607, -0.03228348, -0.04739342,  0.02373271,
       -0.03614952,  0.02899943, -0.01208528,  0.01076942, -0.04470778,
       -0.04743441,  0.03499626,  0.02439206, -0.03275878, -0.02999509,
       -0.00689381,  0.00547592, -0.00899224,  0.02052581,  0.02236099,
       -0.05239704, -0.00938094, -0.00388805, -0.0196952 ,  0.03706906,
        0.00819816, -0.03957599, -0.00612405, -0.05603992, -0.04369589,
        0.01904869, -0.03296854,  0.02833808,  0.03294501, -0.03244185,
       -0.04265554,  0.0099459 , -0.02405803, -0.00964631,  0.03954199,
       -0.04077702, -0.01258289,  0.0027597 ,  0.00744406, -0.02905174,
       -0.02932706, -0.0011574 , -0.01612132, -0.04950705,  0.00028507,
        0.02068914,  0.02334006,  0.01089216,  0.00812452, -0.04389459,
       -0.01522816, -0.00504675, -0.01711895, -0.03827883, -0.04752561,
       -0.01148393,  0.01762687,  0.03465872,  0.03277175,  0.03484553,
       -0.05706501,  0.01797825, -0.05075559,  0.01128002, -0.00115548,
       -0.05796499,  0.01788874,  0.0341327 , -0.03038165, -0.05308979,
       -0.03116117, -0.00151221,  0.03166112, -0.00931247, -0.0471552 ,
       -0.00400278, -0.03420666, -0.02968676, -0.02792471,  0.01990707,
       -0.0033754 ,  0.03293186,  0.02085401, -0.04977529, -0.04543126,
        0.00024699,  0.03492885,  0.01877703,  0.02670121, -0.03279212,
        0.0076768 , -0.03442973,  0.01470231,  0.01061838, -0.00847146,
       -0.00412254, -0.00146848,  0.01046881, -0.02395208, -0.04484095,
       -0.0408734 ,  0.01720602, -0.02563124, -0.03557579,  0.00786818,
       -0.04789872,  0.00206276,  0.03153086, -0.03584445, -0.01892087,
       -0.0098912 , -0.03655702, -0.01124085, -0.03943653, -0.03571067,
       -0.03428111, -0.01143466, -0.0433227 , -0.05046168, -0.0371941 ,
       -0.00727074, -0.03932776,  0.02186864, -0.03426997, -0.03275307,
        0.02190004, -0.04678659, -0.00077721, -0.03934576,  0.00633118,
       -0.04192374, -0.03247888, -0.05487874, -0.03129196, -0.005906  ,
        0.01062595,  0.00304434, -0.06168719,  0.01634166, -0.01872874,
        0.03786743,  0.00213189, -0.01982842, -0.04729784,  0.02673893,
        0.02259446, -0.03780551, -0.04188645,  0.04875925, -0.05989567,
        0.02679027,  0.0237144 , -0.02966012, -0.03510986, -0.04216568,
        0.01154045, -0.0329887 , -0.04982523,  0.00598994,  0.00899907,
        0.01230112,  0.0292299 , -0.00189089,  0.00018119, -0.02594979,
        0.00561618,  0.01311038, -0.00529387, -0.03805873, -0.04302965,
       -0.05695362,  0.00876223,  0.04155192,  0.03567203,  0.00050204,
       -0.03768166, -0.03925746,  0.01765223, -0.0110558 , -0.02652499,
        0.01214126, -0.00449383, -0.01255063, -0.0399898 ,  0.0165164 ,
       -0.01784353,  0.0304902 ,  0.00195401, -0.02204791, -0.05902765,
       -0.02511639,  0.03974475,  0.01816823,  0.00243019, -0.01407099,
       -0.03185197, -0.02179996, -0.03943139, -0.00225963, -0.03783896,
       -0.03992176,  0.02019792, -0.00264862,  0.00225733,  0.02837709,
       -0.05343989, -0.03848225, -0.04379824,  0.00661318, -0.01214196,
       -0.04705382, -0.01811542,  0.02460712, -0.01229144,  0.02469298,
       -0.01395298, -0.01080923, -0.01224711,  0.00129483,  0.01073679,
       -0.04173636, -0.00559555, -0.05299769,  0.03164365, -0.03929467,
        0.03426316, -0.02316408, -0.00297578, -0.04880517, -0.03688439,
        0.02181564, -0.00725468, -0.008102  , -0.02863475, -0.02004401,
        0.03159071,  0.00617663, -0.00094902,  0.00204612, -0.00875297,
       -0.00134458, -0.03682246, -0.02046049,  0.00673787,  0.00684594,
       -0.01584835,  0.00556854, -0.02262345, -0.0423975 , -0.02377372,
       -0.01716794,  0.01938919, -0.01695839, -0.03460786, -0.00638295,
        0.0076989 , -0.04999062, -0.0047481 ,  0.00960868, -0.02922409,
        0.014322  , -0.01845351, -0.01596925, -0.04862942,  0.01106369,
       -0.03384985,  0.01691305,  0.00540612, -0.02510816,  0.03195624,
        0.01614517, -0.02771557,  0.03218081, -0.01703014,  0.00846357,
        0.03163359, -0.0049984 , -0.02329757,  0.00121647,  0.00738751,
        0.01362259, -0.03585529, -0.03130978, -0.01270554, -0.037499  ,
        0.02026585,  0.02501177,  0.00745066,  0.03499918,  0.0011105 ,
       -0.05014898, -0.00494959, -0.00244965,  0.01885847,  0.01770193,
        0.04466759,  0.01555733,  0.02928212,  0.03214681,  0.01320336,
        0.03490005, -0.0179509 , -0.01085607,  0.01532172, -0.02639563,
        0.04013301,  0.01145405, -0.02657354,  0.01524076,  0.00415663,
        0.00852903, -0.00144598, -0.00138976, -0.03460071, -0.03407404,
        0.00064883, -0.03700219, -0.03230246,  0.01437859, -0.03341528,
       -0.01089197, -0.03382229, -0.0458045 ,  0.02845562,  0.04184097,
        0.01095352, -0.00796913,  0.02594723,  0.02134686,  0.02079057,
        0.03244022, -0.05078185, -0.04114513, -0.03629698, -0.04868216,
        0.04759679, -0.00330144,  0.00926992,  0.03600672,  0.00831157,
        0.02943991,  0.02402403, -0.0109778 , -0.00679222, -0.03769328,
       -0.03300523,  0.02997887, -0.01348983,  0.02176312,  0.03209368,
       -0.02012388,  0.03932407, -0.0423488 , -0.05375052, -0.00857642,
        0.01275509,  0.0165711 ,  0.02018378,  0.02949272,  0.00045739,
       -0.01542904, -0.04219775,  0.01506826, -0.00401318, -0.01328736,
       -0.00857049,  0.03752573, -0.01693621,  0.02193445, -0.00520466,
       -0.05028529, -0.05012559,  0.03700003,  0.0364133 , -0.00219977,
       -0.01836315, -0.00886515, -0.00523354, -0.04906119,  0.01736146,
       -0.02022763,  0.01162332,  0.02095325, -0.05078647,  0.01279905,
        0.01528763, -0.01130234, -0.05001844, -0.0074674 , -0.01270093,
        0.00881948,  0.03418928,  0.02496278,  0.00131725,  0.01603953,
       -0.0045523 , -0.03080124, -0.03302772,  0.03382527, -0.0183606 ,
       -0.02561063,  0.00321566,  0.00874087, -0.02082193, -0.00968362,
        0.00988973,  0.02282618, -0.01789193, -0.00409778,  0.01805284,
       -0.0389167 , -0.05818537,  0.01194904,  0.0351319 , -0.05207855,
       -0.00812447,  0.02070638, -0.00846951,  0.01739408,  0.00065576,
       -0.05314743, -0.01073406, -0.03741915,  0.0062213 , -0.00425696,
       -0.02544489, -0.03456102, -0.00639953,  0.01035082, -0.01693625,
        0.0152788 , -0.04634093, -0.04079264,  0.03488077, -0.03022246,
       -0.01996223,  0.01592584,  0.01165304, -0.00316609,  0.02848056,
       -0.03190683, -0.00775519, -0.0108357 , -0.00075528,  0.02993519,
       -0.00973544, -0.02897356, -0.04318719, -0.03863758, -0.0236001 ,
       -0.04909742,  0.01136728, -0.02786868,  0.03040542, -0.00058086,
       -0.02435126,  0.0396607 ,  0.00117685, -0.02770837,  0.04021858,
       -0.02260642,  0.00956888, -0.01279745, -0.00887679, -0.03034338,
        0.01486327,  0.0261499 , -0.04581479, -0.04742085, -0.00491842,
       -0.0327438 ,  0.00047934, -0.00746985, -0.01092763,  0.00918071,
       -0.03299131,  0.00381433, -0.00561861,  0.01703842,  0.04264   ,
       -0.01996708, -0.03418843,  0.02690933,  0.01443066, -0.02031566],
      dtype=float32), 'decoder.6.weight': array([[-0.02630698,  0.02566279, -0.02584895, ..., -0.00690848,
        -0.00566648,  0.00111638],
       [ 0.01766236, -0.02248503,  0.01259818, ...,  0.03630162,
        -0.02684561, -0.02817063],
       [ 0.01179354,  0.03247594,  0.00979487, ..., -0.01140181,
         0.03803121,  0.00392978],
       ...,
       [ 0.00466937, -0.0100884 ,  0.01654066, ...,  0.02867635,
         0.04500977, -0.02237925],
       [-0.03521727,  0.0252837 ,  0.04388676, ...,  0.02570014,
        -0.0157873 , -0.03306904],
       [ 0.03536492,  0.03393418,  0.00976298, ...,  0.02650961,
        -0.00204046,  0.00629521]], dtype=float32), 'decoder.6.bias': array([-0.01081983, -0.02239238, -0.0132746 , ..., -0.02284183,
        0.00547411, -0.00672129], dtype=float32)}
[Time: 08.01.25 18:45:31] [Level: info] [State: compute] Loading global weights for model...
[Time: 08.01.25 18:45:31] [Level: info] Traceback (most recent call last):
  File "/root/.local/lib/python3.8/site-packages/FeatureCloud/app/engine/app.py", line 252, in guarded_run
    self.run()
  File "/root/.local/lib/python3.8/site-packages/FeatureCloud/app/engine/app.py", line 271, in run
    transition = self.current_state.run()
  File "/app/states.py", line 207, in run
    model.load_state_dict(state_dict)
  File "/root/.local/lib/python3.8/site-packages/torch/nn/modules/module.py", line 2215, in load_state_dict
    raise RuntimeError('Error(s) in loading state_dict for {}:\n\t{}'.format(
RuntimeError: Error(s) in loading state_dict for Autoencoder:
	size mismatch for encoder.0.weight: copying a param with shape torch.Size([500, 2999]) from checkpoint, the shape in current model is torch.Size([500, 3000]).
	size mismatch for decoder.6.weight: copying a param with shape torch.Size([2999, 500]) from checkpoint, the shape in current model is torch.Size([3000, 500]).
	size mismatch for decoder.6.bias: copying a param with shape torch.Size([2999]) from checkpoint, the shape in current model is torch.Size([3000]).

127.0.0.1 - - [08/Jan/2025 18:45:31] "GET /api/status HTTP/1.0" 200 162
