2025-01-27 19:18:10,336 CRIT Supervisor is running as root.  Privileges were not dropped because no user is specified in the config file.  If you intend to run as root, you can set user=root in the config file to avoid this message.
2025-01-27 19:18:10,339 INFO supervisord started with pid 7
2025-01-27 19:18:11,341 INFO spawned: 'nginx' with pid 10
2025-01-27 19:18:11,342 INFO spawned: 'app' with pid 11
2025-01-27 19:18:12,364 INFO success: nginx entered RUNNING state, process has stayed up for > than 1 seconds (startsecs)
2025-01-27 19:18:12,365 INFO success: app entered RUNNING state, process has stayed up for > than 1 seconds (startsecs)
Bottle v0.13.2 server starting up (using WSGIRefServer())...
Listening on http://localhost:5000/
Hit Ctrl-C to quit.

[CTRL] POST /setup
[Time: 27.01.25 19:18:18] [Level: info] id: 9a12c008ef54a5c2
[Time: 27.01.25 19:18:18] [Level: info] coordinator: False
[Time: 27.01.25 19:18:18] [Level: info] clients: ['df9a2edf1918568d', '9a12c008ef54a5c2', '5b88a214df72e33f']
[Time: 27.01.25 19:18:18] [Level: info] state: initial
[Time: 27.01.25 19:18:18] [Level: info] [State: initial] Reading configuration file...
[Time: 27.01.25 19:18:18] [Level: info] [State: initial] Initializing: Setting iteration to 0, setting max_iterations...
[Time: 27.01.25 19:18:18] [Level: info] [State: initial] Done reading configuration file.
[Time: 27.01.25 19:18:18] [Level: info] [State: initial] Max Iterations: 5
[Time: 27.01.25 19:18:18] [Level: info] [State: initial] Reading training data...
127.0.0.1 - - [27/Jan/2025 19:18:18] "POST /api/setup HTTP/1.0" 200 0
[Time: 27.01.25 19:18:18] [Level: info] [State: initial] Initializing pre-trained model...
[Time: 27.01.25 19:18:18] [Level: info] [State: initial] INITIAL input_dim: $10564
[Time: 27.01.25 19:18:19] [Level: info] [State: initial] Initializing cluster centers...
[Time: 27.01.25 19:18:20] [Level: info] Traceback (most recent call last):
  File "/usr/local/lib/python3.8/site-packages/FeatureCloud/app/engine/app.py", line 252, in guarded_run
    self.run()
  File "/usr/local/lib/python3.8/site-packages/FeatureCloud/app/engine/app.py", line 271, in run
    transition = self.current_state.run()
  File "/app/states.py", line 95, in run
    self.store('optimizer_dec', optimizer_dec)
NameError: name 'optimizer_dec' is not defined

