2025-01-26 15:41:24,966 CRIT Supervisor is running as root.  Privileges were not dropped because no user is specified in the config file.  If you intend to run as root, you can set user=root in the config file to avoid this message.
2025-01-26 15:41:24,968 INFO supervisord started with pid 8
2025-01-26 15:41:25,971 INFO spawned: 'nginx' with pid 11
2025-01-26 15:41:25,973 INFO spawned: 'app' with pid 12
2025-01-26 15:41:27,000 INFO success: nginx entered RUNNING state, process has stayed up for > than 1 seconds (startsecs)
2025-01-26 15:41:27,001 INFO success: app entered RUNNING state, process has stayed up for > than 1 seconds (startsecs)
Bottle v0.13.2 server starting up (using WSGIRefServer())...
Listening on http://localhost:5000/
Hit Ctrl-C to quit.

[CTRL] POST /setup
[Time: 26.01.25 15:41:33] [Level: info] id: bf922ea6fd37191b
[Time: 26.01.25 15:41:33] [Level: info] coordinator: False
[Time: 26.01.25 15:41:33] [Level: info] clients: ['89c36d6781b5d468', 'bf922ea6fd37191b', '000499dc73044695']
[Time: 26.01.25 15:41:33] [Level: info] state: initial
[Time: 26.01.25 15:41:33] [Level: info] [State: initial] Reading configuration file...
[Time: 26.01.25 15:41:33] [Level: info] [State: initial] Initializing: Setting iteration to 0, setting max_iterations...
[Time: 26.01.25 15:41:33] [Level: info] [State: initial] Done reading configuration file.
[Time: 26.01.25 15:41:33] [Level: info] [State: initial] Max Iterations: 5
[Time: 26.01.25 15:41:33] [Level: info] [State: initial] Reading training data...
127.0.0.1 - - [26/Jan/2025 15:41:33] "POST /api/setup HTTP/1.0" 200 0
127.0.0.1 - - [26/Jan/2025 15:41:33] "GET /api/status HTTP/1.0" 200 155
127.0.0.1 - - [26/Jan/2025 15:41:35] "GET /api/status HTTP/1.0" 200 155
127.0.0.1 - - [26/Jan/2025 15:41:37] "GET /api/status HTTP/1.0" 200 155
[Time: 26.01.25 15:41:38] [Level: info] [State: initial] Initializing pre-trained model...
[Time: 26.01.25 15:41:38] [Level: info] [State: initial] INITIAL input_dim: $10565
127.0.0.1 - - [26/Jan/2025 15:41:39] "GET /api/status HTTP/1.0" 200 155
127.0.0.1 - - [26/Jan/2025 15:41:41] "GET /api/status HTTP/1.0" 200 155
127.0.0.1 - - [26/Jan/2025 15:41:43] "GET /api/status HTTP/1.0" 200 155
[Time: 26.01.25 15:41:45] [Level: info] [State: initial] Initializing cluster centers...
[Time: 26.01.25 15:41:45] [Level: info] Traceback (most recent call last):
  File "/usr/local/lib/python3.8/site-packages/FeatureCloud/app/engine/app.py", line 252, in guarded_run
    self.run()
  File "/usr/local/lib/python3.8/site-packages/FeatureCloud/app/engine/app.py", line 271, in run
    transition = self.current_state.run()
  File "/app/states.py", line 94, in run
    kmeans.fit(latent_representations)
  File "/usr/local/lib/python3.8/site-packages/sklearn/base.py", line 1152, in wrapper
    return fit_method(estimator, *args, **kwargs)
  File "/usr/local/lib/python3.8/site-packages/sklearn/cluster/_kmeans.py", line 1475, in fit
    X = self._validate_data(
  File "/usr/local/lib/python3.8/site-packages/sklearn/base.py", line 605, in _validate_data
    out = check_array(X, input_name="X", **check_params)
  File "/usr/local/lib/python3.8/site-packages/sklearn/utils/validation.py", line 957, in check_array
    _assert_all_finite(
  File "/usr/local/lib/python3.8/site-packages/sklearn/utils/validation.py", line 122, in _assert_all_finite
    _assert_all_finite_element_wise(
  File "/usr/local/lib/python3.8/site-packages/sklearn/utils/validation.py", line 171, in _assert_all_finite_element_wise
    raise ValueError(msg_err)
ValueError: Input X contains NaN.
KMeans does not accept missing values encoded as NaN natively. For supervised learning, you might want to consider sklearn.ensemble.HistGradientBoostingClassifier and Regressor which accept missing values encoded as NaNs natively. Alternatively, it is possible to preprocess the data, for instance by using an imputer transformer in a pipeline or drop samples with missing values. See https://scikit-learn.org/stable/modules/impute.html You can find a list of all estimators that handle NaN values at the following page: https://scikit-learn.org/stable/modules/impute.html#estimators-that-handle-nan-values

127.0.0.1 - - [26/Jan/2025 15:41:45] "GET /api/status HTTP/1.0" 200 160
