2025-01-08 12:03:28,234 CRIT Supervisor is running as root.  Privileges were not dropped because no user is specified in the config file.  If you intend to run as root, you can set user=root in the config file to avoid this message.
2025-01-08 12:03:28,238 INFO supervisord started with pid 8
2025-01-08 12:03:29,242 INFO spawned: 'app' with pid 9
2025-01-08 12:03:29,244 INFO spawned: 'nginx' with pid 10
2025-01-08 12:03:30,257 INFO success: app entered RUNNING state, process has stayed up for > than 1 seconds (startsecs)
2025-01-08 12:03:30,257 INFO success: nginx entered RUNNING state, process has stayed up for > than 1 seconds (startsecs)
Bottle v0.13.2 server starting up (using WSGIRefServer())...
Listening on http://localhost:5000/
Hit Ctrl-C to quit.

[CTRL] POST /setup
[Time: 08.01.25 12:03:35] [Level: info] id: dbaf64beb83cbae9
[Time: 08.01.25 12:03:35] [Level: info] coordinator: False
[Time: 08.01.25 12:03:35] [Level: info] clients: ['dbaf64beb83cbae9', '02000e5da823f071']
[Time: 08.01.25 12:03:35] [Level: info] state: initial
[Time: 08.01.25 12:03:35] [Level: info] [State: initial] Reading configuration file...
[Time: 08.01.25 12:03:35] [Level: info] [State: initial] Initializing: Setting iteration to 0, setting max_iterations...
[Time: 08.01.25 12:03:35] [Level: info] [State: initial] Done reading configuration file.
[Time: 08.01.25 12:03:35] [Level: info] [State: initial] Max Iterations: 5
[Time: 08.01.25 12:03:35] [Level: info] [State: initial] Reading training data...
127.0.0.1 - - [08/Jan/2025 12:03:35] "POST /api/setup HTTP/1.0" 200 0
[Time: 08.01.25 12:03:36] [Level: info] Traceback (most recent call last):
  File "/root/.local/lib/python3.8/site-packages/pandas/core/indexes/base.py", line 3653, in get_loc
    return self._engine.get_loc(casted_key)
  File "pandas/_libs/index.pyx", line 147, in pandas._libs.index.IndexEngine.get_loc
  File "pandas/_libs/index.pyx", line 176, in pandas._libs.index.IndexEngine.get_loc
  File "pandas/_libs/hashtable_class_helper.pxi", line 7080, in pandas._libs.hashtable.PyObjectHashTable.get_item
  File "pandas/_libs/hashtable_class_helper.pxi", line 7088, in pandas._libs.hashtable.PyObjectHashTable.get_item
KeyError: 'file'

The above exception was the direct cause of the following exception:

Traceback (most recent call last):
  File "/root/.local/lib/python3.8/site-packages/FeatureCloud/app/engine/app.py", line 252, in guarded_run
    self.run()
  File "/root/.local/lib/python3.8/site-packages/FeatureCloud/app/engine/app.py", line 271, in run
    transition = self.current_state.run()
  File "/app/states.py", line 57, in run
    df = df.loc[:, df_meta_data['file']]
  File "/root/.local/lib/python3.8/site-packages/pandas/core/frame.py", line 3761, in __getitem__
    indexer = self.columns.get_loc(key)
  File "/root/.local/lib/python3.8/site-packages/pandas/core/indexes/base.py", line 3655, in get_loc
    raise KeyError(key) from err
KeyError: 'file'

