2025-01-27 14:45:29,365 CRIT Supervisor is running as root.  Privileges were not dropped because no user is specified in the config file.  If you intend to run as root, you can set user=root in the config file to avoid this message.
2025-01-27 14:45:29,372 INFO supervisord started with pid 7
2025-01-27 14:45:30,377 INFO spawned: 'nginx' with pid 10
2025-01-27 14:45:30,389 INFO spawned: 'app' with pid 11
2025-01-27 14:45:31,447 INFO success: nginx entered RUNNING state, process has stayed up for > than 1 seconds (startsecs)
2025-01-27 14:45:31,448 INFO success: app entered RUNNING state, process has stayed up for > than 1 seconds (startsecs)
Bottle v0.13.2 server starting up (using WSGIRefServer())...
Listening on http://localhost:5000/
Hit Ctrl-C to quit.

[CTRL] POST /setup
[Time: 27.01.25 14:45:45] [Level: info] id: baeb224dc45e66c2
[Time: 27.01.25 14:45:45] [Level: info] coordinator: False
[Time: 27.01.25 14:45:45] [Level: info] clients: ['14ba8eff3eeffc10', 'baeb224dc45e66c2', '3d83b5a8a5e29df9']
[Time: 27.01.25 14:45:45] [Level: info] state: initial
127.0.0.1 - - [27/Jan/2025 14:45:45] "POST /api/setup HTTP/1.0" 200 0
[Time: 27.01.25 14:45:45] [Level: info] [State: initial] Reading configuration file...
[Time: 27.01.25 14:45:45] [Level: info] [State: initial] Initializing: Setting iteration to 0, setting max_iterations...
[Time: 27.01.25 14:45:45] [Level: info] [State: initial] Done reading configuration file.
[Time: 27.01.25 14:45:45] [Level: info] [State: initial] Max Iterations: 5
[Time: 27.01.25 14:45:45] [Level: info] [State: initial] Reading training data...
[Time: 27.01.25 14:45:50] [Level: info] [State: initial] Initializing pre-trained model...
[Time: 27.01.25 14:45:50] [Level: info] [State: initial] INITIAL input_dim: $10565
