2025-01-08 16:34:55,473 CRIT Supervisor is running as root.  Privileges were not dropped because no user is specified in the config file.  If you intend to run as root, you can set user=root in the config file to avoid this message.
2025-01-08 16:34:55,477 INFO supervisord started with pid 7
2025-01-08 16:34:56,480 INFO spawned: 'app' with pid 8
2025-01-08 16:34:56,483 INFO spawned: 'nginx' with pid 9
2025-01-08 16:34:57,498 INFO success: app entered RUNNING state, process has stayed up for > than 1 seconds (startsecs)
2025-01-08 16:34:57,498 INFO success: nginx entered RUNNING state, process has stayed up for > than 1 seconds (startsecs)
Bottle v0.13.2 server starting up (using WSGIRefServer())...
Listening on http://localhost:5000/
Hit Ctrl-C to quit.

[CTRL] POST /setup
[Time: 08.01.25 16:35:03] [Level: info] id: 303574323098fc21
[Time: 08.01.25 16:35:03] [Level: info] coordinator: False
[Time: 08.01.25 16:35:03] [Level: info] clients: ['303574323098fc21', '15407c329b907ba3']
[Time: 08.01.25 16:35:03] [Level: info] state: initial
127.0.0.1 - - [08/Jan/2025 16:35:03] "POST /api/setup HTTP/1.0" 200 0
[Time: 08.01.25 16:35:03] [Level: info] [State: initial] Reading configuration file...
[Time: 08.01.25 16:35:03] [Level: info] [State: initial] Initializing: Setting iteration to 0, setting max_iterations...
[Time: 08.01.25 16:35:03] [Level: info] [State: initial] Done reading configuration file.
[Time: 08.01.25 16:35:03] [Level: info] [State: initial] Max Iterations: 5
[Time: 08.01.25 16:35:03] [Level: info] [State: initial] Reading training data...
127.0.0.1 - - [08/Jan/2025 16:35:03] "GET /api/status HTTP/1.0" 200 155
[Time: 08.01.25 16:35:04] [Level: info] [State: initial] Initializing pre-trained model...
127.0.0.1 - - [08/Jan/2025 16:35:05] "GET /api/status HTTP/1.0" 200 155
127.0.0.1 - - [08/Jan/2025 16:35:07] "GET /api/status HTTP/1.0" 200 155
127.0.0.1 - - [08/Jan/2025 16:35:09] "GET /api/status HTTP/1.0" 200 155
127.0.0.1 - - [08/Jan/2025 16:35:11] "GET /api/status HTTP/1.0" 200 155
127.0.0.1 - - [08/Jan/2025 16:35:13] "GET /api/status HTTP/1.0" 200 155
[Time: 08.01.25 16:35:13] [Level: info] [State: initial] Epoch 10, Reconstruction Loss: 0.9938008785247803
127.0.0.1 - - [08/Jan/2025 16:35:15] "GET /api/status HTTP/1.0" 200 155
[Time: 08.01.25 16:35:17] [Level: info] [State: initial] Epoch 20, Reconstruction Loss: 0.9718114733695984
127.0.0.1 - - [08/Jan/2025 16:35:17] "GET /api/status HTTP/1.0" 200 155
127.0.0.1 - - [08/Jan/2025 16:35:19] "GET /api/status HTTP/1.0" 200 155
[Time: 08.01.25 16:35:19] [Level: info] [State: initial] Epoch 30, Reconstruction Loss: 0.9333391189575195
[CTRL] POST /data
127.0.0.1 - - [08/Jan/2025 16:35:20] "POST /api/data?client=15407c329b907ba3&memo=None HTTP/1.0" 200 0
127.0.0.1 - - [08/Jan/2025 16:35:21] "GET /api/status HTTP/1.0" 200 155
[Time: 08.01.25 16:35:21] [Level: info] [State: initial] Epoch 40, Reconstruction Loss: 0.8811858296394348
[Time: 08.01.25 16:35:23] [Level: info] [State: initial] Epoch 50, Reconstruction Loss: 0.8164013028144836
[Time: 08.01.25 16:35:23] [Level: info] transition: compute
[Time: 08.01.25 16:35:24] [Level: info] state: compute
[Time: 08.01.25 16:35:24] [Level: info] [State: compute] receiving weights...
[Time: 08.01.25 16:35:24] [Level: info] [State: compute] [{'encoder.0.weight': array([[ 0.00378907,  0.00658439, -0.01080966, ...,  0.01491581,
         0.01127045,  0.00774642],
       [ 0.00766718, -0.00296976, -0.00746127, ...,  0.00427509,
         0.01724483, -0.01032697],
       [-0.00185793, -0.00685432,  0.01225791, ...,  0.01604708,
         0.02789389,  0.00858259],
       ...,
       [-0.01377558,  0.01639346,  0.00412084, ...,  0.0174825 ,
         0.00355303,  0.00104055],
       [ 0.01683141, -0.0133328 ,  0.0165824 , ..., -0.00574161,
        -0.01954191, -0.00527619],
       [-0.00144908,  0.01356713, -0.0057699 , ..., -0.01204561,
         0.00417   , -0.00613614]], dtype=float32), 'encoder.0.bias': array([-8.99599399e-03,  1.75978662e-03,  1.74307600e-02, -3.03184707e-02,
       -2.28042472e-02, -1.96017567e-02,  2.04113265e-03,  1.05189281e-02,
       -1.56174330e-02,  1.02472072e-02, -5.97209856e-03,  1.30464323e-02,
        1.26889115e-02,  1.82296790e-03, -1.54948337e-02, -2.31308155e-02,
        4.25218884e-03,  5.55684417e-03, -2.41602901e-02,  6.23851735e-03,
       -4.77009395e-04, -6.93570403e-03,  1.00445496e-02, -1.40111754e-02,
       -1.58412308e-02, -1.23165082e-02,  7.25968566e-04, -3.31139774e-03,
        1.61647622e-03,  7.60736130e-03, -2.21301094e-02, -7.62021635e-03,
       -1.98788121e-02, -6.87979907e-03, -1.68587118e-02, -4.52377921e-04,
        9.42662300e-04, -1.28177423e-02,  2.62489705e-03,  1.41746830e-02,
       -1.81455724e-02,  1.39015983e-03, -4.04051691e-03, -5.21681970e-03,
        8.22439138e-03,  1.65605955e-02, -2.85460632e-02,  1.96648762e-02,
       -1.52704325e-02,  1.24217020e-02,  1.17343171e-02, -1.02679925e-02,
        3.30917398e-03,  8.48953892e-03, -1.46320667e-02,  6.60980307e-03,
        1.16403615e-02, -1.12070795e-02, -1.65368654e-02, -9.45974048e-03,
       -2.62308662e-04,  1.31941645e-03, -1.41515303e-02, -7.17352610e-03,
        1.95022970e-02, -1.81598458e-02, -1.83409522e-03, -1.39211938e-02,
        1.23914110e-03,  8.46975297e-03,  1.74243990e-02, -1.73554476e-02,
        6.62607636e-05, -1.34181464e-02, -1.29299061e-02, -1.08979531e-02,
       -7.97298178e-03, -3.71554121e-03, -1.59764625e-02,  6.98837591e-03,
       -1.36727514e-02, -1.22654829e-02,  1.57436505e-02,  1.42543837e-02,
       -5.23465732e-03, -1.23369582e-02, -4.11011931e-03, -2.38789036e-03,
       -1.90494843e-02, -6.40391652e-03, -1.70825347e-02,  1.64743792e-02,
       -1.34419333e-02,  4.37395507e-03, -1.47932610e-02, -1.89024340e-02,
       -1.03641115e-03, -6.61440135e-04,  4.33255598e-04,  9.26597137e-03,
        1.60362739e-02, -1.05797527e-02,  1.35043701e-02, -2.60636322e-02,
        1.42921619e-02,  1.40017020e-02, -1.25657888e-02,  6.94508199e-04,
       -7.59628369e-03,  1.32146263e-02, -4.49405843e-03, -1.55725805e-02,
       -1.89908128e-02, -8.71816278e-03, -1.40820909e-02, -1.82546937e-04,
       -8.47163144e-03, -6.11480558e-04, -1.07196318e-02,  6.26072579e-04,
       -6.12145802e-03, -1.72664430e-02, -7.80472066e-03, -1.89465005e-02,
       -7.56895822e-03,  3.05131520e-03,  3.76931834e-03,  9.18726344e-03,
       -1.59037188e-02, -1.43759828e-02, -3.98874050e-03, -1.92999281e-03,
        1.82245183e-03, -7.49981729e-03, -9.96328983e-03, -1.96517934e-03,
        3.86258750e-03, -1.98021909e-04, -1.60730556e-02, -9.93184652e-03,
        8.70929472e-03, -2.07375567e-02, -1.11525469e-02, -1.53162871e-02,
        4.54943907e-03,  1.82755967e-03, -1.79741289e-02,  2.40035774e-03,
        9.18867998e-03,  1.03279594e-02,  2.53339927e-03,  1.20631689e-02,
        2.54285079e-03,  5.50174480e-03, -1.49032474e-02, -7.14767445e-03,
        2.17157463e-03, -1.57523621e-02, -1.25543410e-02, -2.79060863e-02,
        9.81175713e-03, -1.70465268e-03,  8.60703643e-03,  1.27324052e-02,
        1.45549038e-02,  1.53440665e-02,  2.22887215e-03, -6.18862547e-03,
        1.04403682e-02, -1.96243636e-02, -1.34100383e-02, -3.24562960e-03,
       -1.41792810e-02, -4.60426835e-03,  1.62691548e-02, -2.35138461e-02,
        1.49743492e-02, -7.16553070e-03,  6.47576805e-03, -1.50790373e-02,
       -9.03280824e-03,  1.53494384e-02,  1.44410161e-02,  5.04136365e-03,
        7.54098268e-03, -3.81971407e-03,  1.16824247e-02, -9.90362838e-03,
       -1.18626924e-02, -1.83367683e-03, -7.29464553e-03, -1.81779191e-02,
       -2.25176141e-02, -4.35675588e-03, -3.98118887e-03,  3.55258118e-03,
       -2.75136828e-02,  1.71496049e-02, -1.15027064e-02,  1.33300647e-02,
        5.31760836e-03,  6.08178740e-03,  9.65557899e-03, -1.40555967e-02,
        1.42159173e-02,  1.75455753e-02, -7.88468678e-05, -5.37991663e-03,
       -1.04166847e-02, -1.47996088e-02,  2.39663268e-03,  9.14488826e-03,
       -5.44584182e-04, -1.75427236e-02, -1.23873940e-02,  5.36258752e-03,
       -2.16767397e-02, -9.18508694e-03, -1.45291016e-02, -1.81116331e-02,
       -3.27607128e-03, -9.69440024e-03,  1.69230737e-02,  1.54899592e-02,
        1.43963853e-02, -2.08983235e-02,  1.68412495e-02,  9.61163081e-03,
        1.33745316e-02,  1.33844111e-02, -1.21496862e-03,  1.52060222e-02,
        5.54159423e-03, -2.37904694e-02,  5.11789555e-03, -1.84088387e-02,
       -4.16708086e-03, -5.70130860e-03, -8.99460539e-03, -1.11474562e-02,
       -1.36597706e-02, -9.62915644e-03, -1.03177214e-02, -2.32592411e-02,
       -1.94226932e-02,  1.87248532e-02,  6.98657939e-03,  9.82148945e-03,
        2.00228151e-02, -1.24846501e-02,  1.19239055e-02, -8.88698641e-03,
        3.54359951e-03, -9.00638662e-03, -2.85425596e-02, -1.52007649e-02,
       -1.76314376e-02,  1.81088708e-02, -1.50749041e-02,  2.77296756e-04,
       -9.40046913e-04, -9.30779427e-03, -1.89926513e-02,  4.94430959e-03,
       -7.76759209e-03,  1.50877312e-02,  1.69788934e-02, -6.46308158e-03,
       -2.02974975e-02,  1.28930556e-02,  1.18734622e-02,  6.33037928e-03,
        4.32697264e-03,  3.76734557e-03,  9.50726680e-03,  7.10177328e-03,
        5.58211422e-03, -1.86306722e-02, -4.88594640e-03, -3.68423271e-03,
       -1.67991817e-02,  1.47417225e-02,  2.65738531e-03, -6.25447195e-04,
       -5.22130309e-03,  1.28705017e-02, -1.40872318e-02, -5.04388474e-03,
        8.28794320e-04,  1.61892492e-02, -1.12151010e-02, -1.27068534e-02,
       -9.77028348e-03, -3.28079760e-02, -1.29271746e-02,  6.83662621e-03,
       -9.78548732e-03,  7.28061050e-03,  1.50352372e-02, -8.05179309e-03,
       -9.97677166e-03,  2.08261888e-04, -1.70745011e-02, -1.45057281e-02,
       -1.52647812e-02, -1.78546235e-02,  1.62319299e-02,  9.70444409e-04,
        5.35247847e-03,  1.51631851e-02,  2.31176196e-03, -4.84433491e-03,
        4.09488007e-03, -1.01546589e-02, -1.97394919e-02, -4.26146062e-03,
        1.04921050e-02, -4.45008092e-03, -1.54955899e-02,  9.95263690e-04,
       -3.04265507e-03,  4.16750758e-04, -9.01985634e-03,  3.02441232e-03,
       -1.20194107e-02, -7.85258785e-03, -2.06816122e-02, -6.35544944e-04,
       -1.53928651e-02,  1.53981633e-02, -9.81980818e-04, -1.43923459e-03,
        7.61131849e-03,  5.74060157e-03, -4.43145121e-03,  3.34014301e-03,
       -1.68727282e-02, -5.82944462e-03, -1.87054034e-02, -3.55357141e-03,
        1.66347772e-02, -8.79643019e-03, -8.35534744e-03, -1.45500014e-02,
       -3.65587184e-03, -5.86787565e-03,  6.56075682e-03, -2.53075361e-03,
        1.31557882e-02,  1.39586125e-02, -1.45035051e-02,  1.60103161e-02,
       -1.43007925e-02,  1.26235280e-02, -7.90598337e-03, -1.09940441e-02,
       -3.80144757e-03, -1.79633610e-02, -2.01530047e-02, -3.89107736e-03,
        4.60728025e-03,  1.05725403e-03,  7.88899232e-03,  6.43753167e-03,
       -1.10476445e-02, -8.90622474e-03, -1.61349569e-02, -2.81561050e-03,
        7.95253366e-03, -8.12747166e-04,  2.37533264e-03,  1.02512641e-02,
       -2.07720548e-02,  1.57508198e-02, -6.26452640e-03,  1.11799538e-02,
        1.21401725e-02, -5.78613440e-03, -9.49465483e-03, -6.06548972e-03,
       -9.01709683e-03, -2.80778506e-03, -5.27587766e-03,  1.61649063e-02,
        1.30943982e-02,  1.10510187e-02, -2.25727502e-02,  6.90499227e-03,
        1.49856806e-02, -5.94672142e-03, -2.31794640e-02, -8.97324923e-03,
       -9.64473467e-03, -6.22472074e-03,  8.54327437e-03,  1.56936627e-02,
        1.46353326e-03,  1.44124497e-03,  6.35428214e-03,  6.31787023e-03,
        8.86382349e-03, -1.28656924e-02, -1.57103396e-03, -1.15658455e-02,
        6.76274067e-03, -1.56907886e-02,  3.95746948e-03, -1.34303775e-02,
       -1.67225022e-02, -1.47120534e-02, -2.34469920e-02, -8.69837869e-03,
       -1.69062018e-02,  1.46260317e-02,  1.16167655e-02, -2.16677804e-02,
       -1.33063802e-02,  5.59587590e-03, -5.13379788e-03, -1.95688233e-02,
        9.09174047e-03,  5.70022222e-03,  1.32640200e-02,  1.43416384e-02,
       -2.48071062e-03,  2.78571737e-03,  1.66239981e-02, -1.17617520e-02,
       -1.36656556e-02, -2.65920386e-02, -5.69194602e-03, -1.87904835e-02,
        1.70222092e-02, -6.66246656e-03, -1.59103218e-02, -1.72688253e-02,
       -6.71409024e-03,  4.02976992e-03, -1.64361838e-02, -5.90802357e-03,
       -1.39594823e-02, -2.38765888e-02,  3.21677187e-03,  1.44769333e-03,
       -1.13995168e-02, -5.89367514e-03,  1.53086865e-02, -2.17415728e-02,
       -1.65737737e-02, -4.10220213e-03, -1.49123778e-03,  1.19855609e-02,
        9.37807001e-03,  3.71456100e-03, -2.29881443e-02, -8.86223093e-03,
       -4.55037039e-03,  9.14653949e-03, -1.65939443e-02,  5.63763455e-03,
        1.54853631e-02,  7.68060843e-03, -2.01070253e-02, -1.43304523e-02,
        1.04983309e-02, -5.85151650e-03, -1.12013752e-02,  1.35706207e-02,
       -1.88752133e-02, -2.21117903e-02,  5.71716204e-03, -1.48676820e-02,
       -6.81209564e-03, -1.27449818e-02,  1.00401994e-02, -2.48489931e-04,
       -1.26547180e-02, -1.61162280e-02,  1.65425020e-03, -3.24798585e-03,
        1.00525590e-02,  2.21503899e-03,  1.10915592e-02, -1.56852398e-02,
        1.90449134e-02, -1.41270738e-02,  6.83785998e-04, -3.26379831e-03,
       -1.47083178e-02,  9.79590509e-03, -1.38172237e-02, -1.03781251e-02,
       -1.28632281e-02, -5.90241887e-03, -1.11885862e-02, -1.68181583e-02,
       -7.43834861e-03, -2.19923090e-02,  1.49890734e-02,  2.63051596e-03],
      dtype=float32), 'encoder.2.weight': array([[ 0.04003294, -0.02922755,  0.02819378, ..., -0.00149799,
        -0.01523902, -0.00023652],
       [ 0.02070926,  0.02979057,  0.00627776, ..., -0.0241678 ,
        -0.02843289, -0.04960682],
       [-0.0082157 ,  0.02391886, -0.01789843, ..., -0.0390088 ,
         0.00423132,  0.02546707],
       ...,
       [-0.04044216,  0.0007817 , -0.02339658, ..., -0.03090584,
         0.02373535, -0.00616824],
       [ 0.02376377, -0.03552186,  0.02326489, ..., -0.01006533,
         0.04723605,  0.03107617],
       [ 0.0182948 , -0.00229215,  0.0315243 , ...,  0.00720893,
         0.0083106 , -0.02670387]], dtype=float32), 'encoder.2.bias': array([ 0.00895033,  0.00738965, -0.02283221,  0.00671647, -0.02422175,
       -0.04666389, -0.03981454, -0.03268778, -0.02896653, -0.02706623,
       -0.0082793 ,  0.02157004, -0.04660155,  0.02200542,  0.03410643,
       -0.00433089, -0.0056687 , -0.00694965, -0.02307857,  0.0344338 ,
        0.04443611, -0.03751424, -0.0127875 ,  0.01360233,  0.00804747,
       -0.02677887,  0.01679368, -0.04492106,  0.00010833, -0.01482896,
       -0.00285674,  0.0359058 ,  0.0268017 ,  0.00588314, -0.02592456,
       -0.0452803 ,  0.00787572, -0.02544047,  0.04517851, -0.03081616,
        0.00907209, -0.02515795, -0.03599975,  0.02367654, -0.03110729,
        0.03773158, -0.00273931,  0.02891572, -0.04073092,  0.03637734,
       -0.00302138, -0.03422483, -0.03566168, -0.00446381, -0.01254861,
       -0.02248289, -0.02599482,  0.0315763 , -0.0139636 , -0.01172093,
       -0.01862803,  0.00048959,  0.00770409, -0.00222766,  0.03997613,
        0.00691074,  0.00463289,  0.04425056, -0.00570115,  0.04707282,
       -0.01180999,  0.00139973, -0.00473041, -0.00186712, -0.03970768,
       -0.01019077,  0.03022752,  0.02493924, -0.00700074,  0.02306606,
       -0.01519158, -0.03982802, -0.03955719, -0.02254051, -0.02109653,
        0.02515656, -0.04238861,  0.03751582, -0.04696139,  0.01046387,
        0.03269182,  0.03357962,  0.02604053,  0.03061414,  0.01574293,
       -0.00944376, -0.00936763, -0.02619919,  0.02946373, -0.00918359,
       -0.02147274,  0.01818523, -0.01029015, -0.0144049 , -0.01878828,
       -0.03455496, -0.02535534, -0.00039356,  0.03355651, -0.02255306,
        0.00326307, -0.0407635 ,  0.03926856, -0.0280038 , -0.03772083,
       -0.03563455, -0.02031361, -0.00676371,  0.0230414 , -0.03586951,
        0.04634271,  0.00517947, -0.03451268, -0.00228818,  0.01879679,
       -0.01821178,  0.03084838, -0.0458236 , -0.03086756,  0.03915075,
       -0.00906886, -0.03292659, -0.04003961,  0.00365934, -0.03688524,
       -0.02892358,  0.02034412,  0.03595562,  0.03042308, -0.01154916,
       -0.00199149, -0.0373283 ,  0.03018439,  0.03252277,  0.00840168,
        0.0226919 , -0.04457904, -0.03883976,  0.01869236,  0.00127488,
       -0.0428675 ,  0.01811093,  0.01202122,  0.0249488 , -0.03790865,
       -0.02462755, -0.03892398, -0.01900303, -0.00622977,  0.00456532,
       -0.02803777,  0.00685094,  0.00162688, -0.02369974,  0.03099189,
       -0.05084076, -0.0157474 ,  0.00839629,  0.03550193,  0.02131392,
       -0.01162406,  0.01575606, -0.01466402, -0.00619536,  0.00175158,
       -0.04106667, -0.03235016,  0.02514957, -0.00230021,  0.00639584,
        0.03523093, -0.00738813,  0.03822245,  0.03807166, -0.01145149,
        0.02985921,  0.01643648,  0.02004914, -0.03975474, -0.01235617,
       -0.03345855, -0.03370294, -0.04395762, -0.01493103, -0.00424941,
        0.01864389,  0.01286996, -0.0312044 ,  0.01465033, -0.05026893,
        0.0340653 ,  0.0309105 ,  0.02276686, -0.01430773, -0.02617962,
        0.01228527,  0.00268815,  0.0011246 , -0.0374938 ,  0.00110472,
        0.01656492,  0.04061241, -0.03196041,  0.03100785, -0.03306926,
       -0.03054815,  0.03460214, -0.00060598, -0.03565538, -0.03136723,
       -0.03771212, -0.04698982,  0.00907236, -0.04518094, -0.00780539,
       -0.01783031, -0.00453728, -0.00366884,  0.03871379, -0.03546461,
       -0.02426685, -0.00670514,  0.0110403 , -0.01718535, -0.0449248 ,
        0.04181304, -0.03797007,  0.00246057,  0.03482034,  0.00222484,
       -0.0203789 , -0.01545116,  0.00546395, -0.00437504, -0.04049828,
       -0.04336016, -0.00566136, -0.00246102,  0.02065639, -0.01735404,
        0.03517308,  0.01375952,  0.01212773,  0.0181943 ,  0.01033004,
       -0.0221572 , -0.01075057, -0.01902093,  0.00071621, -0.00832909,
        0.02647592,  0.00120791,  0.04497281, -0.01836338, -0.00888166,
       -0.01893203, -0.04495353, -0.0386862 ,  0.02341235, -0.0102799 ,
        0.01722622, -0.03661435, -0.01728765, -0.04123522, -0.03693733,
       -0.03315604,  0.004597  ,  0.01012131,  0.04218799, -0.00419504,
        0.02420994, -0.03464026,  0.02504215, -0.02222628,  0.00990554,
       -0.04120733, -0.01858009,  0.01485763,  0.01653089, -0.00441896,
        0.00643762, -0.00656506, -0.00156143,  0.02861544, -0.01968843,
       -0.05189038,  0.00144976,  0.02286436, -0.02423554,  0.04007711,
       -0.01220207, -0.00807826, -0.01852336, -0.01515039, -0.01889136,
        0.0383521 ,  0.03920773, -0.02749812,  0.0060997 , -0.01609517,
       -0.0262932 ,  0.04271957,  0.04036612, -0.0095245 , -0.01443394,
       -0.03974225, -0.03046985,  0.02989878,  0.01648141, -0.03893831,
        0.01444993, -0.00579214, -0.03060068,  0.01554322,  0.02708063,
       -0.04160285,  0.0454273 , -0.00468337,  0.029982  ,  0.02512498,
       -0.02349494,  0.02078817, -0.00980502,  0.03381059, -0.02802795,
       -0.0125405 ,  0.02611023,  0.01602816, -0.03657355, -0.04146603,
       -0.0005359 , -0.0331462 ,  0.0303506 , -0.01697231, -0.00523423,
       -0.01542424, -0.00926688, -0.03606537, -0.0432657 ,  0.00870763,
       -0.03607699,  0.0266691 ,  0.02048659, -0.00912317,  0.02179819,
       -0.00462508,  0.01288514, -0.04726795,  0.00741298, -0.02829828,
        0.03918256, -0.02697985,  0.02732056,  0.02846095, -0.03231056,
       -0.03168427,  0.00767998,  0.03391605, -0.01518144,  0.00639155,
       -0.01775849, -0.04725005, -0.01707048,  0.03085298,  0.01476604,
       -0.01096259, -0.01270549, -0.01958022, -0.02253225,  0.03909603,
        0.03493958, -0.02464464,  0.0109548 ,  0.02398343,  0.02107941,
       -0.03383484, -0.01440515,  0.02899446,  0.03840525, -0.00704311,
        0.04351506,  0.04187887,  0.00673538, -0.03812033,  0.0318374 ,
       -0.04047798,  0.00829081, -0.0063395 ,  0.01063335, -0.01504781,
       -0.03626629, -0.03241671,  0.02588682,  0.02353256, -0.03583744,
       -0.04097047,  0.02403039,  0.01809581, -0.02380081,  0.01055667,
        0.00059552, -0.0323243 , -0.00636599,  0.03470563,  0.01324213,
       -0.00424929,  0.02951925,  0.00324518, -0.0373159 , -0.02586973,
       -0.0187996 , -0.03070685,  0.04461044, -0.02531373,  0.01253553,
        0.02678751,  0.02392988, -0.02817672, -0.04345902,  0.0371688 ,
       -0.02241785,  0.0191495 , -0.00505629,  0.00437214, -0.02246449,
       -0.03274599, -0.03545386,  0.01012927,  0.01726845,  0.03892481,
       -0.03581344,  0.01436835, -0.02415716, -0.00707316, -0.0113193 ,
       -0.0458791 , -0.04056045, -0.04989763,  0.04398366, -0.03172112,
        0.03902072,  0.01015637,  0.01481538, -0.00815748,  0.02745045,
       -0.02424884,  0.00539633,  0.00564812, -0.03282738,  0.00517938,
        0.04052371,  0.02819071, -0.03624278, -0.00334779,  0.01292106,
       -0.00533179,  0.03164753, -0.02362679, -0.02591053, -0.01087421,
        0.00176528, -0.03267129, -0.02125754, -0.02224474, -0.02500112,
        0.00390503, -0.0474223 ,  0.03761744,  0.0036436 ,  0.02900714,
       -0.02211921, -0.00385906, -0.03120708, -0.01778531,  0.01811101,
       -0.04346717, -0.01516063, -0.01892515,  0.01290466, -0.0276175 ,
       -0.02367575, -0.02792586, -0.00240557,  0.04034972, -0.00576009,
       -0.00478978, -0.01990266,  0.03167789,  0.02063143, -0.02919284],
      dtype=float32), 'encoder.4.weight': array([[-0.0317057 ,  0.02040066, -0.0452891 , ..., -0.01030711,
         0.01460648, -0.01820236],
       [ 0.01390919, -0.03630722, -0.02654475, ...,  0.01895255,
        -0.03573829, -0.03587726],
       [-0.04886294,  0.03336248, -0.00779073, ..., -0.04282335,
        -0.02771724,  0.01062689],
       ...,
       [-0.00893205,  0.00856085, -0.02956501, ..., -0.03461026,
        -0.01137604,  0.01309007],
       [-0.01281109, -0.02290425, -0.00604016, ..., -0.02649172,
         0.0018052 , -0.01085062],
       [ 0.01097542, -0.04750929, -0.03326039, ...,  0.01982003,
         0.01501937, -0.0255503 ]], dtype=float32), 'encoder.4.bias': array([ 6.7939400e-05, -1.5492543e-02,  2.2927785e-02, ...,
        5.8308118e-03,  3.6255956e-02, -2.3138030e-02], dtype=float32), 'encoder.6.weight': array([[ 0.00826328,  0.00335331, -0.01561859, ...,  0.01428842,
        -0.00658876, -0.01122493],
       [-0.01559092,  0.00373712, -0.02262383, ...,  0.00705642,
        -0.00874135,  0.01591067],
       [ 0.01931177,  0.00828251,  0.00585219, ...,  0.01287719,
        -0.01082879, -0.00051646],
       ...,
       [ 0.00572584, -0.00107639,  0.01526546, ..., -0.00745408,
         0.00846665, -0.00932434],
       [-0.00644531,  0.00524735, -0.01682485, ..., -0.02002132,
         0.00292971, -0.02050479],
       [-0.00550043, -0.02424429,  0.00773921, ...,  0.01877596,
         0.00870435, -0.02149471]], dtype=float32), 'encoder.6.bias': array([ 2.2615348e-03, -8.1559969e-03,  6.7251623e-03,  1.2251541e-02,
       -5.1225661e-03,  7.7846038e-05, -1.4310540e-03,  8.0350982e-03,
        1.1099696e-02,  1.6797174e-02], dtype=float32), 'decoder.0.weight': array([[ 0.2664567 , -0.18212546,  0.11935094, ..., -0.06587212,
         0.18632698, -0.05849512],
       [ 0.16261537, -0.24308516,  0.03394031, ...,  0.21835017,
         0.00087105,  0.20524758],
       [-0.20884301,  0.06164148,  0.27885365, ...,  0.1296547 ,
         0.22489925,  0.22925138],
       ...,
       [ 0.05798498,  0.21438138, -0.27308533, ..., -0.18419127,
         0.03804206,  0.14365894],
       [-0.25107786,  0.25789386, -0.10834625, ..., -0.04070006,
         0.2942874 , -0.15938272],
       [ 0.2680091 , -0.31099397,  0.29950035, ...,  0.29741427,
        -0.17943425,  0.14496207]], dtype=float32), 'decoder.0.bias': array([-0.20557652, -0.26924682,  0.09087936, ...,  0.10970786,
       -0.18481655,  0.07961009], dtype=float32), 'decoder.2.weight': array([[ 0.01037423,  0.00440372,  0.00792336, ..., -0.02587667,
        -0.00782965, -0.02208878],
       [ 0.00159979,  0.00440192,  0.00642024, ..., -0.00156598,
        -0.01556892, -0.014745  ],
       [ 0.00822984,  0.0181127 , -0.00617013, ..., -0.0041111 ,
         0.00126436, -0.0030375 ],
       ...,
       [-0.01898642, -0.01089657,  0.00246924, ...,  0.00576799,
        -0.00067921, -0.01385823],
       [ 0.01497553,  0.00276871, -0.00473491, ..., -0.01553501,
         0.00314503, -0.00214239],
       [-0.00199922,  0.00040178, -0.00610905, ..., -0.02064431,
        -0.00410103, -0.01515243]], dtype=float32), 'decoder.2.bias': array([ 0.01009419,  0.0140809 , -0.00580516,  0.00057543,  0.00252852,
        0.01347668,  0.01305105, -0.02526329, -0.0126664 , -0.01799932,
       -0.02463393, -0.00489186, -0.01754489, -0.00834767, -0.00652732,
        0.02234205,  0.0032683 ,  0.00324511,  0.01552895,  0.00852696,
       -0.00837412, -0.02073149,  0.00585669,  0.02691409,  0.0161321 ,
       -0.01723359,  0.00183865,  0.0173232 ,  0.00292782, -0.01443268,
        0.02133058, -0.0161467 ,  0.00554582,  0.00235796,  0.01474569,
        0.01727597, -0.01278806,  0.01596803,  0.02168213, -0.00687624,
        0.00447518,  0.00721927, -0.00587561, -0.02610329, -0.00897134,
       -0.02717075,  0.01878887,  0.00740319, -0.01517512,  0.01386349,
        0.01317725, -0.01447345, -0.00423884,  0.00458959, -0.00702282,
       -0.01505399, -0.00899583, -0.00152459,  0.00854925, -0.00837196,
       -0.01490886,  0.01461974,  0.00432008, -0.01972557,  0.00280953,
        0.01012114, -0.01941038, -0.00047434, -0.00724505,  0.00408017,
        0.02323961,  0.0171861 ,  0.00890719,  0.00520996, -0.00746907,
        0.00355442,  0.01132357,  0.01889223, -0.02404866,  0.01994905,
       -0.02445296,  0.01410269,  0.01346516, -0.01310318,  0.01609496,
       -0.01115402,  0.01663596, -0.00422568,  0.00823671, -0.0158786 ,
       -0.02829103, -0.00464252,  0.00030472,  0.00612927,  0.01034242,
       -0.00130676,  0.00165086,  0.01602005, -0.00868815,  0.03039134,
        0.01349249,  0.00458874, -0.01979755,  0.01296843, -0.01833688,
        0.00796176,  0.00287015,  0.00656226, -0.01674701,  0.00346058,
       -0.01284312, -0.0079581 ,  0.01063292,  0.0137547 ,  0.0055818 ,
        0.01376079,  0.0020827 , -0.01180845, -0.02042289,  0.00192056,
        0.01309489,  0.01149275,  0.00833887, -0.00087603,  0.02499072,
       -0.02542579,  0.01129079, -0.00869492, -0.00312812,  0.0029313 ,
        0.01077803,  0.01021175,  0.01337917, -0.00082983, -0.01580362,
        0.01987011,  0.00582145, -0.02128828,  0.00343701, -0.01955866,
       -0.00272643,  0.00165111, -0.0113481 , -0.00089111, -0.01261318,
       -0.01680792,  0.00375263, -0.02432735, -0.01080385, -0.02719814,
        0.01422411,  0.01703773,  0.0117189 ,  0.00818226,  0.00270175,
       -0.00713499, -0.01305918,  0.00500263, -0.01852351,  0.0065862 ,
       -0.01133238,  0.01455855,  0.01271617,  0.00304878, -0.01534035,
       -0.01540138,  0.00421099,  0.0045992 , -0.01792681, -0.0027772 ,
        0.01167155,  0.00070901,  0.00804465, -0.00984443, -0.01738722,
       -0.00814524, -0.02141176, -0.02680711,  0.00596795,  0.01540537,
        0.01587023, -0.00109031,  0.00755862,  0.01000505,  0.01940008,
       -0.02708193,  0.00842578, -0.02563947,  0.01332523, -0.01749004,
       -0.01369868, -0.00936113,  0.01110169,  0.01808249, -0.01606118,
       -0.00819912, -0.00732912, -0.01627062,  0.00577112,  0.00533552,
       -0.01481614,  0.00955408, -0.00135718, -0.01138885, -0.02634471,
       -0.00411336, -0.00257503, -0.02384272,  0.00244965,  0.01245829,
        0.01688596, -0.02627911, -0.02251897,  0.00621918, -0.00820722,
       -0.01503155, -0.00187857, -0.00997292,  0.02839255, -0.00433835,
       -0.01328106,  0.00509975,  0.00512018, -0.00678887, -0.02717245,
       -0.00165738, -0.01826908,  0.00475523, -0.00942628,  0.01590213,
        0.02800888, -0.01869874, -0.00641978, -0.01419441,  0.01618496,
        0.00488775, -0.00279683, -0.00128026,  0.00076649, -0.01459697,
        0.00850352, -0.00792962,  0.00357754,  0.00647842, -0.02706673,
        0.01130308,  0.01407379,  0.02198356,  0.01432142,  0.01611932,
       -0.00999038,  0.00543776, -0.00511451, -0.01896562, -0.02400919,
       -0.01358893, -0.01039101, -0.00610335, -0.01771681, -0.02055856,
       -0.01389514, -0.02404571, -0.01824301, -0.01137709, -0.01917397,
       -0.01869088, -0.00740208,  0.00301562,  0.02873291, -0.02160397,
       -0.01871063,  0.00764898, -0.00611153, -0.02527488, -0.01300428,
       -0.01261161, -0.00283098, -0.00352942, -0.00197844, -0.0155675 ,
       -0.01060281, -0.00695772, -0.00018593, -0.01713742,  0.0160128 ,
       -0.02491074, -0.01147563, -0.0204262 ,  0.0271395 ,  0.00166782,
        0.00175506,  0.01301106,  0.01531919, -0.02566853, -0.0012872 ,
        0.00509388,  0.01286247,  0.0078953 , -0.02477162, -0.00053344,
        0.02131545,  0.02431426,  0.01061175,  0.00320208,  0.00809067,
        0.00054843,  0.01223713,  0.00391128,  0.02617544,  0.00814511,
        0.01276536, -0.00200893,  0.00887564, -0.01762372,  0.01338998,
       -0.0071341 ,  0.00797379,  0.01032257,  0.00303992,  0.02452968,
       -0.02125039,  0.00908234,  0.00549566, -0.01105719, -0.01780303,
       -0.00856101, -0.01355954,  0.020609  , -0.01127728, -0.00666018,
       -0.0263043 , -0.00286524, -0.01574562, -0.00261756,  0.00806362,
        0.00230522, -0.01803527,  0.00642569, -0.0186409 ,  0.0167757 ,
       -0.01490568,  0.00874899,  0.01017201, -0.0096654 ,  0.00801438,
        0.01463137, -0.00140701, -0.0115131 , -0.01892842,  0.01750056,
       -0.0059175 ,  0.01668797,  0.0001335 , -0.02480609,  0.00615377,
       -0.01879359, -0.01051216,  0.01582591, -0.01355589, -0.00199683,
        0.01357366,  0.01080862, -0.00197724,  0.00768387, -0.0117052 ,
       -0.01191072,  0.00012841, -0.0015165 , -0.00098711,  0.00889667,
        0.00155293,  0.01691232,  0.02760473,  0.0095079 ,  0.01628142,
        0.01462512,  0.0061119 , -0.01004273, -0.01776091, -0.02163164,
        0.01518399,  0.00860838, -0.00370882, -0.00027525, -0.01227589,
        0.0052295 , -0.02495192,  0.00757549, -0.00171958, -0.0253611 ,
        0.009228  ,  0.01410596, -0.02344133, -0.02031223, -0.01016404,
        0.01068089, -0.01811466,  0.01138127, -0.02640186,  0.00342586,
        0.01765499, -0.00220292, -0.02166783, -0.00921066,  0.00395513,
        0.00221925, -0.01208888,  0.01383589,  0.02565883,  0.01278967,
       -0.0254418 , -0.00385617, -0.02086912, -0.00193613,  0.0294916 ,
        0.00866672, -0.01945267, -0.00699126, -0.00980073, -0.01237388,
       -0.00467408,  0.00431468, -0.00687819,  0.0194491 , -0.00309962,
        0.002824  , -0.01203367,  0.00528577, -0.00034779, -0.01395927,
        0.0150594 , -0.01554483, -0.02201084,  0.01113761,  0.00547565,
        0.01263148, -0.02545493, -0.01071404, -0.0112138 ,  0.00882285,
       -0.01197264, -0.00016471, -0.00316977,  0.01380455, -0.00478063,
        0.01086918, -0.01784262, -0.01522805, -0.02446628, -0.01336175,
       -0.00153432,  0.0044539 ,  0.00576565, -0.00628679,  0.00763542,
       -0.00788799,  0.01439584, -0.00947986,  0.003387  , -0.01270602,
        0.02584195,  0.01617078,  0.00605245,  0.01494339,  0.0208392 ,
        0.00954411,  0.00431084,  0.0101105 , -0.00967629,  0.00523011,
       -0.0257587 ,  0.00843232, -0.02055177,  0.00147852,  0.00459986,
        0.00597748, -0.01950162,  0.0019947 , -0.01361981,  0.03459802,
        0.01192194, -0.01704259,  0.02126867, -0.0051765 ,  0.00799955,
       -0.00135525, -0.01268888,  0.01718945, -0.00988332,  0.01919306,
        0.00560841, -0.00300115,  0.00020342, -0.01659244,  0.01005575,
       -0.01845792, -0.00232592,  0.01254688,  0.01161995, -0.0120377 ],
      dtype=float32), 'decoder.4.weight': array([[-3.05890702e-02, -4.33770232e-02, -2.24204063e-02, ...,
         2.39106361e-02, -2.97407769e-02,  2.31562052e-02],
       [ 3.77255026e-03,  2.10588500e-02, -4.37873416e-02, ...,
         3.70400958e-02,  1.25723435e-02,  6.21916161e-06],
       [ 3.34688043e-03, -3.73648033e-02,  6.41836692e-03, ...,
        -1.78846680e-02, -3.99077777e-04, -3.54833752e-02],
       ...,
       [-1.41138257e-03, -1.55731365e-02,  1.13127725e-02, ...,
        -2.46288553e-02, -5.20313829e-02, -4.39178795e-02],
       [ 4.59625153e-03, -1.30594592e-03, -4.44757417e-02, ...,
         1.61146894e-02, -3.59254070e-02,  1.23940911e-02],
       [ 1.84902071e-03,  3.93481553e-02, -3.69149745e-02, ...,
        -3.72970477e-02,  1.01084188e-02,  2.91444249e-02]], dtype=float32), 'decoder.4.bias': array([ 3.73337790e-02, -4.23665047e-02, -3.11807748e-02,  2.18758527e-02,
        2.57717334e-02, -3.66119966e-02, -2.65556183e-02, -6.56008627e-03,
        8.39092117e-03,  1.35973450e-02,  4.33420949e-02,  2.10557599e-02,
       -3.85555029e-02,  1.00933411e-03, -4.59214523e-02,  3.13282907e-02,
        8.61812662e-03, -9.50118341e-03, -1.37335537e-02, -2.91165002e-02,
       -9.21874680e-03, -4.46405038e-02,  2.79941503e-02,  3.21021825e-02,
        2.84611937e-02, -1.14708832e-02,  1.71899367e-02, -3.69315222e-02,
       -3.82751599e-02,  1.62754226e-02,  5.14645949e-02, -1.02613159e-02,
       -3.82094420e-02,  2.27276664e-02, -1.38802957e-02,  4.34057489e-02,
       -5.80814853e-03, -2.25981344e-02, -6.60947873e-04,  6.93073403e-03,
        6.64487062e-03, -3.04997806e-02,  3.16557474e-03,  1.58850048e-02,
        2.10630446e-04, -1.06442040e-02, -4.22954112e-02, -1.82574708e-02,
       -3.50495498e-03,  9.13087372e-03, -1.32001713e-02, -5.93513716e-03,
       -1.86089482e-02, -6.64000167e-03, -6.30640332e-03,  2.34175194e-02,
        1.13455318e-02,  4.97476524e-03,  3.52965631e-02,  2.48085465e-02,
       -4.65669706e-02, -1.87828466e-02, -2.39692740e-02, -1.95665732e-02,
       -5.53920027e-03, -1.95871945e-02, -2.53562443e-02,  6.42866176e-03,
        2.72209086e-02, -1.41921928e-02, -3.71017791e-02,  3.12711075e-02,
       -1.33562796e-02,  2.46552695e-02,  1.91970579e-02,  3.51441978e-03,
       -5.34327375e-03,  3.48167308e-02, -3.76282334e-02, -4.06274572e-02,
       -3.43081430e-02, -2.01613773e-02, -2.06903685e-02, -2.79616658e-03,
        3.55214328e-02, -1.83098372e-02, -3.29988711e-02, -1.05440002e-02,
       -3.16548273e-02,  1.02908341e-02, -4.43648361e-03, -6.42107800e-03,
        3.70544270e-02,  5.08586764e-02, -2.77802944e-02,  7.40348781e-03,
        2.88129523e-02, -2.61828341e-02, -5.37801487e-03, -4.69898805e-02,
        4.19497713e-02, -1.32846944e-02, -2.67922916e-02, -1.35298008e-02,
        3.02456021e-02,  3.80230993e-02,  1.45582659e-02,  5.04529215e-02,
        2.63494384e-02, -1.17069460e-03, -1.90228503e-02,  3.25555354e-02,
       -3.60118374e-02, -2.17698663e-02,  2.18284735e-03,  3.57195996e-02,
       -2.59878505e-02, -2.67362297e-02,  2.61517074e-02,  2.19463371e-02,
       -3.76443099e-03, -1.38998935e-02, -2.31377836e-02, -4.95778322e-02,
       -3.43543920e-03, -4.01652753e-02, -2.37024687e-02,  1.52334934e-02,
        3.37032438e-03,  2.00404767e-02,  5.62671535e-02,  1.19283637e-02,
        2.16630232e-02,  3.41467671e-02, -4.39269170e-02,  1.33175328e-02,
       -2.47086212e-03, -7.87715428e-03,  3.65127367e-03, -1.73979346e-02,
        1.05473045e-02,  7.38123897e-04, -2.61155963e-02, -2.49196514e-02,
       -2.99006999e-02, -1.61008369e-02,  1.65465046e-02,  8.66161287e-03,
       -1.36254344e-03, -4.21711104e-03, -3.24351899e-02,  4.30772677e-02,
       -9.61549021e-03, -4.71540280e-02, -2.36424562e-02,  1.75835844e-02,
        1.77231859e-02, -1.03890868e-02,  2.64207479e-02,  5.09833638e-03,
       -3.20330858e-02, -1.45134777e-02,  2.52228249e-02,  4.64328974e-02,
        1.62245184e-02,  3.08747813e-02, -2.06525251e-02, -2.26005055e-02,
        1.58590991e-02,  1.92725193e-02,  3.72203924e-02, -3.53163965e-02,
        1.80533063e-02, -2.83497404e-02,  6.67726249e-03,  3.43771242e-02,
        4.56729531e-02,  2.90537402e-02,  3.83288339e-02, -1.73839573e-02,
       -2.43805982e-02, -1.65765882e-02,  3.65619664e-03,  3.68865095e-02,
       -2.38766018e-02,  2.81705838e-02,  4.22055572e-02, -2.39738785e-02,
       -3.62881720e-02, -3.87247130e-02, -2.97084963e-03, -4.44200113e-02,
       -1.82528384e-02, -1.61767993e-02, -3.43445577e-02,  3.78784873e-02,
        4.78057831e-04, -2.92476807e-02,  7.81544019e-03,  4.26828787e-02,
        3.43509056e-02,  2.50265957e-03,  1.54874090e-03, -7.65506364e-03,
        2.13426333e-02, -3.55903246e-02,  4.06649075e-02,  5.06444871e-02,
        4.33923937e-02, -3.46474722e-02,  1.31274872e-02, -1.79593321e-02,
       -3.82487588e-02,  1.52007490e-02,  1.80149674e-02,  2.78439745e-02,
        3.13552544e-02, -1.06865270e-02,  9.60804336e-03,  1.53846084e-03,
       -1.08616380e-02,  1.89575721e-02, -2.43737120e-02,  1.63215715e-02,
       -3.17555182e-02,  3.09481323e-02,  3.03133409e-02, -2.38952618e-02,
       -3.01668197e-02,  9.64564737e-03, -1.29550435e-02, -3.89562733e-02,
       -6.14998920e-04,  1.39357522e-02,  3.79339717e-02,  2.23837122e-02,
        3.35600111e-03, -4.71386835e-02, -7.97677319e-03, -5.63290960e-04,
       -3.33634093e-02,  2.09232271e-02,  1.16842950e-03, -2.92681009e-02,
       -3.07296086e-02,  5.09969741e-02,  3.90574634e-02, -1.43085010e-02,
        3.18602324e-02, -1.63225755e-02,  1.22358296e-02,  1.02989655e-02,
       -4.19247597e-02,  8.23713467e-03,  1.04990909e-02,  2.78625526e-02,
        2.80217603e-02, -1.69197284e-02,  3.32946852e-02, -3.80850136e-02,
        2.45327298e-02, -3.82426707e-03, -2.15437915e-02, -5.05035184e-03,
       -2.70016491e-02, -2.90720779e-02, -4.31622081e-02,  3.81873250e-02,
        5.28518669e-02,  3.50984260e-02, -2.17271987e-02, -1.43619562e-02,
        3.48302610e-02,  1.68081727e-02, -4.32936177e-02, -1.22141754e-02,
       -2.67866794e-02,  3.09013966e-02,  2.19499804e-02, -2.55170334e-02,
       -2.88323648e-02,  1.37753813e-02, -1.38364471e-02, -4.36004326e-02,
       -2.69527845e-02, -1.30561767e-02, -1.62048563e-02,  2.36628000e-02,
        3.69825847e-02,  2.04627588e-02,  2.21771561e-02,  1.56715903e-02,
       -4.04820591e-02,  3.62462774e-02,  1.21747507e-02, -1.62717178e-02,
       -1.30134560e-02,  2.94789337e-02,  2.52976846e-02, -3.89162339e-02,
       -5.77633316e-03, -1.60799846e-02,  3.39730009e-02, -3.04676220e-02,
       -3.95255573e-02, -2.49918755e-02, -5.48837800e-03,  2.12245882e-02,
        3.14293280e-02, -2.99033858e-02,  5.28195761e-02,  3.01558711e-02,
        2.85444353e-02, -1.24665881e-02,  5.96310303e-04,  4.92226854e-02,
        4.27558133e-03, -1.63002983e-02, -3.06790434e-02, -4.04394902e-02,
       -2.45156027e-02,  4.17436808e-02,  3.46620791e-02, -3.82138938e-02,
       -4.19075526e-02, -2.41620932e-02, -2.36973930e-02,  2.52533909e-02,
       -3.20702679e-02,  2.36390140e-02, -3.02520003e-02,  2.95361746e-02,
       -4.36761864e-02, -2.03642938e-02,  1.74255471e-03, -2.23433413e-02,
        5.58547117e-03,  3.48451138e-02,  2.98608188e-02,  1.29822101e-02,
        2.98364311e-02, -4.01058681e-02, -4.13827039e-02,  3.05599310e-02,
       -3.57223256e-03, -4.02065329e-02, -2.60277186e-02,  7.13369017e-03,
       -3.28170396e-02, -1.20177947e-03,  1.43987434e-02, -2.22799145e-02,
       -1.54668549e-02, -7.08175031e-03, -1.38971517e-02,  3.58168818e-02,
       -4.03365567e-02, -8.08783062e-03,  2.45749131e-02,  9.46045574e-03,
       -3.26368213e-02,  5.51010258e-02,  3.09372600e-02, -3.80540378e-02,
        1.44336431e-03, -3.00503857e-02, -1.40417283e-02, -3.98480445e-02,
       -1.37535091e-02,  2.17550397e-02, -4.68121246e-02,  1.05684157e-02,
        2.93621887e-02, -1.26552945e-02, -1.58722084e-02,  4.18605842e-02,
        1.81546286e-02,  2.42449325e-02,  1.95349809e-02,  1.01720048e-02,
        1.97634865e-02,  1.51417847e-03, -2.90949084e-02,  3.04409601e-02,
        2.71898620e-02,  8.09660560e-05,  3.49885337e-02, -2.86788418e-04,
       -1.14419488e-02, -3.69415767e-02,  1.55867143e-02, -2.89007425e-02,
       -2.91974191e-02, -2.01609507e-02, -3.11258789e-02,  3.53865810e-02,
       -2.60242410e-02,  5.12894057e-02,  2.54599135e-02, -1.44450329e-02,
       -3.51869240e-02,  9.92425159e-03,  3.39873470e-02, -4.20821980e-02,
        4.92653158e-03, -4.61667739e-02, -1.18870204e-02, -8.39270593e-04,
        6.69659954e-03,  4.35774140e-02, -4.23353128e-02, -2.80828346e-02,
        3.96582410e-02, -1.00723030e-02, -3.02741993e-02,  2.69105583e-02,
        2.56575663e-02,  5.32157980e-02,  2.74755210e-02, -3.94119024e-02,
        8.37324746e-03, -1.58064887e-02, -1.81178376e-02,  3.77871143e-03,
        2.69803442e-02, -2.38727778e-02,  3.37904654e-02,  4.85084392e-02,
        6.72604935e-03, -1.11969085e-02,  2.79040057e-02, -3.55386548e-02,
        3.96292843e-02,  7.68452091e-03,  1.00829462e-02, -8.99653509e-03,
       -9.30148177e-03, -9.51474532e-03,  4.21857499e-02,  1.99973192e-02,
       -3.15776244e-02,  1.52012389e-02,  5.90623030e-03,  2.76174415e-02,
        4.75452244e-02, -4.40943912e-02,  3.87954749e-02, -1.49968555e-02,
       -2.74024457e-02, -1.83381680e-02, -2.72733327e-02,  1.36487428e-02,
       -2.29704306e-02, -1.45806819e-02, -3.77974845e-02,  3.84288165e-03,
        1.00058364e-02, -1.88350044e-02, -2.21639220e-02,  1.02848299e-02,
       -4.52034213e-02,  2.74510607e-02,  3.26689519e-02, -1.02926297e-02,
        3.87237631e-02, -1.56772602e-02,  4.88224514e-02,  3.28329615e-02,
       -7.97319226e-03,  3.06960400e-02,  1.18538942e-02,  3.43163460e-02,
       -3.23039740e-02, -1.19400667e-02, -5.77591872e-03, -3.67298461e-02,
        2.01405305e-02,  3.41918953e-02,  3.40777338e-02,  1.67742278e-02,
       -2.06644344e-03,  2.01285239e-02,  5.84039465e-02, -1.32866558e-02,
       -4.53824475e-02, -2.41626916e-03, -2.55747996e-02,  4.54620235e-02,
       -2.90671848e-02,  1.60904620e-02,  1.51128182e-02, -2.49123443e-02,
        4.33607027e-02,  2.09148247e-02,  1.90715957e-02, -5.21378219e-03,
        2.08376683e-02, -7.08700391e-03,  2.97265183e-02,  1.31924497e-02],
      dtype=float32), 'decoder.6.weight': array([[ 0.04318967,  0.00587241,  0.00826629, ..., -0.04387647,
         0.00408877,  0.04774169],
       [ 0.02498501, -0.02697027,  0.01098181, ..., -0.02099276,
         0.02116903,  0.04999388],
       [-0.00923499, -0.01264512,  0.0096201 , ..., -0.02090565,
         0.00420018,  0.02612567],
       ...,
       [ 0.023706  ,  0.01608156, -0.04272722, ...,  0.0150913 ,
         0.02441534, -0.00475042],
       [ 0.03942348,  0.02379151,  0.04014432, ...,  0.04286227,
         0.01274856,  0.00477042],
       [-0.04067772, -0.02138139,  0.00552232, ..., -0.01637441,
         0.01212354, -0.01758313]], dtype=float32), 'decoder.6.bias': array([-0.0481874 , -0.0122686 , -0.02088082, ...,  0.03323876,
       -0.01055349,  0.02410893], dtype=float32)}, False]
[Time: 08.01.25 16:35:24] [Level: info] transition: terminal
[Time: 08.01.25 16:35:24] [Level: info] Traceback (most recent call last):
  File "/root/.local/lib/python3.8/site-packages/FeatureCloud/app/engine/app.py", line 252, in guarded_run
    self.run()
  File "/root/.local/lib/python3.8/site-packages/FeatureCloud/app/engine/app.py", line 273, in run
    self.transition(f'{self.current_state.name}_{transition}')
  File "/root/.local/lib/python3.8/site-packages/FeatureCloud/app/engine/app.py", line 468, in transition
    self.log(f'transition {name} not found', level=LogLevel.FATAL)
  File "/root/.local/lib/python3.8/site-packages/FeatureCloud/app/engine/app.py", line 495, in log
    raise RuntimeError(msg)
RuntimeError: [Time: 08.01.25 16:35:24] [Level: fatal] transition compute_terminal not found
