2025-01-07 10:25:18,057 CRIT Supervisor is running as root.  Privileges were not dropped because no user is specified in the config file.  If you intend to run as root, you can set user=root in the config file to avoid this message.
2025-01-07 10:25:18,061 INFO supervisord started with pid 7
2025-01-07 10:25:19,065 INFO spawned: 'app' with pid 8
2025-01-07 10:25:19,070 INFO spawned: 'nginx' with pid 9
2025-01-07 10:25:20,098 INFO success: app entered RUNNING state, process has stayed up for > than 1 seconds (startsecs)
2025-01-07 10:25:20,098 INFO success: nginx entered RUNNING state, process has stayed up for > than 1 seconds (startsecs)
Bottle v0.13.2 server starting up (using WSGIRefServer())...
Listening on http://localhost:5000/
Hit Ctrl-C to quit.

[CTRL] POST /setup
[Time: 07.01.25 10:25:25] [Level: info] id: 747d0117d4fe4a08
[Time: 07.01.25 10:25:25] [Level: info] coordinator: True
[Time: 07.01.25 10:25:25] [Level: info] clients: ['747d0117d4fe4a08', '1897a3f603e91384']
[Time: 07.01.25 10:25:25] [Level: info] state: initial
[Time: 07.01.25 10:25:25] [Level: info] [State: initial] Reading configuration file...
[Time: 07.01.25 10:25:25] [Level: info] [State: initial] Initializing: Setting iteration to 0, setting max_iterations to 3...
127.0.0.1 - - [07/Jan/2025 10:25:25] "POST /api/setup HTTP/1.0" 200 0
[Time: 07.01.25 10:25:25] [Level: info] [State: initial] Done reading configuration file.
[Time: 07.01.25 10:25:25] [Level: info] [State: initial] Max Iterations: 10
[Time: 07.01.25 10:25:25] [Level: info] [State: initial] Reading training data...
127.0.0.1 - - [07/Jan/2025 10:25:25] "GET /api/status HTTP/1.0" 200 155
[Time: 07.01.25 10:25:25] [Level: info] Traceback (most recent call last):
  File "/root/.local/lib/python3.8/site-packages/FeatureCloud/app/engine/app.py", line 252, in guarded_run
    self.run()
  File "/root/.local/lib/python3.8/site-packages/FeatureCloud/app/engine/app.py", line 271, in run
    transition = self.current_state.run()
  File "/app/states.py", line 42, in run
    df = pd.read_csv(f'{INPUT_DIR}/{input_file}', input_sep)
TypeError: read_csv() takes 1 positional argument but 2 were given

127.0.0.1 - - [07/Jan/2025 10:25:28] "GET /api/status HTTP/1.0" 200 159
