2025-01-07 19:56:17,934 CRIT Supervisor is running as root.  Privileges were not dropped because no user is specified in the config file.  If you intend to run as root, you can set user=root in the config file to avoid this message.
2025-01-07 19:56:17,936 INFO supervisord started with pid 7
2025-01-07 19:56:18,939 INFO spawned: 'app' with pid 8
2025-01-07 19:56:18,941 INFO spawned: 'nginx' with pid 9
2025-01-07 19:56:19,961 INFO success: app entered RUNNING state, process has stayed up for > than 1 seconds (startsecs)
2025-01-07 19:56:19,961 INFO success: nginx entered RUNNING state, process has stayed up for > than 1 seconds (startsecs)
Bottle v0.13.2 server starting up (using WSGIRefServer())...
Listening on http://localhost:5000/
Hit Ctrl-C to quit.

[CTRL] POST /setup
[Time: 07.01.25 19:56:24] [Level: info] id: c8f0acaad752fedd
[Time: 07.01.25 19:56:24] [Level: info] coordinator: True
[Time: 07.01.25 19:56:24] [Level: info] clients: ['5002f3129b925826', 'c8f0acaad752fedd']
[Time: 07.01.25 19:56:24] [Level: info] state: initial
[Time: 07.01.25 19:56:24] [Level: info] [State: initial] Reading configuration file...
127.0.0.1 - - [07/Jan/2025 19:56:24] "POST /api/setup HTTP/1.0" 200 0
[Time: 07.01.25 19:56:24] [Level: info] [State: initial] Initializing: Setting iteration to 0, setting max_iterations to 3...
[Time: 07.01.25 19:56:24] [Level: info] [State: initial] Done reading configuration file.
[Time: 07.01.25 19:56:24] [Level: info] [State: initial] Max Iterations: 10
[Time: 07.01.25 19:56:24] [Level: info] [State: initial] Reading training data...
[Time: 07.01.25 19:56:24] [Level: info] transition: compute
127.0.0.1 - - [07/Jan/2025 19:56:24] "GET /api/status HTTP/1.0" 200 156
[CTRL] GET /data
127.0.0.1 - - [07/Jan/2025 19:56:24] "GET /api/data HTTP/1.0" 200 190
[Time: 07.01.25 19:56:25] [Level: info] state: compute
[Time: 07.01.25 19:56:25] [Level: info] [State: compute] ITERATION 1
[Time: 07.01.25 19:56:25] [Level: info] [State: compute] Loading global model...
[Time: 07.01.25 19:56:25] [Level: info] [State: compute] Fitting model...
[Time: 07.01.25 19:56:25] [Level: info] [State: compute] Scoring model...
[Time: 07.01.25 19:56:25] [Level: info] [State: compute] Score is: 0.996262943324241
[Time: 07.01.25 19:56:25] [Level: info] [State: compute] Sent coefficient: 2.4770113386438486 and intercept: 11.075480787733724
[Time: 07.01.25 19:56:25] [Level: info] transition: aggregate
[Time: 07.01.25 19:56:26] [Level: info] state: aggregate
[Time: 07.01.25 19:56:26] [Level: info] [State: aggregate] Waitig for local models...
127.0.0.1 - - [07/Jan/2025 19:56:27] "GET /api/status HTTP/1.0" 200 157
[CTRL] POST /data
127.0.0.1 - - [07/Jan/2025 19:56:29] "POST /api/data?client=5002f3129b925826&memo=GATHERROUND1 HTTP/1.0" 200 0
[Time: 07.01.25 19:56:29] [Level: info] [State: aggregate] Aggregating models...
[Time: 07.01.25 19:56:29] [Level: info] [State: aggregate] Broadcasting model...
[Time: 07.01.25 19:56:29] [Level: info] transition: compute
127.0.0.1 - - [07/Jan/2025 19:56:30] "GET /api/status HTTP/1.0" 200 158
[CTRL] GET /data
127.0.0.1 - - [07/Jan/2025 19:56:30] "GET /api/data HTTP/1.0" 200 140
[Time: 07.01.25 19:56:30] [Level: info] state: compute
[Time: 07.01.25 19:56:30] [Level: info] [State: compute] ITERATION 2
[Time: 07.01.25 19:56:30] [Level: info] [State: compute] Loading global model...
[Time: 07.01.25 19:56:30] [Level: info] [State: compute] Fitting model...
[Time: 07.01.25 19:56:30] [Level: info] [State: compute] Scoring model...
[Time: 07.01.25 19:56:30] [Level: info] [State: compute] Score is: 0.996262943324241
[Time: 07.01.25 19:56:30] [Level: info] [State: compute] Sent coefficient: 2.4770113386438486 and intercept: 11.075480787733724
[Time: 07.01.25 19:56:30] [Level: info] transition: aggregate
[Time: 07.01.25 19:56:31] [Level: info] state: aggregate
[Time: 07.01.25 19:56:31] [Level: info] [State: aggregate] Waitig for local models...
[CTRL] POST /data
127.0.0.1 - - [07/Jan/2025 19:56:32] "POST /api/data?client=5002f3129b925826&memo=GATHERROUND2 HTTP/1.0" 200 0
[Time: 07.01.25 19:56:32] [Level: info] [State: aggregate] Aggregating models...
[Time: 07.01.25 19:56:32] [Level: info] [State: aggregate] Broadcasting model...
[Time: 07.01.25 19:56:32] [Level: info] transition: compute
127.0.0.1 - - [07/Jan/2025 19:56:33] "GET /api/status HTTP/1.0" 200 158
[CTRL] GET /data
127.0.0.1 - - [07/Jan/2025 19:56:33] "GET /api/data HTTP/1.0" 200 140
[Time: 07.01.25 19:56:33] [Level: info] state: compute
[Time: 07.01.25 19:56:33] [Level: info] [State: compute] ITERATION 3
[Time: 07.01.25 19:56:33] [Level: info] [State: compute] Loading global model...
[Time: 07.01.25 19:56:33] [Level: info] [State: compute] Fitting model...
[Time: 07.01.25 19:56:33] [Level: info] [State: compute] Scoring model...
[Time: 07.01.25 19:56:33] [Level: info] [State: compute] Score is: 0.996262943324241
[Time: 07.01.25 19:56:33] [Level: info] [State: compute] Sent coefficient: 2.4770113386438486 and intercept: 11.075480787733724
[Time: 07.01.25 19:56:33] [Level: info] transition: aggregate
[Time: 07.01.25 19:56:34] [Level: info] state: aggregate
[Time: 07.01.25 19:56:34] [Level: info] [State: aggregate] Waitig for local models...
[CTRL] POST /data
127.0.0.1 - - [07/Jan/2025 19:56:35] "POST /api/data?client=5002f3129b925826&memo=GATHERROUND3 HTTP/1.0" 200 0
[Time: 07.01.25 19:56:35] [Level: info] [State: aggregate] Aggregating models...
[Time: 07.01.25 19:56:35] [Level: info] [State: aggregate] Broadcasting model...
[Time: 07.01.25 19:56:35] [Level: info] transition: compute
127.0.0.1 - - [07/Jan/2025 19:56:36] "GET /api/status HTTP/1.0" 200 158
[CTRL] GET /data
127.0.0.1 - - [07/Jan/2025 19:56:36] "GET /api/data HTTP/1.0" 200 140
[Time: 07.01.25 19:56:36] [Level: info] state: compute
[Time: 07.01.25 19:56:36] [Level: info] [State: compute] ITERATION 4
[Time: 07.01.25 19:56:36] [Level: info] [State: compute] Loading global model...
[Time: 07.01.25 19:56:36] [Level: info] [State: compute] Fitting model...
[Time: 07.01.25 19:56:36] [Level: info] [State: compute] Scoring model...
[Time: 07.01.25 19:56:36] [Level: info] [State: compute] Score is: 0.996262943324241
[Time: 07.01.25 19:56:36] [Level: info] [State: compute] Sent coefficient: 2.4770113386438486 and intercept: 11.075480787733724
[Time: 07.01.25 19:56:36] [Level: info] transition: aggregate
[Time: 07.01.25 19:56:37] [Level: info] state: aggregate
[Time: 07.01.25 19:56:37] [Level: info] [State: aggregate] Waitig for local models...
[CTRL] POST /data
127.0.0.1 - - [07/Jan/2025 19:56:38] "POST /api/data?client=5002f3129b925826&memo=GATHERROUND4 HTTP/1.0" 200 0
[Time: 07.01.25 19:56:38] [Level: info] [State: aggregate] Aggregating models...
[Time: 07.01.25 19:56:38] [Level: info] [State: aggregate] Broadcasting model...
[Time: 07.01.25 19:56:38] [Level: info] transition: compute
127.0.0.1 - - [07/Jan/2025 19:56:39] "GET /api/status HTTP/1.0" 200 158
[CTRL] GET /data
127.0.0.1 - - [07/Jan/2025 19:56:39] "GET /api/data HTTP/1.0" 200 140
[Time: 07.01.25 19:56:39] [Level: info] state: compute
[Time: 07.01.25 19:56:39] [Level: info] [State: compute] ITERATION 5
[Time: 07.01.25 19:56:39] [Level: info] [State: compute] Loading global model...
[Time: 07.01.25 19:56:39] [Level: info] [State: compute] Fitting model...
[Time: 07.01.25 19:56:39] [Level: info] [State: compute] Scoring model...
[Time: 07.01.25 19:56:39] [Level: info] [State: compute] Score is: 0.996262943324241
[Time: 07.01.25 19:56:39] [Level: info] [State: compute] Sent coefficient: 2.4770113386438486 and intercept: 11.075480787733724
[Time: 07.01.25 19:56:39] [Level: info] transition: aggregate
[Time: 07.01.25 19:56:40] [Level: info] state: aggregate
[Time: 07.01.25 19:56:40] [Level: info] [State: aggregate] Waitig for local models...
[CTRL] POST /data
127.0.0.1 - - [07/Jan/2025 19:56:41] "POST /api/data?client=5002f3129b925826&memo=GATHERROUND5 HTTP/1.0" 200 0
[Time: 07.01.25 19:56:41] [Level: info] [State: aggregate] Aggregating models...
[Time: 07.01.25 19:56:41] [Level: info] [State: aggregate] Broadcasting model...
[Time: 07.01.25 19:56:41] [Level: info] transition: compute
127.0.0.1 - - [07/Jan/2025 19:56:42] "GET /api/status HTTP/1.0" 200 158
[CTRL] GET /data
127.0.0.1 - - [07/Jan/2025 19:56:42] "GET /api/data HTTP/1.0" 200 140
[Time: 07.01.25 19:56:42] [Level: info] state: compute
[Time: 07.01.25 19:56:42] [Level: info] [State: compute] ITERATION 6
[Time: 07.01.25 19:56:42] [Level: info] [State: compute] Loading global model...
[Time: 07.01.25 19:56:42] [Level: info] [State: compute] Fitting model...
[Time: 07.01.25 19:56:42] [Level: info] [State: compute] Scoring model...
[Time: 07.01.25 19:56:42] [Level: info] [State: compute] Score is: 0.996262943324241
[Time: 07.01.25 19:56:42] [Level: info] [State: compute] Sent coefficient: 2.4770113386438486 and intercept: 11.075480787733724
[Time: 07.01.25 19:56:42] [Level: info] transition: aggregate
[Time: 07.01.25 19:56:43] [Level: info] state: aggregate
[Time: 07.01.25 19:56:43] [Level: info] [State: aggregate] Waitig for local models...
[CTRL] POST /data
127.0.0.1 - - [07/Jan/2025 19:56:44] "POST /api/data?client=5002f3129b925826&memo=GATHERROUND6 HTTP/1.0" 200 0
[Time: 07.01.25 19:56:44] [Level: info] [State: aggregate] Aggregating models...
[Time: 07.01.25 19:56:44] [Level: info] [State: aggregate] Broadcasting model...
[Time: 07.01.25 19:56:44] [Level: info] transition: compute
127.0.0.1 - - [07/Jan/2025 19:56:45] "GET /api/status HTTP/1.0" 200 158
[CTRL] GET /data
127.0.0.1 - - [07/Jan/2025 19:56:45] "GET /api/data HTTP/1.0" 200 140
[Time: 07.01.25 19:56:45] [Level: info] state: compute
[Time: 07.01.25 19:56:45] [Level: info] [State: compute] ITERATION 7
[Time: 07.01.25 19:56:45] [Level: info] [State: compute] Loading global model...
[Time: 07.01.25 19:56:45] [Level: info] [State: compute] Fitting model...
[Time: 07.01.25 19:56:45] [Level: info] [State: compute] Scoring model...
[Time: 07.01.25 19:56:45] [Level: info] [State: compute] Score is: 0.996262943324241
[Time: 07.01.25 19:56:45] [Level: info] [State: compute] Sent coefficient: 2.4770113386438486 and intercept: 11.075480787733724
[Time: 07.01.25 19:56:45] [Level: info] transition: aggregate
[Time: 07.01.25 19:56:46] [Level: info] state: aggregate
[Time: 07.01.25 19:56:46] [Level: info] [State: aggregate] Waitig for local models...
[CTRL] POST /data
127.0.0.1 - - [07/Jan/2025 19:56:47] "POST /api/data?client=5002f3129b925826&memo=GATHERROUND7 HTTP/1.0" 200 0
[Time: 07.01.25 19:56:47] [Level: info] [State: aggregate] Aggregating models...
[Time: 07.01.25 19:56:47] [Level: info] [State: aggregate] Broadcasting model...
[Time: 07.01.25 19:56:47] [Level: info] transition: compute
127.0.0.1 - - [07/Jan/2025 19:56:48] "GET /api/status HTTP/1.0" 200 158
[CTRL] GET /data
127.0.0.1 - - [07/Jan/2025 19:56:48] "GET /api/data HTTP/1.0" 200 140
[Time: 07.01.25 19:56:48] [Level: info] state: compute
[Time: 07.01.25 19:56:48] [Level: info] [State: compute] ITERATION 8
[Time: 07.01.25 19:56:48] [Level: info] [State: compute] Loading global model...
[Time: 07.01.25 19:56:48] [Level: info] [State: compute] Fitting model...
[Time: 07.01.25 19:56:48] [Level: info] [State: compute] Scoring model...
[Time: 07.01.25 19:56:48] [Level: info] [State: compute] Score is: 0.996262943324241
[Time: 07.01.25 19:56:48] [Level: info] [State: compute] Sent coefficient: 2.4770113386438486 and intercept: 11.075480787733724
[Time: 07.01.25 19:56:48] [Level: info] transition: aggregate
[Time: 07.01.25 19:56:49] [Level: info] state: aggregate
[Time: 07.01.25 19:56:49] [Level: info] [State: aggregate] Waitig for local models...
[CTRL] POST /data
127.0.0.1 - - [07/Jan/2025 19:56:50] "POST /api/data?client=5002f3129b925826&memo=GATHERROUND8 HTTP/1.0" 200 0
[Time: 07.01.25 19:56:50] [Level: info] [State: aggregate] Aggregating models...
[Time: 07.01.25 19:56:50] [Level: info] [State: aggregate] Broadcasting model...
[Time: 07.01.25 19:56:50] [Level: info] transition: compute
127.0.0.1 - - [07/Jan/2025 19:56:51] "GET /api/status HTTP/1.0" 200 158
[CTRL] GET /data
127.0.0.1 - - [07/Jan/2025 19:56:51] "GET /api/data HTTP/1.0" 200 140
[Time: 07.01.25 19:56:51] [Level: info] state: compute
[Time: 07.01.25 19:56:51] [Level: info] [State: compute] ITERATION 9
[Time: 07.01.25 19:56:51] [Level: info] [State: compute] Loading global model...
[Time: 07.01.25 19:56:51] [Level: info] [State: compute] Fitting model...
[Time: 07.01.25 19:56:51] [Level: info] [State: compute] Scoring model...
[Time: 07.01.25 19:56:51] [Level: info] [State: compute] Score is: 0.996262943324241
[Time: 07.01.25 19:56:51] [Level: info] [State: compute] Sent coefficient: 2.4770113386438486 and intercept: 11.075480787733724
[Time: 07.01.25 19:56:51] [Level: info] transition: aggregate
[Time: 07.01.25 19:56:52] [Level: info] state: aggregate
[Time: 07.01.25 19:56:52] [Level: info] [State: aggregate] Waitig for local models...
[CTRL] POST /data
127.0.0.1 - - [07/Jan/2025 19:56:53] "POST /api/data?client=5002f3129b925826&memo=GATHERROUND9 HTTP/1.0" 200 0
[Time: 07.01.25 19:56:53] [Level: info] [State: aggregate] Aggregating models...
[Time: 07.01.25 19:56:53] [Level: info] [State: aggregate] Broadcasting model...
[Time: 07.01.25 19:56:53] [Level: info] transition: compute
127.0.0.1 - - [07/Jan/2025 19:56:54] "GET /api/status HTTP/1.0" 200 158
[CTRL] GET /data
127.0.0.1 - - [07/Jan/2025 19:56:54] "GET /api/data HTTP/1.0" 200 140
[Time: 07.01.25 19:56:54] [Level: info] state: compute
[Time: 07.01.25 19:56:54] [Level: info] [State: compute] ITERATION 10
[Time: 07.01.25 19:56:54] [Level: info] [State: compute] Loading global model...
[Time: 07.01.25 19:56:54] [Level: info] [State: compute] Fitting model...
[Time: 07.01.25 19:56:54] [Level: info] [State: compute] Scoring model...
[Time: 07.01.25 19:56:54] [Level: info] [State: compute] Score is: 0.996262943324241
[Time: 07.01.25 19:56:54] [Level: info] [State: compute] Sent coefficient: 2.4770113386438486 and intercept: 11.075480787733724
[Time: 07.01.25 19:56:54] [Level: info] transition: aggregate
[Time: 07.01.25 19:56:55] [Level: info] state: aggregate
[Time: 07.01.25 19:56:55] [Level: info] [State: aggregate] Waitig for local models...
[CTRL] POST /data
127.0.0.1 - - [07/Jan/2025 19:56:56] "POST /api/data?client=5002f3129b925826&memo=GATHERROUND10 HTTP/1.0" 200 0
[Time: 07.01.25 19:56:56] [Level: info] [State: aggregate] Aggregating models...
[Time: 07.01.25 19:56:56] [Level: info] [State: aggregate] Broadcasting model...
[Time: 07.01.25 19:56:56] [Level: info] transition: compute
127.0.0.1 - - [07/Jan/2025 19:56:57] "GET /api/status HTTP/1.0" 200 158
[CTRL] GET /data
127.0.0.1 - - [07/Jan/2025 19:56:57] "GET /api/data HTTP/1.0" 200 140
[Time: 07.01.25 19:56:57] [Level: info] state: compute
[Time: 07.01.25 19:56:57] [Level: info] [State: compute] ITERATION 11
[Time: 07.01.25 19:56:57] [Level: info] transition: write
[Time: 07.01.25 19:56:58] [Level: info] state: write
[Time: 07.01.25 19:56:58] [Level: info] [State: write] Predicting data...
[Time: 07.01.25 19:56:58] [Level: info] transition: terminal
127.0.0.1 - - [07/Jan/2025 19:57:00] "GET /api/status HTTP/1.0" 200 156
127.0.0.1 - - [07/Jan/2025 19:57:03] "GET /api/status HTTP/1.0" 200 156
127.0.0.1 - - [07/Jan/2025 19:57:06] "GET /api/status HTTP/1.0" 200 156
127.0.0.1 - - [07/Jan/2025 19:57:09] "GET /api/status HTTP/1.0" 200 154
