2025-01-05 20:22:08,222 CRIT Supervisor is running as root.  Privileges were not dropped because no user is specified in the config file.  If you intend to run as root, you can set user=root in the config file to avoid this message.
2025-01-05 20:22:08,226 INFO supervisord started with pid 7
2025-01-05 20:22:09,230 INFO spawned: 'app' with pid 8
2025-01-05 20:22:09,234 INFO spawned: 'nginx' with pid 9
Bottle v0.13.2 server starting up (using WSGIRefServer())...
Listening on http://localhost:5000/
Hit Ctrl-C to quit.

2025-01-05 20:22:10,752 INFO success: app entered RUNNING state, process has stayed up for > than 1 seconds (startsecs)
2025-01-05 20:22:10,752 INFO success: nginx entered RUNNING state, process has stayed up for > than 1 seconds (startsecs)
[CTRL] POST /setup
[Time: 05.01.25 20:22:14] [Level: info] id: c7737fe85934a808
[Time: 05.01.25 20:22:14] [Level: info] coordinator: True
[Time: 05.01.25 20:22:14] [Level: info] clients: ['c7737fe85934a808', '95eca465cc8b9f72']
[Time: 05.01.25 20:22:14] [Level: info] state: initial
[Time: 05.01.25 20:22:14] [Level: info] [State: initial] Reading configuration file...
127.0.0.1 - - [05/Jan/2025 20:22:14] "POST /api/setup HTTP/1.0" 200 0
[Time: 05.01.25 20:22:14] [Level: info] Traceback (most recent call last):
  File "/root/.local/lib/python3.8/site-packages/FeatureCloud/app/engine/app.py", line 252, in guarded_run
    self.run()
  File "/root/.local/lib/python3.8/site-packages/FeatureCloud/app/engine/app.py", line 271, in run
    transition = self.current_state.run()
  File "/app/states.py", line 22, in run
    config = bios.read(f'{INPUT_DIR}/config.yml')
  File "/root/.local/lib/python3.8/site-packages/bios/base.py", line 54, in read
    return read_functions[file_type](file_name, delimiter)
  File "/root/.local/lib/python3.8/site-packages/bios/base.py", line 47, in read_yaml
    return io_object.read(file_name)
127.0.0.1 - - [05/Jan/2025 20:22:14] "GET /api/status HTTP/1.0" 200 155
  File "/root/.local/lib/python3.8/site-packages/bios/operations/yaml_io.py", line 7, in read
    f = open(file_name, "r")
FileNotFoundError: [Errno 2] No such file or directory: '/mnt/input/config.yml'

127.0.0.1 - - [05/Jan/2025 20:22:17] "GET /api/status HTTP/1.0" 200 167
