2025-01-27 18:00:57,716 CRIT Supervisor is running as root.  Privileges were not dropped because no user is specified in the config file.  If you intend to run as root, you can set user=root in the config file to avoid this message.
2025-01-27 18:00:57,718 INFO supervisord started with pid 7
2025-01-27 18:00:58,721 INFO spawned: 'nginx' with pid 10
2025-01-27 18:00:58,723 INFO spawned: 'app' with pid 11
2025-01-27 18:00:59,752 INFO success: nginx entered RUNNING state, process has stayed up for > than 1 seconds (startsecs)
2025-01-27 18:00:59,752 INFO success: app entered RUNNING state, process has stayed up for > than 1 seconds (startsecs)
Bottle v0.13.2 server starting up (using WSGIRefServer())...
Listening on http://localhost:5000/
Hit Ctrl-C to quit.

[CTRL] POST /setup
[Time: 27.01.25 18:01:05] [Level: info] id: bdb115e0a3b93cc8
[Time: 27.01.25 18:01:05] [Level: info] coordinator: False
[Time: 27.01.25 18:01:05] [Level: info] clients: ['e2134fe2c01468bf', 'c7b146834e6aaa36', 'bdb115e0a3b93cc8']
[Time: 27.01.25 18:01:05] [Level: info] state: initial
[Time: 27.01.25 18:01:05] [Level: info] [State: initial] Reading configuration file...
127.0.0.1 - - [27/Jan/2025 18:01:05] "POST /api/setup HTTP/1.0" 200 0
[Time: 27.01.25 18:01:05] [Level: info] [State: initial] Initializing: Setting iteration to 0, setting max_iterations...
[Time: 27.01.25 18:01:05] [Level: info] [State: initial] Done reading configuration file.
[Time: 27.01.25 18:01:05] [Level: info] [State: initial] Max Iterations: 5
[Time: 27.01.25 18:01:05] [Level: info] [State: initial] Reading training data...
127.0.0.1 - - [27/Jan/2025 18:01:05] "GET /api/status HTTP/1.0" 200 155
[Time: 27.01.25 18:01:06] [Level: info] [State: initial] Initializing pre-trained model...
[Time: 27.01.25 18:01:06] [Level: info] [State: initial] INITIAL input_dim: $10564
[Time: 27.01.25 18:01:06] [Level: info] [State: initial] Initializing cluster centers...
/usr/local/lib/python3.8/site-packages/sklearn/cluster/_kmeans.py:1416: FutureWarning: The default value of `n_init` will change from 10 to 'auto' in 1.4. Set the value of `n_init` explicitly to suppress the warning
  super()._check_params_vs_input(X, default_n_init=10)
127.0.0.1 - - [27/Jan/2025 18:01:07] "GET /api/status HTTP/1.0" 200 155
[Time: 27.01.25 18:01:07] [Level: info] Traceback (most recent call last):
  File "/usr/local/lib/python3.8/site-packages/FeatureCloud/app/engine/app.py", line 252, in guarded_run
    self.run()
  File "/usr/local/lib/python3.8/site-packages/FeatureCloud/app/engine/app.py", line 271, in run
    transition = self.current_state.run()
  File "/app/states.py", line 93, in run
    clustering_layer.cluster_centers.data = initial_cluster_centers
UnboundLocalError: local variable 'clustering_layer' referenced before assignment

127.0.0.1 - - [27/Jan/2025 18:01:09] "GET /api/status HTTP/1.0" 200 167
