2025-01-07 10:12:57,725 CRIT Supervisor is running as root.  Privileges were not dropped because no user is specified in the config file.  If you intend to run as root, you can set user=root in the config file to avoid this message.
2025-01-07 10:12:57,728 INFO supervisord started with pid 7
2025-01-07 10:12:58,731 INFO spawned: 'app' with pid 8
2025-01-07 10:12:58,735 INFO spawned: 'nginx' with pid 9
2025-01-07 10:12:59,768 INFO success: app entered RUNNING state, process has stayed up for > than 1 seconds (startsecs)
2025-01-07 10:12:59,768 INFO success: nginx entered RUNNING state, process has stayed up for > than 1 seconds (startsecs)
Traceback (most recent call last):
  File "/app/main.py", line 8, in <module>
    import states
  File "/app/states.py", line 8, in <module>
    import torch
ModuleNotFoundError: No module named 'torch'
2025-01-07 10:13:01,056 WARN exited: app (exit status 1; not expected)
2025-01-07 10:13:02,059 INFO spawned: 'app' with pid 45
2025-01-07 10:13:03,062 INFO success: app entered RUNNING state, process has stayed up for > than 1 seconds (startsecs)
Traceback (most recent call last):
  File "/app/main.py", line 8, in <module>
    import states
  File "/app/states.py", line 8, in <module>
    import torch
ModuleNotFoundError: No module named 'torch'
2025-01-07 10:13:04,306 WARN exited: app (exit status 1; not expected)
2025-01-07 10:13:05,310 INFO spawned: 'app' with pid 69
2025-01-07 10:13:06,312 INFO success: app entered RUNNING state, process has stayed up for > than 1 seconds (startsecs)
Traceback (most recent call last):
  File "/app/main.py", line 8, in <module>
    import states
  File "/app/states.py", line 8, in <module>
    import torch
ModuleNotFoundError: No module named 'torch'
2025-01-07 10:13:07,129 WARN exited: app (exit status 1; not expected)
2025-01-07 10:13:08,134 INFO spawned: 'app' with pid 93
2025-01-07 10:13:09,136 INFO success: app entered RUNNING state, process has stayed up for > than 1 seconds (startsecs)
Traceback (most recent call last):
  File "/app/main.py", line 8, in <module>
    import states
  File "/app/states.py", line 8, in <module>
    import torch
ModuleNotFoundError: No module named 'torch'
2025-01-07 10:13:09,488 WARN exited: app (exit status 1; not expected)
2025-01-07 10:13:10,490 INFO spawned: 'app' with pid 117
2025-01-07 10:13:11,492 INFO success: app entered RUNNING state, process has stayed up for > than 1 seconds (startsecs)
Traceback (most recent call last):
  File "/app/main.py", line 8, in <module>
    import states
  File "/app/states.py", line 8, in <module>
    import torch
ModuleNotFoundError: No module named 'torch'
2025-01-07 10:13:11,851 WARN exited: app (exit status 1; not expected)
2025-01-07 10:13:12,854 INFO spawned: 'app' with pid 141
2025-01-07 10:13:13,856 INFO success: app entered RUNNING state, process has stayed up for > than 1 seconds (startsecs)
Traceback (most recent call last):
  File "/app/main.py", line 8, in <module>
    import states
  File "/app/states.py", line 8, in <module>
    import torch
ModuleNotFoundError: No module named 'torch'
2025-01-07 10:13:14,641 WARN exited: app (exit status 1; not expected)
2025-01-07 10:13:15,646 INFO spawned: 'app' with pid 165
2025-01-07 10:13:16,648 INFO success: app entered RUNNING state, process has stayed up for > than 1 seconds (startsecs)
Traceback (most recent call last):
  File "/app/main.py", line 8, in <module>
    import states
  File "/app/states.py", line 8, in <module>
    import torch
ModuleNotFoundError: No module named 'torch'
2025-01-07 10:13:17,187 WARN exited: app (exit status 1; not expected)
2025-01-07 10:13:18,191 INFO spawned: 'app' with pid 189
2025-01-07 10:13:19,193 INFO success: app entered RUNNING state, process has stayed up for > than 1 seconds (startsecs)
Traceback (most recent call last):
  File "/app/main.py", line 8, in <module>
    import states
  File "/app/states.py", line 8, in <module>
    import torch
ModuleNotFoundError: No module named 'torch'
2025-01-07 10:13:19,525 WARN exited: app (exit status 1; not expected)
2025-01-07 10:13:20,527 INFO spawned: 'app' with pid 213
2025-01-07 10:13:21,528 INFO success: app entered RUNNING state, process has stayed up for > than 1 seconds (startsecs)
Traceback (most recent call last):
  File "/app/main.py", line 8, in <module>
    import states
  File "/app/states.py", line 8, in <module>
    import torch
ModuleNotFoundError: No module named 'torch'
2025-01-07 10:13:21,905 WARN exited: app (exit status 1; not expected)
2025-01-07 10:13:22,909 INFO spawned: 'app' with pid 237
2025-01-07 10:13:23,911 INFO success: app entered RUNNING state, process has stayed up for > than 1 seconds (startsecs)
Traceback (most recent call last):
  File "/app/main.py", line 8, in <module>
    import states
  File "/app/states.py", line 8, in <module>
    import torch
ModuleNotFoundError: No module named 'torch'
2025-01-07 10:13:24,659 WARN exited: app (exit status 1; not expected)
2025-01-07 10:13:25,662 INFO spawned: 'app' with pid 261
2025-01-07 10:13:26,664 INFO success: app entered RUNNING state, process has stayed up for > than 1 seconds (startsecs)
Traceback (most recent call last):
  File "/app/main.py", line 8, in <module>
    import states
  File "/app/states.py", line 8, in <module>
    import torch
ModuleNotFoundError: No module named 'torch'
2025-01-07 10:13:27,419 WARN exited: app (exit status 1; not expected)
2025-01-07 10:13:28,422 INFO spawned: 'app' with pid 285
2025-01-07 10:13:29,424 INFO success: app entered RUNNING state, process has stayed up for > than 1 seconds (startsecs)
Traceback (most recent call last):
  File "/app/main.py", line 8, in <module>
    import states
  File "/app/states.py", line 8, in <module>
    import torch
ModuleNotFoundError: No module named 'torch'
2025-01-07 10:13:30,262 WARN exited: app (exit status 1; not expected)
2025-01-07 10:13:31,265 INFO spawned: 'app' with pid 309
2025-01-07 10:13:32,267 INFO success: app entered RUNNING state, process has stayed up for > than 1 seconds (startsecs)
Traceback (most recent call last):
  File "/app/main.py", line 8, in <module>
    import states
  File "/app/states.py", line 8, in <module>
    import torch
ModuleNotFoundError: No module named 'torch'
2025-01-07 10:13:32,817 WARN exited: app (exit status 1; not expected)
2025-01-07 10:13:33,820 INFO spawned: 'app' with pid 333
2025-01-07 10:13:34,822 INFO success: app entered RUNNING state, process has stayed up for > than 1 seconds (startsecs)
Traceback (most recent call last):
  File "/app/main.py", line 8, in <module>
    import states
  File "/app/states.py", line 8, in <module>
    import torch
ModuleNotFoundError: No module named 'torch'
2025-01-07 10:13:35,480 WARN exited: app (exit status 1; not expected)
2025-01-07 10:13:36,483 INFO spawned: 'app' with pid 357
2025-01-07 10:13:37,485 INFO success: app entered RUNNING state, process has stayed up for > than 1 seconds (startsecs)
Traceback (most recent call last):
  File "/app/main.py", line 8, in <module>
    import states
  File "/app/states.py", line 8, in <module>
    import torch
ModuleNotFoundError: No module named 'torch'
2025-01-07 10:13:38,211 WARN exited: app (exit status 1; not expected)
2025-01-07 10:13:39,215 INFO spawned: 'app' with pid 381
2025-01-07 10:13:40,217 INFO success: app entered RUNNING state, process has stayed up for > than 1 seconds (startsecs)
Traceback (most recent call last):
  File "/app/main.py", line 8, in <module>
    import states
  File "/app/states.py", line 8, in <module>
    import torch
ModuleNotFoundError: No module named 'torch'
2025-01-07 10:13:40,907 WARN exited: app (exit status 1; not expected)
2025-01-07 10:13:41,912 INFO spawned: 'app' with pid 405
2025-01-07 10:13:42,914 INFO success: app entered RUNNING state, process has stayed up for > than 1 seconds (startsecs)
Traceback (most recent call last):
  File "/app/main.py", line 8, in <module>
    import states
  File "/app/states.py", line 8, in <module>
    import torch
ModuleNotFoundError: No module named 'torch'
2025-01-07 10:13:43,968 WARN exited: app (exit status 1; not expected)
2025-01-07 10:13:44,973 INFO spawned: 'app' with pid 429
2025-01-07 10:13:45,975 INFO success: app entered RUNNING state, process has stayed up for > than 1 seconds (startsecs)
Traceback (most recent call last):
  File "/app/main.py", line 8, in <module>
    import states
  File "/app/states.py", line 8, in <module>
    import torch
ModuleNotFoundError: No module named 'torch'
2025-01-07 10:13:46,898 WARN exited: app (exit status 1; not expected)
2025-01-07 10:13:47,902 INFO spawned: 'app' with pid 453
2025-01-07 10:13:48,904 INFO success: app entered RUNNING state, process has stayed up for > than 1 seconds (startsecs)
Traceback (most recent call last):
  File "/app/main.py", line 8, in <module>
    import states
  File "/app/states.py", line 8, in <module>
    import torch
ModuleNotFoundError: No module named 'torch'
2025-01-07 10:13:49,867 WARN exited: app (exit status 1; not expected)
2025-01-07 10:13:50,871 INFO spawned: 'app' with pid 477
2025-01-07 10:13:51,874 INFO success: app entered RUNNING state, process has stayed up for > than 1 seconds (startsecs)
Traceback (most recent call last):
  File "/app/main.py", line 8, in <module>
    import states
  File "/app/states.py", line 8, in <module>
    import torch
ModuleNotFoundError: No module named 'torch'
2025-01-07 10:13:52,443 WARN exited: app (exit status 1; not expected)
2025-01-07 10:13:53,446 INFO spawned: 'app' with pid 501
2025-01-07 10:13:54,448 INFO success: app entered RUNNING state, process has stayed up for > than 1 seconds (startsecs)
Traceback (most recent call last):
  File "/app/main.py", line 8, in <module>
    import states
  File "/app/states.py", line 8, in <module>
    import torch
ModuleNotFoundError: No module named 'torch'
2025-01-07 10:13:56,781 WARN exited: app (exit status 1; not expected)
2025-01-07 10:13:57,784 INFO spawned: 'app' with pid 525
2025-01-07 10:13:58,785 INFO success: app entered RUNNING state, process has stayed up for > than 1 seconds (startsecs)
Traceback (most recent call last):
  File "/app/main.py", line 8, in <module>
    import states
  File "/app/states.py", line 8, in <module>
    import torch
ModuleNotFoundError: No module named 'torch'
2025-01-07 10:13:59,256 WARN exited: app (exit status 1; not expected)
2025-01-07 10:14:00,263 INFO spawned: 'app' with pid 549
2025-01-07 10:14:01,266 INFO success: app entered RUNNING state, process has stayed up for > than 1 seconds (startsecs)
Traceback (most recent call last):
  File "/app/main.py", line 8, in <module>
    import states
  File "/app/states.py", line 8, in <module>
    import torch
ModuleNotFoundError: No module named 'torch'
2025-01-07 10:14:01,710 WARN exited: app (exit status 1; not expected)
2025-01-07 10:14:02,713 INFO spawned: 'app' with pid 573
2025-01-07 10:14:03,715 INFO success: app entered RUNNING state, process has stayed up for > than 1 seconds (startsecs)
Traceback (most recent call last):
  File "/app/main.py", line 8, in <module>
    import states
  File "/app/states.py", line 8, in <module>
    import torch
ModuleNotFoundError: No module named 'torch'
2025-01-07 10:14:04,898 WARN exited: app (exit status 1; not expected)
