2025-01-29 13:35:10,378 CRIT Supervisor is running as root.  Privileges were not dropped because no user is specified in the config file.  If you intend to run as root, you can set user=root in the config file to avoid this message.
2025-01-29 13:35:10,382 INFO supervisord started with pid 7
2025-01-29 13:35:11,386 INFO spawned: 'nginx' with pid 10
2025-01-29 13:35:11,391 INFO spawned: 'app' with pid 11
2025-01-29 13:35:12,430 INFO success: nginx entered RUNNING state, process has stayed up for > than 1 seconds (startsecs)
2025-01-29 13:35:12,430 INFO success: app entered RUNNING state, process has stayed up for > than 1 seconds (startsecs)
Bottle v0.13.2 server starting up (using WSGIRefServer())...
Listening on http://localhost:5000/
Hit Ctrl-C to quit.

[CTRL] POST /setup
[Time: 29.01.25 13:35:19] [Level: info] id: 39d1d389af30b5be
[Time: 29.01.25 13:35:19] [Level: info] coordinator: False
[Time: 29.01.25 13:35:19] [Level: info] clients: ['b47517d5dd8f575b', '39d1d389af30b5be', 'e15cb7853a1c670e']
[Time: 29.01.25 13:35:19] [Level: info] state: initial
[Time: 29.01.25 13:35:19] [Level: info] [State: initial] Reading configuration file...
[Time: 29.01.25 13:35:19] [Level: info] [State: initial] Initializing: Setting iteration to 0, setting max_iterations...
127.0.0.1 - - [29/Jan/2025 13:35:19] "POST /api/setup HTTP/1.0" 200 0
[Time: 29.01.25 13:35:19] [Level: info] Traceback (most recent call last):
  File "/usr/local/lib/python3.8/site-packages/FeatureCloud/app/engine/app.py", line 252, in guarded_run
    self.run()
  File "/usr/local/lib/python3.8/site-packages/FeatureCloud/app/engine/app.py", line 271, in run
    transition = self.current_state.run()
  File "/app/states.py", line 47, in run
    epochs_per_iteration = config['epochs']
KeyError: 'epochs'

127.0.0.1 - - [29/Jan/2025 13:35:19] "GET /api/status HTTP/1.0" 200 158
