2025-01-08 13:00:10,352 CRIT Supervisor is running as root.  Privileges were not dropped because no user is specified in the config file.  If you intend to run as root, you can set user=root in the config file to avoid this message.
2025-01-08 13:00:10,356 INFO supervisord started with pid 7
2025-01-08 13:00:11,359 INFO spawned: 'app' with pid 8
2025-01-08 13:00:11,364 INFO spawned: 'nginx' with pid 9
2025-01-08 13:00:12,386 INFO success: app entered RUNNING state, process has stayed up for > than 1 seconds (startsecs)
2025-01-08 13:00:12,387 INFO success: nginx entered RUNNING state, process has stayed up for > than 1 seconds (startsecs)
Bottle v0.13.2 server starting up (using WSGIRefServer())...
Listening on http://localhost:5000/
Hit Ctrl-C to quit.

[CTRL] POST /setup
[Time: 08.01.25 13:00:18] [Level: info] id: 2b6662c2cb05d188
[Time: 08.01.25 13:00:18] [Level: info] coordinator: False
[Time: 08.01.25 13:00:18] [Level: info] clients: ['2b6662c2cb05d188', '6bf336b617d78796']
[Time: 08.01.25 13:00:18] [Level: info] state: initial
[Time: 08.01.25 13:00:18] [Level: info] [State: initial] Reading configuration file...
[Time: 08.01.25 13:00:18] [Level: info] [State: initial] Initializing: Setting iteration to 0, setting max_iterations...
127.0.0.1 - - [08/Jan/2025 13:00:18] "POST /api/setup HTTP/1.0" 200 0
[Time: 08.01.25 13:00:18] [Level: info] [State: initial] Done reading configuration file.
[Time: 08.01.25 13:00:18] [Level: info] [State: initial] Max Iterations: 5
[Time: 08.01.25 13:00:18] [Level: info] [State: initial] Reading training data...
[Time: 08.01.25 13:00:18] [Level: info] Traceback (most recent call last):
  File "/root/.local/lib/python3.8/site-packages/FeatureCloud/app/engine/app.py", line 252, in guarded_run
    self.run()
  File "/root/.local/lib/python3.8/site-packages/FeatureCloud/app/engine/app.py", line 271, in run
    transition = self.current_state.run()
  File "/app/states.py", line 103, in run
    df_meta_data = pd.read_csv('data/client1/1_balanced_all_metadata.tsv', sep= '\t')
  File "/root/.local/lib/python3.8/site-packages/pandas/io/parsers/readers.py", line 912, in read_csv
    return _read(filepath_or_buffer, kwds)
  File "/root/.local/lib/python3.8/site-packages/pandas/io/parsers/readers.py", line 577, in _read
    parser = TextFileReader(filepath_or_buffer, **kwds)
  File "/root/.local/lib/python3.8/site-packages/pandas/io/parsers/readers.py", line 1407, in __init__
    self._engine = self._make_engine(f, self.engine)
  File "/root/.local/lib/python3.8/site-packages/pandas/io/parsers/readers.py", line 1661, in _make_engine
    self.handles = get_handle(
  File "/root/.local/lib/python3.8/site-packages/pandas/io/common.py", line 859, in get_handle
    handle = open(
FileNotFoundError: [Errno 2] No such file or directory: 'data/client1/1_balanced_all_metadata.tsv'

