2025-01-27 19:08:40,946 CRIT Supervisor is running as root.  Privileges were not dropped because no user is specified in the config file.  If you intend to run as root, you can set user=root in the config file to avoid this message.
2025-01-27 19:08:40,949 INFO supervisord started with pid 7
2025-01-27 19:08:41,952 INFO spawned: 'nginx' with pid 10
2025-01-27 19:08:41,957 INFO spawned: 'app' with pid 11
2025-01-27 19:08:43,009 INFO success: nginx entered RUNNING state, process has stayed up for > than 1 seconds (startsecs)
2025-01-27 19:08:43,009 INFO success: app entered RUNNING state, process has stayed up for > than 1 seconds (startsecs)
Bottle v0.13.2 server starting up (using WSGIRefServer())...
Listening on http://localhost:5000/
Hit Ctrl-C to quit.

[CTRL] POST /setup
[Time: 27.01.25 19:08:51] [Level: info] id: ae5e1e322b51cf6c
[Time: 27.01.25 19:08:51] [Level: info] coordinator: False
[Time: 27.01.25 19:08:51] [Level: info] clients: ['ae5e1e322b51cf6c', 'a324775fa3cb06b2', '0a6894f69aa41276']
[Time: 27.01.25 19:08:51] [Level: info] state: initial
[Time: 27.01.25 19:08:51] [Level: info] [State: initial] Reading configuration file...
[Time: 27.01.25 19:08:51] [Level: info] [State: initial] Initializing: Setting iteration to 0, setting max_iterations...
[Time: 27.01.25 19:08:51] [Level: info] [State: initial] Done reading configuration file.
[Time: 27.01.25 19:08:51] [Level: info] [State: initial] Max Iterations: 5
[Time: 27.01.25 19:08:51] [Level: info] [State: initial] Reading training data...
127.0.0.1 - - [27/Jan/2025 19:08:51] "POST /api/setup HTTP/1.0" 200 0
127.0.0.1 - - [27/Jan/2025 19:08:51] "GET /api/status HTTP/1.0" 200 155
[Time: 27.01.25 19:08:52] [Level: info] [State: initial] Initializing pre-trained model...
[Time: 27.01.25 19:08:52] [Level: info] [State: initial] INITIAL input_dim: $10564
[Time: 27.01.25 19:08:52] [Level: info] [State: initial] Initializing cluster centers...
127.0.0.1 - - [27/Jan/2025 19:08:53] "GET /api/status HTTP/1.0" 200 155
127.0.0.1 - - [27/Jan/2025 19:08:55] "GET /api/status HTTP/1.0" 200 155
[Time: 27.01.25 19:08:55] [Level: info] Traceback (most recent call last):
  File "/usr/local/lib/python3.8/site-packages/FeatureCloud/app/engine/app.py", line 252, in guarded_run
    self.run()
  File "/usr/local/lib/python3.8/site-packages/FeatureCloud/app/engine/app.py", line 271, in run
    transition = self.current_state.run()
  File "/app/states.py", line 95, in run
    self.store('optimizer_dec', optimizer_dec)
NameError: name 'optimizer_dec' is not defined

127.0.0.1 - - [27/Jan/2025 19:08:57] "GET /api/status HTTP/1.0" 200 159
