2025-01-27 18:38:48,062 CRIT Supervisor is running as root.  Privileges were not dropped because no user is specified in the config file.  If you intend to run as root, you can set user=root in the config file to avoid this message.
2025-01-27 18:38:48,067 INFO supervisord started with pid 7
2025-01-27 18:38:49,071 INFO spawned: 'nginx' with pid 10
2025-01-27 18:38:49,076 INFO spawned: 'app' with pid 11
2025-01-27 18:38:50,118 INFO success: nginx entered RUNNING state, process has stayed up for > than 1 seconds (startsecs)
2025-01-27 18:38:50,118 INFO success: app entered RUNNING state, process has stayed up for > than 1 seconds (startsecs)
Bottle v0.13.2 server starting up (using WSGIRefServer())...
Listening on http://localhost:5000/
Hit Ctrl-C to quit.

[CTRL] POST /setup
[Time: 27.01.25 18:39:03] [Level: info] id: 22879769846b31ae
[Time: 27.01.25 18:39:03] [Level: info] coordinator: False
[Time: 27.01.25 18:39:03] [Level: info] clients: ['b6473e421fd36e0c', '516cf7a8151ce98b', '22879769846b31ae']
[Time: 27.01.25 18:39:03] [Level: info] state: initial
[Time: 27.01.25 18:39:03] [Level: info] [State: initial] Reading configuration file...
127.0.0.1 - - [27/Jan/2025 18:39:03] "POST /api/setup HTTP/1.0" 200 0
[Time: 27.01.25 18:39:03] [Level: info] [State: initial] Initializing: Setting iteration to 0, setting max_iterations...
[Time: 27.01.25 18:39:03] [Level: info] [State: initial] Done reading configuration file.
[Time: 27.01.25 18:39:03] [Level: info] [State: initial] Max Iterations: 5
[Time: 27.01.25 18:39:03] [Level: info] [State: initial] Reading training data...
[Time: 27.01.25 18:39:04] [Level: info] [State: initial] Initializing pre-trained model...
[Time: 27.01.25 18:39:04] [Level: info] [State: initial] INITIAL input_dim: $10564
[Time: 27.01.25 18:39:04] [Level: info] [State: initial] Initializing cluster centers...
