2025-01-06 12:11:40,206 CRIT Supervisor is running as root.  Privileges were not dropped because no user is specified in the config file.  If you intend to run as root, you can set user=root in the config file to avoid this message.
2025-01-06 12:11:40,210 INFO supervisord started with pid 7
2025-01-06 12:11:41,214 INFO spawned: 'app' with pid 8
2025-01-06 12:11:41,224 INFO spawned: 'nginx' with pid 9
Bottle v0.13.2 server starting up (using WSGIRefServer())...
Listening on http://localhost:5000/
Hit Ctrl-C to quit.

2025-01-06 12:11:42,887 INFO success: app entered RUNNING state, process has stayed up for > than 1 seconds (startsecs)
2025-01-06 12:11:42,887 INFO success: nginx entered RUNNING state, process has stayed up for > than 1 seconds (startsecs)
[CTRL] POST /setup
[Time: 06.01.25 12:11:46] [Level: info] id: 6291dd994b04d713
[Time: 06.01.25 12:11:46] [Level: info] coordinator: True
[Time: 06.01.25 12:11:46] [Level: info] clients: ['53dccbcd52b7d329', '6291dd994b04d713']
[Time: 06.01.25 12:11:46] [Level: info] state: initial
[Time: 06.01.25 12:11:46] [Level: info] [State: initial] Reading configuration file...
[Time: 06.01.25 12:11:46] [Level: info] [State: initial] Initializing: Setting iteration to 0, setting max_iterations to 3...
127.0.0.1 - - [06/Jan/2025 12:11:46] "POST /api/setup HTTP/1.0" 200 0
[Time: 06.01.25 12:11:46] [Level: info] Traceback (most recent call last):
  File "/root/.local/lib/python3.8/site-packages/FeatureCloud/app/engine/app.py", line 252, in guarded_run
    self.run()
  File "/root/.local/lib/python3.8/site-packages/FeatureCloud/app/engine/app.py", line 271, in run
    transition = self.current_state.run()
  File "/app/states.py", line 28, in run
    self.store('target_column', config['target'])
KeyError: 'target'

127.0.0.1 - - [06/Jan/2025 12:11:46] "GET /api/status HTTP/1.0" 200 155
127.0.0.1 - - [06/Jan/2025 12:11:49] "GET /api/status HTTP/1.0" 200 158
