2025-01-07 19:30:59,803 CRIT Supervisor is running as root.  Privileges were not dropped because no user is specified in the config file.  If you intend to run as root, you can set user=root in the config file to avoid this message.
2025-01-07 19:30:59,807 INFO supervisord started with pid 7
2025-01-07 19:31:00,810 INFO spawned: 'app' with pid 8
2025-01-07 19:31:00,813 INFO spawned: 'nginx' with pid 9
2025-01-07 19:31:01,847 INFO success: app entered RUNNING state, process has stayed up for > than 1 seconds (startsecs)
2025-01-07 19:31:01,848 INFO success: nginx entered RUNNING state, process has stayed up for > than 1 seconds (startsecs)
Bottle v0.13.2 server starting up (using WSGIRefServer())...
Listening on http://localhost:5000/
Hit Ctrl-C to quit.

[CTRL] POST /setup
[Time: 07.01.25 19:31:06] [Level: info] id: 6e1ef565cd81f19c
[Time: 07.01.25 19:31:06] [Level: info] coordinator: True
[Time: 07.01.25 19:31:06] [Level: info] clients: ['dca8d9e58044d1fd', '6e1ef565cd81f19c']
[Time: 07.01.25 19:31:06] [Level: info] state: initial
[Time: 07.01.25 19:31:06] [Level: info] [State: initial] Reading configuration file...
[Time: 07.01.25 19:31:06] [Level: info] [State: initial] Initializing: Setting iteration to 0, setting max_iterations to 3...
[Time: 07.01.25 19:31:06] [Level: info] [State: initial] Done reading configuration file.
[Time: 07.01.25 19:31:06] [Level: info] [State: initial] Max Iterations: 10
[Time: 07.01.25 19:31:06] [Level: info] [State: initial] Reading training data...
127.0.0.1 - - [07/Jan/2025 19:31:06] "POST /api/setup HTTP/1.0" 200 0
[Time: 07.01.25 19:31:06] [Level: info] transition: compute
127.0.0.1 - - [07/Jan/2025 19:31:06] "GET /api/status HTTP/1.0" 200 156
[CTRL] GET /data
127.0.0.1 - - [07/Jan/2025 19:31:06] "GET /api/data HTTP/1.0" 200 190
[Time: 07.01.25 19:31:07] [Level: info] state: compute
[Time: 07.01.25 19:31:07] [Level: info] [State: compute] ITERATION 1
[Time: 07.01.25 19:31:07] [Level: info] [State: compute] Loading global model...
[Time: 07.01.25 19:31:07] [Level: info] [State: compute] Fitting model...
[Time: 07.01.25 19:31:07] [Level: info] [State: compute] Scoring model...
[Time: 07.01.25 19:31:07] [Level: info] [State: compute] Score is: 0.996262943324241
[Time: 07.01.25 19:31:07] [Level: info] [State: compute] Sent coefficient: 2.4770113386438486 and intercept: 11.075480787733724
[Time: 07.01.25 19:31:07] [Level: info] transition: aggregate
[Time: 07.01.25 19:31:08] [Level: info] state: aggregate
[Time: 07.01.25 19:31:08] [Level: info] [State: aggregate] Waitig for local models...
127.0.0.1 - - [07/Jan/2025 19:31:09] "GET /api/status HTTP/1.0" 200 157
[CTRL] POST /data
127.0.0.1 - - [07/Jan/2025 19:31:11] "POST /api/data?client=dca8d9e58044d1fd&memo=GATHERROUND1 HTTP/1.0" 200 0
[Time: 07.01.25 19:31:11] [Level: info] [State: aggregate] Aggregating models...
[Time: 07.01.25 19:31:11] [Level: info] [State: aggregate] Broadcasting model...
[Time: 07.01.25 19:31:11] [Level: info] transition: compute
[Time: 07.01.25 19:31:12] [Level: info] state: compute
[Time: 07.01.25 19:31:12] [Level: info] [State: compute] ITERATION 2
[Time: 07.01.25 19:31:12] [Level: info] [State: compute] Loading global model...
[Time: 07.01.25 19:31:12] [Level: info] [State: compute] Fitting model...
[Time: 07.01.25 19:31:12] [Level: info] [State: compute] Scoring model...
[Time: 07.01.25 19:31:12] [Level: info] [State: compute] Score is: 0.996262943324241
[Time: 07.01.25 19:31:12] [Level: info] [State: compute] Sent coefficient: 2.4770113386438486 and intercept: 11.075480787733724
[Time: 07.01.25 19:31:12] [Level: info] transition: aggregate
127.0.0.1 - - [07/Jan/2025 19:31:12] "GET /api/status HTTP/1.0" 200 158
[CTRL] GET /data
127.0.0.1 - - [07/Jan/2025 19:31:12] "GET /api/data HTTP/1.0" 200 140
[Time: 07.01.25 19:31:13] [Level: info] state: aggregate
[Time: 07.01.25 19:31:13] [Level: info] [State: aggregate] Waitig for local models...
[CTRL] POST /data
127.0.0.1 - - [07/Jan/2025 19:31:14] "POST /api/data?client=dca8d9e58044d1fd&memo=GATHERROUND2 HTTP/1.0" 200 0
[Time: 07.01.25 19:31:14] [Level: info] [State: aggregate] Aggregating models...
[Time: 07.01.25 19:31:14] [Level: info] [State: aggregate] Broadcasting model...
[Time: 07.01.25 19:31:14] [Level: info] transition: compute
[Time: 07.01.25 19:31:15] [Level: info] state: compute
[Time: 07.01.25 19:31:15] [Level: info] [State: compute] ITERATION 3
[Time: 07.01.25 19:31:15] [Level: info] [State: compute] Loading global model...
[Time: 07.01.25 19:31:15] [Level: info] [State: compute] Fitting model...
[Time: 07.01.25 19:31:15] [Level: info] [State: compute] Scoring model...
[Time: 07.01.25 19:31:15] [Level: info] [State: compute] Score is: 0.996262943324241
[Time: 07.01.25 19:31:15] [Level: info] [State: compute] Sent coefficient: 2.4770113386438486 and intercept: 11.075480787733724
[Time: 07.01.25 19:31:15] [Level: info] transition: aggregate
127.0.0.1 - - [07/Jan/2025 19:31:15] "GET /api/status HTTP/1.0" 200 158
[CTRL] GET /data
127.0.0.1 - - [07/Jan/2025 19:31:15] "GET /api/data HTTP/1.0" 200 140
[Time: 07.01.25 19:31:16] [Level: info] state: aggregate
[Time: 07.01.25 19:31:16] [Level: info] [State: aggregate] Waitig for local models...
[CTRL] POST /data
127.0.0.1 - - [07/Jan/2025 19:31:17] "POST /api/data?client=dca8d9e58044d1fd&memo=GATHERROUND3 HTTP/1.0" 200 0
[Time: 07.01.25 19:31:17] [Level: info] [State: aggregate] Aggregating models...
[Time: 07.01.25 19:31:17] [Level: info] [State: aggregate] Broadcasting model...
[Time: 07.01.25 19:31:17] [Level: info] transition: compute
[Time: 07.01.25 19:31:18] [Level: info] state: compute
[Time: 07.01.25 19:31:18] [Level: info] [State: compute] ITERATION 4
[Time: 07.01.25 19:31:18] [Level: info] [State: compute] Loading global model...
[Time: 07.01.25 19:31:18] [Level: info] [State: compute] Fitting model...
[Time: 07.01.25 19:31:18] [Level: info] [State: compute] Scoring model...
[Time: 07.01.25 19:31:18] [Level: info] [State: compute] Score is: 0.996262943324241
[Time: 07.01.25 19:31:18] [Level: info] [State: compute] Sent coefficient: 2.4770113386438486 and intercept: 11.075480787733724
[Time: 07.01.25 19:31:18] [Level: info] transition: aggregate
127.0.0.1 - - [07/Jan/2025 19:31:18] "GET /api/status HTTP/1.0" 200 158
[CTRL] GET /data
127.0.0.1 - - [07/Jan/2025 19:31:18] "GET /api/data HTTP/1.0" 200 140
[Time: 07.01.25 19:31:19] [Level: info] state: aggregate
[Time: 07.01.25 19:31:19] [Level: info] [State: aggregate] Waitig for local models...
[CTRL] POST /data
127.0.0.1 - - [07/Jan/2025 19:31:20] "POST /api/data?client=dca8d9e58044d1fd&memo=GATHERROUND4 HTTP/1.0" 200 0
[Time: 07.01.25 19:31:20] [Level: info] [State: aggregate] Aggregating models...
[Time: 07.01.25 19:31:20] [Level: info] [State: aggregate] Broadcasting model...
[Time: 07.01.25 19:31:20] [Level: info] transition: compute
[Time: 07.01.25 19:31:21] [Level: info] state: compute
[Time: 07.01.25 19:31:21] [Level: info] [State: compute] ITERATION 5
[Time: 07.01.25 19:31:21] [Level: info] [State: compute] Loading global model...
[Time: 07.01.25 19:31:21] [Level: info] [State: compute] Fitting model...
[Time: 07.01.25 19:31:21] [Level: info] [State: compute] Scoring model...
[Time: 07.01.25 19:31:21] [Level: info] [State: compute] Score is: 0.996262943324241
[Time: 07.01.25 19:31:21] [Level: info] [State: compute] Sent coefficient: 2.4770113386438486 and intercept: 11.075480787733724
[Time: 07.01.25 19:31:21] [Level: info] transition: aggregate
127.0.0.1 - - [07/Jan/2025 19:31:21] "GET /api/status HTTP/1.0" 200 158
[CTRL] GET /data
127.0.0.1 - - [07/Jan/2025 19:31:21] "GET /api/data HTTP/1.0" 200 140
[Time: 07.01.25 19:31:22] [Level: info] state: aggregate
[Time: 07.01.25 19:31:22] [Level: info] [State: aggregate] Waitig for local models...
[CTRL] POST /data
127.0.0.1 - - [07/Jan/2025 19:31:23] "POST /api/data?client=dca8d9e58044d1fd&memo=GATHERROUND5 HTTP/1.0" 200 0
[Time: 07.01.25 19:31:23] [Level: info] [State: aggregate] Aggregating models...
[Time: 07.01.25 19:31:23] [Level: info] [State: aggregate] Broadcasting model...
[Time: 07.01.25 19:31:23] [Level: info] transition: compute
[Time: 07.01.25 19:31:24] [Level: info] state: compute
[Time: 07.01.25 19:31:24] [Level: info] [State: compute] ITERATION 6
[Time: 07.01.25 19:31:24] [Level: info] [State: compute] Loading global model...
[Time: 07.01.25 19:31:24] [Level: info] [State: compute] Fitting model...
[Time: 07.01.25 19:31:24] [Level: info] [State: compute] Scoring model...
[Time: 07.01.25 19:31:24] [Level: info] [State: compute] Score is: 0.996262943324241
[Time: 07.01.25 19:31:24] [Level: info] [State: compute] Sent coefficient: 2.4770113386438486 and intercept: 11.075480787733724
[Time: 07.01.25 19:31:24] [Level: info] transition: aggregate
127.0.0.1 - - [07/Jan/2025 19:31:24] "GET /api/status HTTP/1.0" 200 158
[CTRL] GET /data
127.0.0.1 - - [07/Jan/2025 19:31:24] "GET /api/data HTTP/1.0" 200 140
[Time: 07.01.25 19:31:25] [Level: info] state: aggregate
[Time: 07.01.25 19:31:25] [Level: info] [State: aggregate] Waitig for local models...
[CTRL] POST /data
127.0.0.1 - - [07/Jan/2025 19:31:26] "POST /api/data?client=dca8d9e58044d1fd&memo=GATHERROUND6 HTTP/1.0" 200 0
[Time: 07.01.25 19:31:26] [Level: info] [State: aggregate] Aggregating models...
[Time: 07.01.25 19:31:26] [Level: info] [State: aggregate] Broadcasting model...
[Time: 07.01.25 19:31:26] [Level: info] transition: compute
[Time: 07.01.25 19:31:27] [Level: info] state: compute
[Time: 07.01.25 19:31:27] [Level: info] [State: compute] ITERATION 7
[Time: 07.01.25 19:31:27] [Level: info] [State: compute] Loading global model...
[Time: 07.01.25 19:31:27] [Level: info] [State: compute] Fitting model...
[Time: 07.01.25 19:31:27] [Level: info] [State: compute] Scoring model...
[Time: 07.01.25 19:31:27] [Level: info] [State: compute] Score is: 0.996262943324241
[Time: 07.01.25 19:31:27] [Level: info] [State: compute] Sent coefficient: 2.4770113386438486 and intercept: 11.075480787733724
[Time: 07.01.25 19:31:27] [Level: info] transition: aggregate
127.0.0.1 - - [07/Jan/2025 19:31:27] "GET /api/status HTTP/1.0" 200 158
[CTRL] GET /data
127.0.0.1 - - [07/Jan/2025 19:31:27] "GET /api/data HTTP/1.0" 200 140
[Time: 07.01.25 19:31:28] [Level: info] state: aggregate
[Time: 07.01.25 19:31:28] [Level: info] [State: aggregate] Waitig for local models...
[CTRL] POST /data
127.0.0.1 - - [07/Jan/2025 19:31:29] "POST /api/data?client=dca8d9e58044d1fd&memo=GATHERROUND7 HTTP/1.0" 200 0
[Time: 07.01.25 19:31:29] [Level: info] [State: aggregate] Aggregating models...
[Time: 07.01.25 19:31:29] [Level: info] [State: aggregate] Broadcasting model...
[Time: 07.01.25 19:31:29] [Level: info] transition: compute
[Time: 07.01.25 19:31:30] [Level: info] state: compute
[Time: 07.01.25 19:31:30] [Level: info] [State: compute] ITERATION 8
[Time: 07.01.25 19:31:30] [Level: info] [State: compute] Loading global model...
[Time: 07.01.25 19:31:30] [Level: info] [State: compute] Fitting model...
[Time: 07.01.25 19:31:30] [Level: info] [State: compute] Scoring model...
[Time: 07.01.25 19:31:30] [Level: info] [State: compute] Score is: 0.996262943324241
[Time: 07.01.25 19:31:30] [Level: info] [State: compute] Sent coefficient: 2.4770113386438486 and intercept: 11.075480787733724
[Time: 07.01.25 19:31:30] [Level: info] transition: aggregate
127.0.0.1 - - [07/Jan/2025 19:31:30] "GET /api/status HTTP/1.0" 200 158
[CTRL] GET /data
127.0.0.1 - - [07/Jan/2025 19:31:30] "GET /api/data HTTP/1.0" 200 140
[Time: 07.01.25 19:31:31] [Level: info] state: aggregate
[Time: 07.01.25 19:31:31] [Level: info] [State: aggregate] Waitig for local models...
[CTRL] POST /data
127.0.0.1 - - [07/Jan/2025 19:31:32] "POST /api/data?client=dca8d9e58044d1fd&memo=GATHERROUND8 HTTP/1.0" 200 0
[Time: 07.01.25 19:31:32] [Level: info] [State: aggregate] Aggregating models...
[Time: 07.01.25 19:31:32] [Level: info] [State: aggregate] Broadcasting model...
[Time: 07.01.25 19:31:32] [Level: info] transition: compute
127.0.0.1 - - [07/Jan/2025 19:31:33] "GET /api/status HTTP/1.0" 200 158
[Time: 07.01.25 19:31:33] [Level: info] state: compute
[Time: 07.01.25 19:31:33] [Level: info] [State: compute] ITERATION 9
[Time: 07.01.25 19:31:33] [Level: info] [State: compute] Loading global model...
[Time: 07.01.25 19:31:33] [Level: info] [State: compute] Fitting model...
[Time: 07.01.25 19:31:33] [Level: info] [State: compute] Scoring model...
[Time: 07.01.25 19:31:33] [Level: info] [State: compute] Score is: 0.996262943324241[CTRL] GET /data

[Time: 07.01.25 19:31:33] [Level: info] [State: compute] Sent coefficient: 2.4770113386438486 and intercept: 11.075480787733724
[Time: 07.01.25 19:31:33] [Level: info] transition: aggregate
127.0.0.1 - - [07/Jan/2025 19:31:33] "GET /api/data HTTP/1.0" 200 140
[Time: 07.01.25 19:31:34] [Level: info] state: aggregate
[Time: 07.01.25 19:31:34] [Level: info] [State: aggregate] Waitig for local models...
[CTRL] POST /data
127.0.0.1 - - [07/Jan/2025 19:31:35] "POST /api/data?client=dca8d9e58044d1fd&memo=GATHERROUND9 HTTP/1.0" 200 0
[Time: 07.01.25 19:31:35] [Level: info] [State: aggregate] Aggregating models...
[Time: 07.01.25 19:31:35] [Level: info] [State: aggregate] Broadcasting model...
[Time: 07.01.25 19:31:35] [Level: info] transition: compute
[Time: 07.01.25 19:31:36] [Level: info] state: compute
[Time: 07.01.25 19:31:36] [Level: info] [State: compute] ITERATION 10
[Time: 07.01.25 19:31:36] [Level: info] [State: compute] Loading global model...
[Time: 07.01.25 19:31:36] [Level: info] [State: compute] Fitting model...
[Time: 07.01.25 19:31:36] [Level: info] [State: compute] Scoring model...
[Time: 07.01.25 19:31:36] [Level: info] [State: compute] Score is: 0.996262943324241
[Time: 07.01.25 19:31:36] [Level: info] [State: compute] Sent coefficient: 2.4770113386438486 and intercept: 11.075480787733724
[Time: 07.01.25 19:31:36] [Level: info] transition: aggregate
127.0.0.1 - - [07/Jan/2025 19:31:36] "GET /api/status HTTP/1.0" 200 158
[CTRL] GET /data
127.0.0.1 - - [07/Jan/2025 19:31:36] "GET /api/data HTTP/1.0" 200 140
[Time: 07.01.25 19:31:37] [Level: info] state: aggregate
[Time: 07.01.25 19:31:37] [Level: info] [State: aggregate] Waitig for local models...
[CTRL] POST /data
127.0.0.1 - - [07/Jan/2025 19:31:38] "POST /api/data?client=dca8d9e58044d1fd&memo=GATHERROUND10 HTTP/1.0" 200 0
[Time: 07.01.25 19:31:38] [Level: info] [State: aggregate] Aggregating models...
[Time: 07.01.25 19:31:38] [Level: info] [State: aggregate] Broadcasting model...
[Time: 07.01.25 19:31:38] [Level: info] transition: compute
[Time: 07.01.25 19:31:39] [Level: info] state: compute
[Time: 07.01.25 19:31:39] [Level: info] [State: compute] ITERATION 11
[Time: 07.01.25 19:31:39] [Level: info] transition: write
127.0.0.1 - - [07/Jan/2025 19:31:39] "GET /api/status HTTP/1.0" 200 158
[CTRL] GET /data
127.0.0.1 - - [07/Jan/2025 19:31:39] "GET /api/data HTTP/1.0" 200 140
[Time: 07.01.25 19:31:40] [Level: info] state: write
[Time: 07.01.25 19:31:40] [Level: info] transition: terminal
127.0.0.1 - - [07/Jan/2025 19:31:42] "GET /api/status HTTP/1.0" 200 156
127.0.0.1 - - [07/Jan/2025 19:31:45] "GET /api/status HTTP/1.0" 200 156
127.0.0.1 - - [07/Jan/2025 19:31:48] "GET /api/status HTTP/1.0" 200 156
127.0.0.1 - - [07/Jan/2025 19:31:51] "GET /api/status HTTP/1.0" 200 154
