2025-01-27 14:16:06,122 CRIT Supervisor is running as root.  Privileges were not dropped because no user is specified in the config file.  If you intend to run as root, you can set user=root in the config file to avoid this message.
2025-01-27 14:16:06,126 INFO supervisord started with pid 7
2025-01-27 14:16:07,132 INFO spawned: 'nginx' with pid 10
2025-01-27 14:16:07,138 INFO spawned: 'app' with pid 11
2025-01-27 14:16:08,411 INFO success: nginx entered RUNNING state, process has stayed up for > than 1 seconds (startsecs)
2025-01-27 14:16:08,411 INFO success: app entered RUNNING state, process has stayed up for > than 1 seconds (startsecs)
Bottle v0.13.2 server starting up (using WSGIRefServer())...
Listening on http://localhost:5000/
Hit Ctrl-C to quit.

[CTRL] POST /setup
[Time: 27.01.25 14:16:23] [Level: info] id: 15a2a2c740e6655f
[Time: 27.01.25 14:16:23] [Level: info] coordinator: True
[Time: 27.01.25 14:16:23] [Level: info] clients: ['e1131a133cc7885f', '3e48cd76253c9969', '15a2a2c740e6655f']
[Time: 27.01.25 14:16:23] [Level: info] state: initial
[Time: 27.01.25 14:16:23] [Level: info] [State: initial] Reading configuration file...
[Time: 27.01.25 14:16:23] [Level: info] [State: initial] Initializing: Setting iteration to 0, setting max_iterations...
[Time: 27.01.25 14:16:23] [Level: info] [State: initial] Done reading configuration file.
[Time: 27.01.25 14:16:23] [Level: info] [State: initial] Max Iterations: 5
[Time: 27.01.25 14:16:23] [Level: info] [State: initial] Reading training data...
127.0.0.1 - - [27/Jan/2025 14:16:23] "POST /api/setup HTTP/1.0" 200 0
127.0.0.1 - - [27/Jan/2025 14:16:23] "GET /api/status HTTP/1.0" 200 155
[Time: 27.01.25 14:16:25] [Level: info] [State: initial] Initializing pre-trained model...
[Time: 27.01.25 14:16:25] [Level: info] [State: initial] INITIAL input_dim: $10565
127.0.0.1 - - [27/Jan/2025 14:16:25] "GET /api/status HTTP/1.0" 200 155
[Time: 27.01.25 14:16:27] [Level: info] [State: initial] Initializing cluster centers...
[Time: 27.01.25 14:16:27] [Level: info] Traceback (most recent call last):
  File "/usr/local/lib/python3.8/site-packages/FeatureCloud/app/engine/app.py", line 252, in guarded_run
    self.run()
  File "/usr/local/lib/python3.8/site-packages/FeatureCloud/app/engine/app.py", line 271, in run
    transition = self.current_state.run()
  File "/app/states.py", line 91, in run
    latent_representations = extract_latent_space(autoencoder, proteomics_tensor)
  File "/app/Autoencoder_classes.py", line 75, in extract_latent_space
    return np.vstack(latent_representations)
NameError: name 'np' is not defined

127.0.0.1 - - [27/Jan/2025 14:16:27] "GET /api/status HTTP/1.0" 200 159
