2025-01-07 19:51:03,223 CRIT Supervisor is running as root.  Privileges were not dropped because no user is specified in the config file.  If you intend to run as root, you can set user=root in the config file to avoid this message.
2025-01-07 19:51:03,225 INFO supervisord started with pid 7
2025-01-07 19:51:04,229 INFO spawned: 'app' with pid 8
2025-01-07 19:51:04,237 INFO spawned: 'nginx' with pid 9
2025-01-07 19:51:05,287 INFO success: app entered RUNNING state, process has stayed up for > than 1 seconds (startsecs)
2025-01-07 19:51:05,287 INFO success: nginx entered RUNNING state, process has stayed up for > than 1 seconds (startsecs)
Bottle v0.13.2 server starting up (using WSGIRefServer())...
Listening on http://localhost:5000/
Hit Ctrl-C to quit.

[CTRL] POST /setup
[Time: 07.01.25 19:51:09] [Level: info] id: ddd2198d228ffd6e
[Time: 07.01.25 19:51:09] [Level: info] coordinator: True
[Time: 07.01.25 19:51:09] [Level: info] clients: ['ddd2198d228ffd6e', '28ad03c235b8cf48']
[Time: 07.01.25 19:51:09] [Level: info] state: initial
[Time: 07.01.25 19:51:09] [Level: info] [State: initial] Reading configuration file...
127.0.0.1 - - [07/Jan/2025 19:51:09] "POST /api/setup HTTP/1.0" 200 0
[Time: 07.01.25 19:51:09] [Level: info] [State: initial] Initializing: Setting iteration to 0, setting max_iterations to 3...
[Time: 07.01.25 19:51:09] [Level: info] [State: initial] Done reading configuration file.
[Time: 07.01.25 19:51:09] [Level: info] [State: initial] Max Iterations: 10
[Time: 07.01.25 19:51:09] [Level: info] [State: initial] Reading training data...
[Time: 07.01.25 19:51:09] [Level: info] transition: compute
127.0.0.1 - - [07/Jan/2025 19:51:09] "GET /api/status HTTP/1.0" 200 155
[Time: 07.01.25 19:51:10] [Level: info] state: compute
[Time: 07.01.25 19:51:10] [Level: info] [State: compute] ITERATION 1
[Time: 07.01.25 19:51:10] [Level: info] [State: compute] Loading global model...
[Time: 07.01.25 19:51:10] [Level: info] [State: compute] Fitting model...
[Time: 07.01.25 19:51:10] [Level: info] [State: compute] Scoring model...
[Time: 07.01.25 19:51:10] [Level: info] [State: compute] Score is: 0.996262943324241
[Time: 07.01.25 19:51:10] [Level: info] [State: compute] Sent coefficient: 2.4770113386438486 and intercept: 11.075480787733724
[Time: 07.01.25 19:51:10] [Level: info] transition: aggregate
[Time: 07.01.25 19:51:11] [Level: info] state: aggregate
[Time: 07.01.25 19:51:11] [Level: info] [State: aggregate] Waitig for local models...
127.0.0.1 - - [07/Jan/2025 19:51:12] "GET /api/status HTTP/1.0" 200 156
[CTRL] GET /data
127.0.0.1 - - [07/Jan/2025 19:51:12] "GET /api/data HTTP/1.0" 200 190
[CTRL] POST /data
127.0.0.1 - - [07/Jan/2025 19:51:14] "POST /api/data?client=28ad03c235b8cf48&memo=GATHERROUND1 HTTP/1.0" 200 0
[Time: 07.01.25 19:51:14] [Level: info] [State: aggregate] Aggregating models...
[Time: 07.01.25 19:51:14] [Level: info] [State: aggregate] Broadcasting model...
[Time: 07.01.25 19:51:14] [Level: info] transition: compute
127.0.0.1 - - [07/Jan/2025 19:51:15] "GET /api/status HTTP/1.0" 200 158
[CTRL] GET /data
[Time: 07.01.25 19:51:15] [Level: info] state: compute
[Time: 07.01.25 19:51:15] [Level: info] [State: compute] ITERATION 2
[Time: 07.01.25 19:51:15] [Level: info] [State: compute] Loading global model...
[Time: 07.01.25 19:51:15] [Level: info] [State: compute] Fitting model...
127.0.0.1 - - [07/Jan/2025 19:51:15] "GET /api/data HTTP/1.0" 200 140
[Time: 07.01.25 19:51:15] [Level: info] [State: compute] Scoring model...
[Time: 07.01.25 19:51:15] [Level: info] [State: compute] Score is: 0.996262943324241
[Time: 07.01.25 19:51:15] [Level: info] [State: compute] Sent coefficient: 2.4770113386438486 and intercept: 11.075480787733724
[Time: 07.01.25 19:51:15] [Level: info] transition: aggregate
[Time: 07.01.25 19:51:16] [Level: info] state: aggregate
[Time: 07.01.25 19:51:16] [Level: info] [State: aggregate] Waitig for local models...
[CTRL] POST /data
127.0.0.1 - - [07/Jan/2025 19:51:17] "POST /api/data?client=28ad03c235b8cf48&memo=GATHERROUND2 HTTP/1.0" 200 0
[Time: 07.01.25 19:51:17] [Level: info] [State: aggregate] Aggregating models...
[Time: 07.01.25 19:51:17] [Level: info] [State: aggregate] Broadcasting model...
[Time: 07.01.25 19:51:17] [Level: info] transition: compute
[Time: 07.01.25 19:51:18] [Level: info] state: compute
[Time: 07.01.25 19:51:18] [Level: info] [State: compute] ITERATION 3
[Time: 07.01.25 19:51:18] [Level: info] [State: compute] Loading global model...
[Time: 07.01.25 19:51:18] [Level: info] [State: compute] Fitting model...
[Time: 07.01.25 19:51:18] [Level: info] [State: compute] Scoring model...
[Time: 07.01.25 19:51:18] [Level: info] [State: compute] Score is: 0.996262943324241
[Time: 07.01.25 19:51:18] [Level: info] [State: compute] Sent coefficient: 2.4770113386438486 and intercept: 11.075480787733724
[Time: 07.01.25 19:51:18] [Level: info] transition: aggregate
127.0.0.1 - - [07/Jan/2025 19:51:18] "GET /api/status HTTP/1.0" 200 158
[CTRL] GET /data
127.0.0.1 - - [07/Jan/2025 19:51:18] "GET /api/data HTTP/1.0" 200 140
[Time: 07.01.25 19:51:19] [Level: info] state: aggregate
[Time: 07.01.25 19:51:19] [Level: info] [State: aggregate] Waitig for local models...
[CTRL] POST /data
127.0.0.1 - - [07/Jan/2025 19:51:20] "POST /api/data?client=28ad03c235b8cf48&memo=GATHERROUND3 HTTP/1.0" 200 0
[Time: 07.01.25 19:51:20] [Level: info] [State: aggregate] Aggregating models...
[Time: 07.01.25 19:51:20] [Level: info] [State: aggregate] Broadcasting model...
[Time: 07.01.25 19:51:20] [Level: info] transition: compute
127.0.0.1 - - [07/Jan/2025 19:51:21] "GET /api/status HTTP/1.0" 200 158
[Time: 07.01.25 19:51:21] [Level: info] state: compute
[Time: 07.01.25 19:51:21] [Level: info] [State: compute] ITERATION 4
[Time: 07.01.25 19:51:21] [Level: info] [State: compute] Loading global model...
[Time: 07.01.25 19:51:21] [Level: info] [State: compute] Fitting model...
[Time: 07.01.25 19:51:21] [Level: info] [State: compute] Scoring model...[CTRL] GET /data

[Time: 07.01.25 19:51:21] [Level: info] [State: compute] Score is: 0.996262943324241
[Time: 07.01.25 19:51:21] [Level: info] [State: compute] Sent coefficient: 2.4770113386438486 and intercept: 11.075480787733724
[Time: 07.01.25 19:51:21] [Level: info] transition: aggregate
127.0.0.1 - - [07/Jan/2025 19:51:21] "GET /api/data HTTP/1.0" 200 140
[Time: 07.01.25 19:51:22] [Level: info] state: aggregate
[Time: 07.01.25 19:51:22] [Level: info] [State: aggregate] Waitig for local models...
[CTRL] POST /data
127.0.0.1 - - [07/Jan/2025 19:51:23] "POST /api/data?client=28ad03c235b8cf48&memo=GATHERROUND4 HTTP/1.0" 200 0
[Time: 07.01.25 19:51:23] [Level: info] [State: aggregate] Aggregating models...
[Time: 07.01.25 19:51:23] [Level: info] [State: aggregate] Broadcasting model...
[Time: 07.01.25 19:51:23] [Level: info] transition: compute
127.0.0.1 - - [07/Jan/2025 19:51:24] "GET /api/status HTTP/1.0" 200 158
[CTRL] GET /data
127.0.0.1 - - [07/Jan/2025 19:51:24] "GET /api/data HTTP/1.0" 200 140
[Time: 07.01.25 19:51:24] [Level: info] state: compute
[Time: 07.01.25 19:51:24] [Level: info] [State: compute] ITERATION 5
[Time: 07.01.25 19:51:24] [Level: info] [State: compute] Loading global model...
[Time: 07.01.25 19:51:24] [Level: info] [State: compute] Fitting model...
[Time: 07.01.25 19:51:24] [Level: info] [State: compute] Scoring model...
[Time: 07.01.25 19:51:24] [Level: info] [State: compute] Score is: 0.996262943324241
[Time: 07.01.25 19:51:24] [Level: info] [State: compute] Sent coefficient: 2.4770113386438486 and intercept: 11.075480787733724
[Time: 07.01.25 19:51:24] [Level: info] transition: aggregate
[Time: 07.01.25 19:51:25] [Level: info] state: aggregate
[Time: 07.01.25 19:51:25] [Level: info] [State: aggregate] Waitig for local models...
[CTRL] POST /data
127.0.0.1 - - [07/Jan/2025 19:51:26] "POST /api/data?client=28ad03c235b8cf48&memo=GATHERROUND5 HTTP/1.0" 200 0
[Time: 07.01.25 19:51:26] [Level: info] [State: aggregate] Aggregating models...
[Time: 07.01.25 19:51:26] [Level: info] [State: aggregate] Broadcasting model...
[Time: 07.01.25 19:51:26] [Level: info] transition: compute
127.0.0.1 - - [07/Jan/2025 19:51:27] "GET /api/status HTTP/1.0" 200 158
[Time: 07.01.25 19:51:27] [Level: info] state: compute
[Time: 07.01.25 19:51:27] [Level: info] [State: compute] ITERATION 6
[Time: 07.01.25 19:51:27] [Level: info] [State: compute] Loading global model...
[Time: 07.01.25 19:51:27] [Level: info] [State: compute] Fitting model...
[Time: 07.01.25 19:51:27] [Level: info] [State: compute] Scoring model...
[Time: 07.01.25 19:51:27] [Level: info] [State: compute] Score is: 0.996262943324241[CTRL] GET /data
[Time: 07.01.25 19:51:27] [Level: info] [State: compute] Sent coefficient: 2.4770113386438486 and intercept: 11.075480787733724
[Time: 07.01.25 19:51:27] [Level: info] transition: aggregate

127.0.0.1 - - [07/Jan/2025 19:51:27] "GET /api/data HTTP/1.0" 200 140
[Time: 07.01.25 19:51:28] [Level: info] state: aggregate
[Time: 07.01.25 19:51:28] [Level: info] [State: aggregate] Waitig for local models...
[CTRL] POST /data
127.0.0.1 - - [07/Jan/2025 19:51:29] "POST /api/data?client=28ad03c235b8cf48&memo=GATHERROUND6 HTTP/1.0" 200 0
[Time: 07.01.25 19:51:29] [Level: info] [State: aggregate] Aggregating models...
[Time: 07.01.25 19:51:29] [Level: info] [State: aggregate] Broadcasting model...
[Time: 07.01.25 19:51:29] [Level: info] transition: compute
127.0.0.1 - - [07/Jan/2025 19:51:30] "GET /api/status HTTP/1.0" 200 158
[Time: 07.01.25 19:51:30] [Level: info] state: compute[CTRL] GET /data
[Time: 07.01.25 19:51:30] [Level: info] [State: compute] ITERATION 7
[Time: 07.01.25 19:51:30] [Level: info] [State: compute] Loading global model...
[Time: 07.01.25 19:51:30] [Level: info] [State: compute] Fitting model...
[Time: 07.01.25 19:51:30] [Level: info] [State: compute] Scoring model...

[Time: 07.01.25 19:51:30] [Level: info] [State: compute] Score is: 0.996262943324241
[Time: 07.01.25 19:51:30] [Level: info] [State: compute] Sent coefficient: 2.4770113386438486 and intercept: 11.075480787733724
[Time: 07.01.25 19:51:30] [Level: info] transition: aggregate
127.0.0.1 - - [07/Jan/2025 19:51:30] "GET /api/data HTTP/1.0" 200 140
[Time: 07.01.25 19:51:31] [Level: info] state: aggregate
[Time: 07.01.25 19:51:31] [Level: info] [State: aggregate] Waitig for local models...
[CTRL] POST /data
127.0.0.1 - - [07/Jan/2025 19:51:32] "POST /api/data?client=28ad03c235b8cf48&memo=GATHERROUND7 HTTP/1.0" 200 0
[Time: 07.01.25 19:51:32] [Level: info] [State: aggregate] Aggregating models...
[Time: 07.01.25 19:51:32] [Level: info] [State: aggregate] Broadcasting model...
[Time: 07.01.25 19:51:32] [Level: info] transition: compute
127.0.0.1 - - [07/Jan/2025 19:51:33] "GET /api/status HTTP/1.0" 200 158
[CTRL] GET /data
127.0.0.1 - - [07/Jan/2025 19:51:33] "GET /api/data HTTP/1.0" 200 140
[Time: 07.01.25 19:51:33] [Level: info] state: compute
[Time: 07.01.25 19:51:33] [Level: info] [State: compute] ITERATION 8
[Time: 07.01.25 19:51:33] [Level: info] [State: compute] Loading global model...
[Time: 07.01.25 19:51:33] [Level: info] [State: compute] Fitting model...
[Time: 07.01.25 19:51:33] [Level: info] [State: compute] Scoring model...
[Time: 07.01.25 19:51:33] [Level: info] [State: compute] Score is: 0.996262943324241
[Time: 07.01.25 19:51:33] [Level: info] [State: compute] Sent coefficient: 2.4770113386438486 and intercept: 11.075480787733724
[Time: 07.01.25 19:51:33] [Level: info] transition: aggregate
[Time: 07.01.25 19:51:34] [Level: info] state: aggregate
[Time: 07.01.25 19:51:34] [Level: info] [State: aggregate] Waitig for local models...
[CTRL] POST /data
127.0.0.1 - - [07/Jan/2025 19:51:35] "POST /api/data?client=28ad03c235b8cf48&memo=GATHERROUND8 HTTP/1.0" 200 0
[Time: 07.01.25 19:51:35] [Level: info] [State: aggregate] Aggregating models...
[Time: 07.01.25 19:51:35] [Level: info] [State: aggregate] Broadcasting model...
[Time: 07.01.25 19:51:35] [Level: info] transition: compute
[Time: 07.01.25 19:51:36] [Level: info] state: compute
[Time: 07.01.25 19:51:36] [Level: info] [State: compute] ITERATION 9
[Time: 07.01.25 19:51:36] [Level: info] [State: compute] Loading global model...
[Time: 07.01.25 19:51:36] [Level: info] [State: compute] Fitting model...
[Time: 07.01.25 19:51:36] [Level: info] [State: compute] Scoring model...
[Time: 07.01.25 19:51:36] [Level: info] [State: compute] Score is: 0.996262943324241
127.0.0.1 - - [07/Jan/2025 19:51:36] "GET /api/status HTTP/1.0" 200 158
[Time: 07.01.25 19:51:36] [Level: info] [State: compute] Sent coefficient: 2.4770113386438486 and intercept: 11.075480787733724
[Time: 07.01.25 19:51:36] [Level: info] transition: aggregate
[CTRL] GET /data
127.0.0.1 - - [07/Jan/2025 19:51:36] "GET /api/data HTTP/1.0" 200 140
[Time: 07.01.25 19:51:37] [Level: info] state: aggregate
[Time: 07.01.25 19:51:37] [Level: info] [State: aggregate] Waitig for local models...
[CTRL] POST /data
127.0.0.1 - - [07/Jan/2025 19:51:38] "POST /api/data?client=28ad03c235b8cf48&memo=GATHERROUND9 HTTP/1.0" 200 0
[Time: 07.01.25 19:51:38] [Level: info] [State: aggregate] Aggregating models...
[Time: 07.01.25 19:51:38] [Level: info] [State: aggregate] Broadcasting model...
[Time: 07.01.25 19:51:38] [Level: info] transition: compute
127.0.0.1 - - [07/Jan/2025 19:51:39] "GET /api/status HTTP/1.0" 200 158
[Time: 07.01.25 19:51:39] [Level: info] state: compute
[Time: 07.01.25 19:51:39] [Level: info] [State: compute] ITERATION 10
[CTRL] GET /data[Time: 07.01.25 19:51:39] [Level: info] [State: compute] Loading global model...
[Time: 07.01.25 19:51:39] [Level: info] [State: compute] Fitting model...
[Time: 07.01.25 19:51:39] [Level: info] [State: compute] Scoring model...

[Time: 07.01.25 19:51:39] [Level: info] [State: compute] Score is: 0.996262943324241
[Time: 07.01.25 19:51:39] [Level: info] [State: compute] Sent coefficient: 2.4770113386438486 and intercept: 11.075480787733724
[Time: 07.01.25 19:51:39] [Level: info] transition: aggregate
127.0.0.1 - - [07/Jan/2025 19:51:39] "GET /api/data HTTP/1.0" 200 140
[Time: 07.01.25 19:51:40] [Level: info] state: aggregate
[Time: 07.01.25 19:51:40] [Level: info] [State: aggregate] Waitig for local models...
[CTRL] POST /data
127.0.0.1 - - [07/Jan/2025 19:51:41] "POST /api/data?client=28ad03c235b8cf48&memo=GATHERROUND10 HTTP/1.0" 200 0
[Time: 07.01.25 19:51:41] [Level: info] [State: aggregate] Aggregating models...
[Time: 07.01.25 19:51:41] [Level: info] [State: aggregate] Broadcasting model...
[Time: 07.01.25 19:51:41] [Level: info] transition: compute
127.0.0.1 - - [07/Jan/2025 19:51:42] "GET /api/status HTTP/1.0" 200 158
[Time: 07.01.25 19:51:42] [Level: info] state: compute
[Time: 07.01.25 19:51:42] [Level: info] [State: compute] ITERATION 11
[Time: 07.01.25 19:51:42] [Level: info] transition: write
[CTRL] GET /data
127.0.0.1 - - [07/Jan/2025 19:51:42] "GET /api/data HTTP/1.0" 200 140
[Time: 07.01.25 19:51:43] [Level: info] state: write
[Time: 07.01.25 19:51:43] [Level: info] [State: write] Predicting data...
[Time: 07.01.25 19:51:43] [Level: info] transition: terminal
127.0.0.1 - - [07/Jan/2025 19:51:45] "GET /api/status HTTP/1.0" 200 156
127.0.0.1 - - [07/Jan/2025 19:51:48] "GET /api/status HTTP/1.0" 200 156
127.0.0.1 - - [07/Jan/2025 19:51:51] "GET /api/status HTTP/1.0" 200 156
127.0.0.1 - - [07/Jan/2025 19:51:54] "GET /api/status HTTP/1.0" 200 154
