2025-01-26 15:41:31,789 CRIT Supervisor is running as root.  Privileges were not dropped because no user is specified in the config file.  If you intend to run as root, you can set user=root in the config file to avoid this message.
2025-01-26 15:41:31,791 INFO supervisord started with pid 7
2025-01-26 15:41:32,794 INFO spawned: 'nginx' with pid 10
2025-01-26 15:41:32,796 INFO spawned: 'app' with pid 11
2025-01-26 15:41:33,817 INFO success: nginx entered RUNNING state, process has stayed up for > than 1 seconds (startsecs)
2025-01-26 15:41:33,818 INFO success: app entered RUNNING state, process has stayed up for > than 1 seconds (startsecs)
Bottle v0.13.2 server starting up (using WSGIRefServer())...
Listening on http://localhost:5000/
Hit Ctrl-C to quit.

[CTRL] POST /setup
[Time: 26.01.25 15:41:47] [Level: info] id: 89c36d6781b5d468
[Time: 26.01.25 15:41:47] [Level: info] coordinator: False
[Time: 26.01.25 15:41:47] [Level: info] clients: ['89c36d6781b5d468', 'bf922ea6fd37191b', '000499dc73044695']
[Time: 26.01.25 15:41:47] [Level: info] state: initial
[Time: 26.01.25 15:41:47] [Level: info] [State: initial] Reading configuration file...
[Time: 26.01.25 15:41:47] [Level: info] [State: initial] Initializing: Setting iteration to 0, setting max_iterations...
[Time: 26.01.25 15:41:47] [Level: info] [State: initial] Done reading configuration file.
[Time: 26.01.25 15:41:47] [Level: info] [State: initial] Max Iterations: 5
[Time: 26.01.25 15:41:47] [Level: info] [State: initial] Reading training data...
127.0.0.1 - - [26/Jan/2025 15:41:47] "POST /api/setup HTTP/1.0" 200 0
[Time: 26.01.25 15:41:56] [Level: info] [State: initial] Initializing pre-trained model...
[Time: 26.01.25 15:41:56] [Level: info] [State: initial] INITIAL input_dim: $10565
