2025-01-27 19:56:17,607 CRIT Supervisor is running as root.  Privileges were not dropped because no user is specified in the config file.  If you intend to run as root, you can set user=root in the config file to avoid this message.
2025-01-27 19:56:17,611 INFO supervisord started with pid 7
2025-01-27 19:56:18,614 INFO spawned: 'nginx' with pid 10
2025-01-27 19:56:18,618 INFO spawned: 'app' with pid 11
2025-01-27 19:56:19,719 INFO success: nginx entered RUNNING state, process has stayed up for > than 1 seconds (startsecs)
2025-01-27 19:56:19,720 INFO success: app entered RUNNING state, process has stayed up for > than 1 seconds (startsecs)
Bottle v0.13.2 server starting up (using WSGIRefServer())...
Listening on http://localhost:5000/
Hit Ctrl-C to quit.

[CTRL] POST /setup
[Time: 27.01.25 19:56:31] [Level: info] id: 51dfe04160cdf44c
[Time: 27.01.25 19:56:31] [Level: info] coordinator: True
[Time: 27.01.25 19:56:31] [Level: info] clients: ['e8a4c9963806f764', '51dfe04160cdf44c', '9e0bfb2ec41f3d2b']
[Time: 27.01.25 19:56:31] [Level: info] state: initial
[Time: 27.01.25 19:56:31] [Level: info] [State: initial] Reading configuration file...
[Time: 27.01.25 19:56:31] [Level: info] [State: initial] Initializing: Setting iteration to 0, setting max_iterations...
[Time: 27.01.25 19:56:31] [Level: info] [State: initial] Done reading configuration file.
[Time: 27.01.25 19:56:31] [Level: info] [State: initial] Max Iterations: 5
[Time: 27.01.25 19:56:31] [Level: info] [State: initial] Reading training data...
127.0.0.1 - - [27/Jan/2025 19:56:31] "POST /api/setup HTTP/1.0" 200 0
127.0.0.1 - - [27/Jan/2025 19:56:31] "GET /api/status HTTP/1.0" 200 155
[Time: 27.01.25 19:56:32] [Level: info] [State: initial] Initializing pre-trained model...
[Time: 27.01.25 19:56:32] [Level: info] [State: initial] INITIAL input_dim: $10564
[Time: 27.01.25 19:56:33] [Level: info] [State: initial] Initializing cluster centers...
127.0.0.1 - - [27/Jan/2025 19:56:33] "GET /api/status HTTP/1.0" 200 155
[Time: 27.01.25 19:56:34] [Level: info] [State: initial] Broadcasting initial weights to the clients...
[Time: 27.01.25 19:56:34] [Level: info] transition: compute
127.0.0.1 - - [27/Jan/2025 19:56:35] "GET /api/status HTTP/1.0" 200 156
[CTRL] GET /data
[Time: 27.01.25 19:56:35] [Level: info] state: compute
[Time: 27.01.25 19:56:35] [Level: info] [State: compute] ITERATION 1
[Time: 27.01.25 19:56:35] [Level: info] [State: compute] receiving weights...
127.0.0.1 - - [27/Jan/2025 19:56:35] "GET /api/data HTTP/1.0" 200 58363374
[Time: 27.01.25 19:56:35] [Level: info] [State: compute] Loading global weights for model...
[Time: 27.01.25 19:56:35] [Level: info] [State: compute] Updated model with received weights.
[Time: 27.01.25 19:56:35] [Level: info] [State: compute] Loading data...
[Time: 27.01.25 19:56:35] [Level: info] [State: compute] Preparing model training...
[Time: 27.01.25 19:56:35] [Level: info] Traceback (most recent call last):
  File "/usr/local/lib/python3.8/site-packages/pandas/core/indexes/base.py", line 3653, in get_loc
    return self._engine.get_loc(casted_key)
  File "pandas/_libs/index.pyx", line 147, in pandas._libs.index.IndexEngine.get_loc
  File "pandas/_libs/index.pyx", line 176, in pandas._libs.index.IndexEngine.get_loc
  File "pandas/_libs/hashtable_class_helper.pxi", line 7080, in pandas._libs.hashtable.PyObjectHashTable.get_item
  File "pandas/_libs/hashtable_class_helper.pxi", line 7088, in pandas._libs.hashtable.PyObjectHashTable.get_item
KeyError: 'condition'

The above exception was the direct cause of the following exception:

Traceback (most recent call last):
  File "/usr/local/lib/python3.8/site-packages/FeatureCloud/app/engine/app.py", line 252, in guarded_run
    self.run()
  File "/usr/local/lib/python3.8/site-packages/FeatureCloud/app/engine/app.py", line 271, in run
    transition = self.current_state.run()
  File "/app/states.py", line 143, in run
    y = df_meta_data["condition"].values
  File "/usr/local/lib/python3.8/site-packages/pandas/core/frame.py", line 3761, in __getitem__
    indexer = self.columns.get_loc(key)
  File "/usr/local/lib/python3.8/site-packages/pandas/core/indexes/base.py", line 3655, in get_loc
    raise KeyError(key) from err
KeyError: 'condition'

127.0.0.1 - - [27/Jan/2025 19:56:41] "GET /api/status HTTP/1.0" 200 158
