{"component":"MAIN","instance":"","level":"info","msg":"Controller start","time":"2025-01-27T19:17:28Z"}
{"component":"MAIN","instance":"","level":"info","msg":"Mode: Dockerized (isolated)","time":"2025-01-27T19:17:28Z"}
{"component":"MAIN","instance":"","level":"info","msg":"Configuration value 'HasGPU': false","time":"2025-01-27T19:17:28Z"}
{"component":"DOCKER","instance":"","level":"info","msg":"Removing leftover Docker entities for label: fc-controller-label","time":"2025-01-27T19:17:29Z"}
{"component":"DOCKER","instance":"","level":"info","msg":"Removed 0 of 0 leftover containers","time":"2025-01-27T19:17:29Z"}
{"component":"DOCKER","instance":"","level":"info","msg":"Removed 0 of 41 leftover volumes","time":"2025-01-27T19:17:29Z"}
{"component":"DOCKER","instance":"","level":"info","msg":"Removed 0 of 0 leftover networks","time":"2025-01-27T19:17:29Z"}
{"component":"GLOBAL","instance":"","level":"info","msg":"Listening on port 9151","time":"2025-01-27T19:17:29Z"}
{"component":"GLOBAL","instance":"","level":"info","msg":"Listening on port 9150","time":"2025-01-27T19:17:29Z"}
{"component":"FLOW","instance":"","level":"debug","msg":"1 projects","time":"2025-01-27T19:17:29Z"}
{"component":"FLOW","instance":"[Instance: 17081]","level":"info","msg":"Info change for project 17081: stage: error, step: 0","time":"2025-01-27T19:17:29Z"}
{"component":"FLOW","instance":"[Instance: 17081]","level":"error","msg":"Workflow is shutting down because of an error","time":"2025-01-27T19:17:29Z"}
{"component":"DATA","instance":"17081","level":"debug","msg":"Updated project state for project 17081","time":"2025-01-27T19:17:29Z"}
{"component":"TESTBED","instance":"","level":"info","msg":"Create new test","time":"2025-01-27T19:17:51Z"}
{"component":"TESTBED","instance":"[Project: 1]","level":"info","msg":"Create volumes and containers...","time":"2025-01-27T19:17:51Z"}
{"component":"DOCKER","instance":"","level":"info","msg":"Create volume test_1_input_0_1738005471","time":"2025-01-27T19:17:51Z"}
{"component":"DOCKER","instance":"","level":"info","msg":"Create volume test_1_output_0_1738005471","time":"2025-01-27T19:17:51Z"}
{"component":"TESTBED","instance":"[Project: 1]","level":"info","msg":"Move data to workspace from C:/Users/david/Desktop/Biostatistik/Autoencoder/vae\\data/client1","time":"2025-01-27T19:17:51Z"}
{"component":"DOCKER","instance":"","level":"info","msg":"Move data to workspace","time":"2025-01-27T19:17:51Z"}
{"component":"DOCKER","instance":"","level":"info","msg":"Attach to internal network","time":"2025-01-27T19:17:52Z"}
{"component":"DOCKER","instance":"","level":"info","msg":"Remove application","time":"2025-01-27T19:17:53Z"}
{"component":"DOCKER","instance":"","level":"info","msg":"Intermediary container used for moving data from host to volume has been removed","time":"2025-01-27T19:17:56Z"}
{"component":"TESTBED","instance":"[Project: 1]","level":"info","msg":"Move generic data to workspace skipped, no source provided","time":"2025-01-27T19:17:56Z"}
{"component":"TESTBED","instance":"[Project: 1]","level":"info","msg":"Start application","time":"2025-01-27T19:17:56Z"}
{"component":"DOCKER","instance":"","level":"info","msg":"Attach to internal network","time":"2025-01-27T19:17:56Z"}
{"component":"TESTBED","instance":"[Project: 1]","level":"info","msg":"Append app to list","time":"2025-01-27T19:17:58Z"}
{"component":"DOCKER","instance":"","level":"info","msg":"Create volume test_1_input_1_1738005478","time":"2025-01-27T19:17:58Z"}
{"component":"DOCKER","instance":"","level":"info","msg":"Create volume test_1_output_1_1738005478","time":"2025-01-27T19:17:58Z"}
{"component":"TESTBED","instance":"[Project: 1]","level":"info","msg":"Move data to workspace from C:/Users/david/Desktop/Biostatistik/Autoencoder/vae\\data/client2","time":"2025-01-27T19:17:58Z"}
{"component":"DOCKER","instance":"","level":"info","msg":"Move data to workspace","time":"2025-01-27T19:17:58Z"}
{"component":"DOCKER","instance":"","level":"info","msg":"Attach to internal network","time":"2025-01-27T19:17:58Z"}
{"component":"DOCKER","instance":"","level":"info","msg":"Remove application","time":"2025-01-27T19:18:00Z"}
{"component":"DOCKER","instance":"","level":"info","msg":"Intermediary container used for moving data from host to volume has been removed","time":"2025-01-27T19:18:03Z"}
{"component":"TESTBED","instance":"[Project: 1]","level":"info","msg":"Move generic data to workspace skipped, no source provided","time":"2025-01-27T19:18:03Z"}
{"component":"TESTBED","instance":"[Project: 1]","level":"info","msg":"Start application","time":"2025-01-27T19:18:03Z"}
{"component":"DOCKER","instance":"","level":"info","msg":"Attach to internal network","time":"2025-01-27T19:18:03Z"}
{"component":"TESTBED","instance":"[Project: 1]","level":"info","msg":"Append app to list","time":"2025-01-27T19:18:04Z"}
{"component":"DOCKER","instance":"","level":"info","msg":"Create volume test_1_input_2_1738005484","time":"2025-01-27T19:18:04Z"}
{"component":"DOCKER","instance":"","level":"info","msg":"Create volume test_1_output_2_1738005484","time":"2025-01-27T19:18:04Z"}
{"component":"TESTBED","instance":"[Project: 1]","level":"info","msg":"Move data to workspace from C:/Users/david/Desktop/Biostatistik/Autoencoder/vae\\data/client3","time":"2025-01-27T19:18:05Z"}
{"component":"DOCKER","instance":"","level":"info","msg":"Move data to workspace","time":"2025-01-27T19:18:05Z"}
{"component":"DOCKER","instance":"","level":"info","msg":"Attach to internal network","time":"2025-01-27T19:18:05Z"}
{"component":"DOCKER","instance":"","level":"info","msg":"Remove application","time":"2025-01-27T19:18:07Z"}
{"component":"DOCKER","instance":"","level":"info","msg":"Intermediary container used for moving data from host to volume has been removed","time":"2025-01-27T19:18:09Z"}
{"component":"TESTBED","instance":"[Project: 1]","level":"info","msg":"Move generic data to workspace skipped, no source provided","time":"2025-01-27T19:18:09Z"}
{"component":"TESTBED","instance":"[Project: 1]","level":"info","msg":"Start application","time":"2025-01-27T19:18:09Z"}
{"component":"DOCKER","instance":"","level":"info","msg":"Attach to internal network","time":"2025-01-27T19:18:09Z"}
{"component":"TESTBED","instance":"[Project: 1]","level":"info","msg":"Append app to list","time":"2025-01-27T19:18:11Z"}
{"component":"TESTBED","instance":"[Project: 1]","level":"info","msg":"Link fc_vae_162702839 with global socket server","time":"2025-01-27T19:18:11Z"}
{"component":"TESTBED","instance":"[Project: 1]","level":"info","msg":"Link fc_vae_325177992 with global socket server","time":"2025-01-27T19:18:11Z"}
{"component":"TESTBED","instance":"[Project: 1]","level":"info","msg":"Link fc_vae_352212686 with global socket server","time":"2025-01-27T19:18:11Z"}
{"component":"TESTBED","instance":"[Project: 1]","level":"info","msg":"Start local socket server","time":"2025-01-27T19:18:11Z"}
{"component":"TESTBED","instance":"[Project: 1]","level":"info","msg":"Start local socket server","time":"2025-01-27T19:18:11Z"}
{"component":"TESTBED","instance":"[Project: 1]","level":"info","msg":"Start local socket server","time":"2025-01-27T19:18:11Z"}
{"component":"TESTBED","instance":"[Project: 1]","level":"info","msg":"Link to global address","time":"2025-01-27T19:18:11Z"}
{"component":"TESTBED","instance":"[Project: 1]","level":"info","msg":"Link to global address","time":"2025-01-27T19:18:11Z"}
{"component":"TESTBED","instance":"[Project: 1]","level":"info","msg":"Link to global address","time":"2025-01-27T19:18:11Z"}
{"component":"GLOBAL","instance":"","level":"info","msg":"Registered new participant controller","time":"2025-01-27T19:18:11Z"}
{"component":"GLOBAL","instance":"","level":"info","msg":"Registered new participant controller","time":"2025-01-27T19:18:11Z"}
{"component":"GLOBAL","instance":"","level":"info","msg":"Registered new coordinator controller","time":"2025-01-27T19:18:11Z"}
{"component":"LOCAL","instance":"","level":"info","msg":"Received setup trigger","time":"2025-01-27T19:18:11Z"}
{"component":"LOCAL","instance":"","level":"info","msg":"Received setup trigger","time":"2025-01-27T19:18:11Z"}
{"component":"LOCAL","instance":"","level":"info","msg":"Received setup trigger","time":"2025-01-27T19:18:11Z"}
{"component":"LOCAL","instance":"","level":"error","msg":"Got error during setup to http://172.18.0.5:9000: Post \"http://172.18.0.5:9000/setup\": dial tcp 172.18.0.5:9000: connect: connection refused","time":"2025-01-27T19:18:11Z"}
{"component":"GLOBAL","instance":"","level":"info","msg":"Setup 0d8239bec600eaf8e67fe6a07d6be8de50ab810c4cf5093a21a020c55258f3f9","time":"2025-01-27T19:18:12Z"}
{"component":"TESTBED","instance":"[Project: 1]","level":"info","msg":"Setup triggered","time":"2025-01-27T19:18:12Z"}
{"component":"TESTBED","instance":"[Project: 1]","level":"info","msg":"3 apps and server created and running","time":"2025-01-27T19:18:12Z"}
{"component":"LOCAL","instance":"","level":"error","msg":"Got error code during setup: 502, 502 Bad Gateway","time":"2025-01-27T19:18:13Z"}
{"component":"LOCAL","instance":"","level":"info","msg":"http://172.18.0.3:9000/status: Finished","time":"2025-01-27T19:18:16Z"}
{"component":"LOCAL","instance":"","level":"info","msg":"http://172.18.0.4:9000/status: Finished","time":"2025-01-27T19:18:16Z"}
{"component":"GLOBAL","instance":"","level":"info","msg":"Participant (ID: 5b88a214df72e33f) finished the current step","time":"2025-01-27T19:18:16Z"}
{"component":"GLOBAL","instance":"","level":"info","msg":"Participant (ID: df9a2edf1918568d) finished the current step","time":"2025-01-27T19:18:16Z"}
{"component":"LOCAL","instance":"","level":"info","msg":"Shutdown","time":"2025-01-27T19:18:17Z"}
{"component":"LOCAL","instance":"","level":"info","msg":"Shutdown","time":"2025-01-27T19:18:17Z"}
{"component":"GLOBAL","instance":"","level":"error","msg":"Participant (ID: 9a12c008ef54a5c2): relaying stopped due to: read tcp [::1]:9150-\u003e[::1]:39692: read: connection reset by peer","time":"2025-01-27T19:18:17Z"}
{"component":"LOCAL","instance":"","level":"info","msg":"Shutdown","time":"2025-01-27T19:18:17Z"}
{"component":"TESTBED","instance":"[Project: 1]","level":"info","msg":"Stopping test id: 1","time":"2025-01-27T19:18:17Z"}
{"component":"GLOBAL","instance":"","level":"error","msg":"Participant (ID: df9a2edf1918568d): relaying stopped due to: EOF","time":"2025-01-27T19:18:17Z"}
{"component":"GLOBAL","instance":"","level":"error","msg":"Participant (ID: 5b88a214df72e33f): relaying stopped due to: EOF","time":"2025-01-27T19:18:17Z"}
{"component":"TESTBED","instance":"[Project: 1]","level":"info","msg":"Stopping container fc_vae_162702839","time":"2025-01-27T19:18:17Z"}
{"component":"DOCKER","instance":"","level":"info","msg":"Move data to host","time":"2025-01-27T19:18:17Z"}
{"component":"DOCKER","instance":"","level":"info","msg":"Attach to internal network","time":"2025-01-27T19:18:17Z"}
{"component":"DOCKER","instance":"","level":"info","msg":"Remove application","time":"2025-01-27T19:18:19Z"}
{"component":"DOCKER","instance":"","level":"debug","msg":"Intermediary container used for moving data from volume to host has been removed","time":"2025-01-27T19:18:20Z"}
{"component":"TESTBED","instance":"[Project: 1]","level":"info","msg":"Saved output volume content to /data/tests/results_test_1_client_0_fc_vae_162702839.zip","time":"2025-01-27T19:18:20Z"}
{"component":"DOCKER","instance":"","level":"info","msg":"Remove volume test_1_output_0_1738005471","time":"2025-01-27T19:18:20Z"}
{"component":"TESTBED","instance":"[Project: 1]","level":"info","msg":"Deleted volume test_1_output_0_1738005471","time":"2025-01-27T19:18:20Z"}
{"component":"DOCKER","instance":"","level":"info","msg":"Remove volume test_1_input_0_1738005471","time":"2025-01-27T19:18:20Z"}
{"component":"TESTBED","instance":"[Project: 1]","level":"info","msg":"Deleted volume test_1_input_0_1738005471","time":"2025-01-27T19:18:20Z"}
{"component":"TESTBED","instance":"[Project: 1]","level":"info","msg":"Stopping container fc_vae_325177992","time":"2025-01-27T19:18:20Z"}
{"component":"DOCKER","instance":"","level":"info","msg":"Move data to host","time":"2025-01-27T19:18:21Z"}
{"component":"DOCKER","instance":"","level":"info","msg":"Attach to internal network","time":"2025-01-27T19:18:21Z"}
{"component":"DOCKER","instance":"","level":"info","msg":"Remove application","time":"2025-01-27T19:18:23Z"}
{"component":"DOCKER","instance":"","level":"debug","msg":"Intermediary container used for moving data from volume to host has been removed","time":"2025-01-27T19:18:24Z"}
{"component":"TESTBED","instance":"[Project: 1]","level":"info","msg":"Saved output volume content to /data/tests/results_test_1_client_1_fc_vae_325177992.zip","time":"2025-01-27T19:18:24Z"}
{"component":"DOCKER","instance":"","level":"info","msg":"Remove volume test_1_output_1_1738005478","time":"2025-01-27T19:18:24Z"}
{"component":"TESTBED","instance":"[Project: 1]","level":"info","msg":"Deleted volume test_1_output_1_1738005478","time":"2025-01-27T19:18:24Z"}
{"component":"DOCKER","instance":"","level":"info","msg":"Remove volume test_1_input_1_1738005478","time":"2025-01-27T19:18:24Z"}
{"component":"TESTBED","instance":"[Project: 1]","level":"info","msg":"Deleted volume test_1_input_1_1738005478","time":"2025-01-27T19:18:24Z"}
{"component":"TESTBED","instance":"[Project: 1]","level":"info","msg":"Stopping container fc_vae_352212686","time":"2025-01-27T19:18:24Z"}
{"component":"DOCKER","instance":"","level":"info","msg":"Move data to host","time":"2025-01-27T19:18:24Z"}
{"component":"DOCKER","instance":"","level":"info","msg":"Attach to internal network","time":"2025-01-27T19:18:25Z"}
{"component":"DOCKER","instance":"","level":"info","msg":"Remove application","time":"2025-01-27T19:18:26Z"}
{"component":"DOCKER","instance":"","level":"debug","msg":"Intermediary container used for moving data from volume to host has been removed","time":"2025-01-27T19:18:27Z"}
{"component":"TESTBED","instance":"[Project: 1]","level":"info","msg":"Saved output volume content to /data/tests/results_test_1_client_2_fc_vae_352212686.zip","time":"2025-01-27T19:18:27Z"}
{"component":"DOCKER","instance":"","level":"info","msg":"Remove volume test_1_output_2_1738005484","time":"2025-01-27T19:18:27Z"}
{"component":"TESTBED","instance":"[Project: 1]","level":"info","msg":"Deleted volume test_1_output_2_1738005484","time":"2025-01-27T19:18:27Z"}
{"component":"DOCKER","instance":"","level":"info","msg":"Remove volume test_1_input_2_1738005484","time":"2025-01-27T19:18:27Z"}
{"component":"TESTBED","instance":"[Project: 1]","level":"info","msg":"Deleted volume test_1_input_2_1738005484","time":"2025-01-27T19:18:27Z"}
{"component":"HTTP","instance":"","level":"debug","msg":"Set site received","time":"2025-01-27T19:18:38Z"}
