{"component":"MAIN","instance":"","level":"info","msg":"Controller start","time":"2025-01-05T19:54:28Z"}
{"component":"MAIN","instance":"","level":"info","msg":"Mode: Dockerized (isolated)","time":"2025-01-05T19:54:28Z"}
{"component":"MAIN","instance":"","level":"info","msg":"Configuration value 'HasGPU': false","time":"2025-01-05T19:54:28Z"}
{"component":"DOCKER","instance":"","level":"info","msg":"Removing leftover Docker entities for label: fc-controller-label","time":"2025-01-05T19:54:29Z"}
{"component":"DOCKER","instance":"","level":"info","msg":"Removed 0 of 0 leftover containers","time":"2025-01-05T19:54:29Z"}
{"component":"DOCKER","instance":"","level":"info","msg":"Removed 0 of 28 leftover volumes","time":"2025-01-05T19:54:29Z"}
{"component":"DOCKER","instance":"","level":"info","msg":"Removed 0 of 0 leftover networks","time":"2025-01-05T19:54:29Z"}
{"component":"GLOBAL","instance":"","level":"info","msg":"Listening on port 9151","time":"2025-01-05T19:54:29Z"}
{"component":"GLOBAL","instance":"","level":"info","msg":"Listening on port 9150","time":"2025-01-05T19:54:29Z"}
{"component":"FLOW","instance":"","level":"debug","msg":"1 projects","time":"2025-01-05T19:54:29Z"}
{"component":"FLOW","instance":"[Instance: 17081]","level":"info","msg":"Info change for project 17081: stage: error, step: 0","time":"2025-01-05T19:54:29Z"}
{"component":"FLOW","instance":"[Instance: 17081]","level":"error","msg":"Workflow is shutting down because of an error","time":"2025-01-05T19:54:29Z"}
{"component":"DATA","instance":"17081","level":"debug","msg":"Updated project state for project 17081","time":"2025-01-05T19:54:29Z"}
{"component":"HTTP","instance":"","level":"debug","msg":"Set site received","time":"2025-01-05T19:57:58Z"}
{"component":"TESTBED","instance":"","level":"info","msg":"Create new test","time":"2025-01-05T20:02:17Z"}
{"component":"TESTBED","instance":"[Project: 1]","level":"info","msg":"Create volumes and containers...","time":"2025-01-05T20:02:17Z"}
{"component":"DOCKER","instance":"","level":"info","msg":"Create volume test_1_input_0_1736107337","time":"2025-01-05T20:02:17Z"}
{"component":"DOCKER","instance":"","level":"info","msg":"Create volume test_1_output_0_1736107337","time":"2025-01-05T20:02:17Z"}
{"component":"TESTBED","instance":"[Project: 1]","level":"info","msg":"Move data to workspace from C:/Users/david/Desktop/Biostatistik/tutorial/vae\\data/data/client1","time":"2025-01-05T20:02:17Z"}
{"component":"DOCKER","instance":"","level":"info","msg":"Move data to workspace","time":"2025-01-05T20:02:17Z"}
{"component":"DOCKER","instance":"","level":"info","msg":"Attach to internal network","time":"2025-01-05T20:02:18Z"}
{"component":"DOCKER","instance":"","level":"info","msg":"Remove application","time":"2025-01-05T20:02:20Z"}
{"component":"DOCKER","instance":"","level":"info","msg":"Intermediary container used for moving data from host to volume has been removed","time":"2025-01-05T20:02:21Z"}
{"component":"TESTBED","instance":"[Project: 1]","level":"info","msg":"Move generic data to workspace skipped, no source provided","time":"2025-01-05T20:02:21Z"}
{"component":"TESTBED","instance":"[Project: 1]","level":"info","msg":"Start application","time":"2025-01-05T20:02:21Z"}
{"component":"DOCKER","instance":"","level":"info","msg":"Attach to internal network","time":"2025-01-05T20:02:21Z"}
{"component":"TESTBED","instance":"[Project: 1]","level":"info","msg":"Append app to list","time":"2025-01-05T20:02:22Z"}
{"component":"DOCKER","instance":"","level":"info","msg":"Create volume test_1_input_1_1736107342","time":"2025-01-05T20:02:22Z"}
{"component":"DOCKER","instance":"","level":"info","msg":"Create volume test_1_output_1_1736107342","time":"2025-01-05T20:02:22Z"}
{"component":"TESTBED","instance":"[Project: 1]","level":"info","msg":"Move data to workspace from C:/Users/david/Desktop/Biostatistik/tutorial/vae\\data/data/client2","time":"2025-01-05T20:02:22Z"}
{"component":"DOCKER","instance":"","level":"info","msg":"Move data to workspace","time":"2025-01-05T20:02:22Z"}
{"component":"DOCKER","instance":"","level":"info","msg":"Attach to internal network","time":"2025-01-05T20:02:24Z"}
{"component":"DOCKER","instance":"","level":"info","msg":"Remove application","time":"2025-01-05T20:02:26Z"}
{"component":"DOCKER","instance":"","level":"info","msg":"Intermediary container used for moving data from host to volume has been removed","time":"2025-01-05T20:02:27Z"}
{"component":"TESTBED","instance":"[Project: 1]","level":"info","msg":"Move generic data to workspace skipped, no source provided","time":"2025-01-05T20:02:27Z"}
{"component":"TESTBED","instance":"[Project: 1]","level":"info","msg":"Start application","time":"2025-01-05T20:02:27Z"}
{"component":"DOCKER","instance":"","level":"info","msg":"Attach to internal network","time":"2025-01-05T20:02:27Z"}
{"component":"HTTP","instance":"","level":"debug","msg":"Set site received","time":"2025-01-05T20:02:28Z"}
{"component":"TESTBED","instance":"[Project: 1]","level":"info","msg":"Append app to list","time":"2025-01-05T20:02:29Z"}
{"component":"TESTBED","instance":"[Project: 1]","level":"info","msg":"Link fc_vae_344746285 with global socket server","time":"2025-01-05T20:02:29Z"}
{"component":"TESTBED","instance":"[Project: 1]","level":"info","msg":"Link fc_vae_703017875 with global socket server","time":"2025-01-05T20:02:29Z"}
{"component":"TESTBED","instance":"[Project: 1]","level":"info","msg":"Start local socket server","time":"2025-01-05T20:02:29Z"}
{"component":"TESTBED","instance":"[Project: 1]","level":"info","msg":"Start local socket server","time":"2025-01-05T20:02:29Z"}
{"component":"TESTBED","instance":"[Project: 1]","level":"info","msg":"Link to global address","time":"2025-01-05T20:02:29Z"}
{"component":"TESTBED","instance":"[Project: 1]","level":"info","msg":"Link to global address","time":"2025-01-05T20:02:29Z"}
{"component":"GLOBAL","instance":"","level":"info","msg":"Registered new participant controller","time":"2025-01-05T20:02:29Z"}
{"component":"GLOBAL","instance":"","level":"info","msg":"Registered new coordinator controller","time":"2025-01-05T20:02:29Z"}
{"component":"LOCAL","instance":"","level":"info","msg":"Received setup trigger","time":"2025-01-05T20:02:29Z"}
{"component":"LOCAL","instance":"","level":"info","msg":"Received setup trigger","time":"2025-01-05T20:02:29Z"}
{"component":"LOCAL","instance":"","level":"error","msg":"Got error during setup to http://172.18.0.4:9000: Post \"http://172.18.0.4:9000/setup\": dial tcp 172.18.0.4:9000: connect: connection refused","time":"2025-01-05T20:02:29Z"}
{"component":"GLOBAL","instance":"","level":"info","msg":"Setup 56bd56285462e1a3130b04dbbc630120d98f35444b61ebbd56a6955249d280ad","time":"2025-01-05T20:02:30Z"}
{"component":"TESTBED","instance":"[Project: 1]","level":"info","msg":"Setup triggered","time":"2025-01-05T20:02:30Z"}
{"component":"TESTBED","instance":"[Project: 1]","level":"info","msg":"2 apps and server created and running","time":"2025-01-05T20:02:30Z"}
{"component":"LOCAL","instance":"","level":"info","msg":"http://172.18.0.4:9000/status: Finished","time":"2025-01-05T20:02:47Z"}
{"component":"GLOBAL","instance":"","level":"info","msg":"Participant (ID: e2c43faceadd983d) finished the current step","time":"2025-01-05T20:02:47Z"}
{"component":"LOCAL","instance":"","level":"info","msg":"http://172.18.0.3:9000/status: Finished","time":"2025-01-05T20:02:48Z"}
{"component":"GLOBAL","instance":"","level":"info","msg":"Participant (ID: cd8c5e43dfcd6784) finished the current step","time":"2025-01-05T20:02:48Z"}
{"component":"LOCAL","instance":"","level":"info","msg":"Shutdown","time":"2025-01-05T20:02:48Z"}
{"component":"LOCAL","instance":"","level":"info","msg":"Shutdown","time":"2025-01-05T20:02:48Z"}
{"component":"GLOBAL","instance":"","level":"error","msg":"Participant (ID: e2c43faceadd983d): relaying stopped due to: EOF","time":"2025-01-05T20:02:48Z"}
{"component":"GLOBAL","instance":"","level":"error","msg":"Participant (ID: cd8c5e43dfcd6784): relaying stopped due to: EOF","time":"2025-01-05T20:02:48Z"}
{"component":"TESTBED","instance":"[Project: 1]","level":"info","msg":"Stopping test id: 1","time":"2025-01-05T20:02:48Z"}
{"component":"TESTBED","instance":"[Project: 1]","level":"info","msg":"Stopping container fc_vae_344746285","time":"2025-01-05T20:02:48Z"}
{"component":"DOCKER","instance":"","level":"info","msg":"Move data to host","time":"2025-01-05T20:02:48Z"}
{"component":"DOCKER","instance":"","level":"info","msg":"Attach to internal network","time":"2025-01-05T20:02:49Z"}
{"component":"DOCKER","instance":"","level":"info","msg":"Remove application","time":"2025-01-05T20:02:50Z"}
{"component":"DOCKER","instance":"","level":"debug","msg":"Intermediary container used for moving data from volume to host has been removed","time":"2025-01-05T20:02:52Z"}
{"component":"TESTBED","instance":"[Project: 1]","level":"info","msg":"Saved output volume content to /data/tests/results_test_1_client_0_fc_vae_344746285.zip","time":"2025-01-05T20:02:52Z"}
{"component":"DOCKER","instance":"","level":"info","msg":"Remove volume test_1_output_0_1736107337","time":"2025-01-05T20:02:52Z"}
{"component":"TESTBED","instance":"[Project: 1]","level":"info","msg":"Deleted volume test_1_output_0_1736107337","time":"2025-01-05T20:02:52Z"}
{"component":"DOCKER","instance":"","level":"info","msg":"Remove volume test_1_input_0_1736107337","time":"2025-01-05T20:02:52Z"}
{"component":"TESTBED","instance":"[Project: 1]","level":"info","msg":"Deleted volume test_1_input_0_1736107337","time":"2025-01-05T20:02:52Z"}
{"component":"TESTBED","instance":"[Project: 1]","level":"info","msg":"Stopping container fc_vae_703017875","time":"2025-01-05T20:02:52Z"}
{"component":"DOCKER","instance":"","level":"info","msg":"Move data to host","time":"2025-01-05T20:02:52Z"}
{"component":"DOCKER","instance":"","level":"info","msg":"Attach to internal network","time":"2025-01-05T20:02:53Z"}
{"component":"DOCKER","instance":"","level":"info","msg":"Remove application","time":"2025-01-05T20:02:55Z"}
{"component":"DOCKER","instance":"","level":"debug","msg":"Intermediary container used for moving data from volume to host has been removed","time":"2025-01-05T20:02:56Z"}
{"component":"TESTBED","instance":"[Project: 1]","level":"info","msg":"Saved output volume content to /data/tests/results_test_1_client_1_fc_vae_703017875.zip","time":"2025-01-05T20:02:56Z"}
{"component":"DOCKER","instance":"","level":"info","msg":"Remove volume test_1_output_1_1736107342","time":"2025-01-05T20:02:56Z"}
{"component":"TESTBED","instance":"[Project: 1]","level":"info","msg":"Deleted volume test_1_output_1_1736107342","time":"2025-01-05T20:02:56Z"}
{"component":"DOCKER","instance":"","level":"info","msg":"Remove volume test_1_input_1_1736107342","time":"2025-01-05T20:02:56Z"}
{"component":"TESTBED","instance":"[Project: 1]","level":"info","msg":"Deleted volume test_1_input_1_1736107342","time":"2025-01-05T20:02:56Z"}
{"component":"TESTBED","instance":"","level":"info","msg":"Create new test","time":"2025-01-05T20:22:04Z"}
{"component":"TESTBED","instance":"[Project: 1]","level":"info","msg":"Create volumes and containers...","time":"2025-01-05T20:22:04Z"}
{"component":"DOCKER","instance":"","level":"info","msg":"Create volume test_1_input_0_1736108524","time":"2025-01-05T20:22:04Z"}
{"component":"DOCKER","instance":"","level":"info","msg":"Create volume test_1_output_0_1736108524","time":"2025-01-05T20:22:04Z"}
{"component":"TESTBED","instance":"[Project: 1]","level":"info","msg":"Move data to workspace from C:/Users/david/Desktop/Biostatistik/tutorial/vae\\data/data/client1","time":"2025-01-05T20:22:04Z"}
{"component":"DOCKER","instance":"","level":"info","msg":"Move data to workspace","time":"2025-01-05T20:22:04Z"}
{"component":"DOCKER","instance":"","level":"info","msg":"Attach to internal network","time":"2025-01-05T20:22:04Z"}
{"component":"DOCKER","instance":"","level":"info","msg":"Remove application","time":"2025-01-05T20:22:06Z"}
{"component":"DOCKER","instance":"","level":"info","msg":"Intermediary container used for moving data from host to volume has been removed","time":"2025-01-05T20:22:07Z"}
{"component":"TESTBED","instance":"[Project: 1]","level":"info","msg":"Move generic data to workspace skipped, no source provided","time":"2025-01-05T20:22:07Z"}
{"component":"TESTBED","instance":"[Project: 1]","level":"info","msg":"Start application","time":"2025-01-05T20:22:07Z"}
{"component":"DOCKER","instance":"","level":"info","msg":"Attach to internal network","time":"2025-01-05T20:22:07Z"}
{"component":"TESTBED","instance":"[Project: 1]","level":"info","msg":"Append app to list","time":"2025-01-05T20:22:08Z"}
{"component":"DOCKER","instance":"","level":"info","msg":"Create volume test_1_input_1_1736108528","time":"2025-01-05T20:22:08Z"}
{"component":"DOCKER","instance":"","level":"info","msg":"Create volume test_1_output_1_1736108528","time":"2025-01-05T20:22:08Z"}
{"component":"TESTBED","instance":"[Project: 1]","level":"info","msg":"Move data to workspace from C:/Users/david/Desktop/Biostatistik/tutorial/vae\\data/data/client2","time":"2025-01-05T20:22:08Z"}
{"component":"DOCKER","instance":"","level":"info","msg":"Move data to workspace","time":"2025-01-05T20:22:08Z"}
{"component":"DOCKER","instance":"","level":"info","msg":"Attach to internal network","time":"2025-01-05T20:22:09Z"}
{"component":"DOCKER","instance":"","level":"info","msg":"Remove application","time":"2025-01-05T20:22:11Z"}
{"component":"DOCKER","instance":"","level":"info","msg":"Intermediary container used for moving data from host to volume has been removed","time":"2025-01-05T20:22:12Z"}
{"component":"TESTBED","instance":"[Project: 1]","level":"info","msg":"Move generic data to workspace skipped, no source provided","time":"2025-01-05T20:22:12Z"}
{"component":"TESTBED","instance":"[Project: 1]","level":"info","msg":"Start application","time":"2025-01-05T20:22:12Z"}
{"component":"DOCKER","instance":"","level":"info","msg":"Attach to internal network","time":"2025-01-05T20:22:12Z"}
{"component":"TESTBED","instance":"[Project: 1]","level":"info","msg":"Append app to list","time":"2025-01-05T20:22:13Z"}
{"component":"TESTBED","instance":"[Project: 1]","level":"info","msg":"Link fc_vae_340284600 with global socket server","time":"2025-01-05T20:22:13Z"}
{"component":"TESTBED","instance":"[Project: 1]","level":"info","msg":"Link fc_vae_130319370 with global socket server","time":"2025-01-05T20:22:13Z"}
{"component":"TESTBED","instance":"[Project: 1]","level":"info","msg":"Start local socket server","time":"2025-01-05T20:22:13Z"}
{"component":"TESTBED","instance":"[Project: 1]","level":"info","msg":"Start local socket server","time":"2025-01-05T20:22:13Z"}
{"component":"TESTBED","instance":"[Project: 1]","level":"info","msg":"Link to global address","time":"2025-01-05T20:22:13Z"}
{"component":"TESTBED","instance":"[Project: 1]","level":"info","msg":"Link to global address","time":"2025-01-05T20:22:13Z"}
{"component":"GLOBAL","instance":"","level":"info","msg":"Registered new coordinator controller","time":"2025-01-05T20:22:13Z"}
{"component":"GLOBAL","instance":"","level":"info","msg":"Registered new participant controller","time":"2025-01-05T20:22:13Z"}
{"component":"LOCAL","instance":"","level":"info","msg":"Received setup trigger","time":"2025-01-05T20:22:13Z"}
{"component":"LOCAL","instance":"","level":"info","msg":"Received setup trigger","time":"2025-01-05T20:22:13Z"}
{"component":"LOCAL","instance":"","level":"error","msg":"Got error during setup to http://172.18.0.4:9000: Post \"http://172.18.0.4:9000/setup\": dial tcp 172.18.0.4:9000: connect: connection refused","time":"2025-01-05T20:22:13Z"}
{"component":"GLOBAL","instance":"","level":"info","msg":"Setup 24d7a5096466b59429383cc92664b977b37cbc260053a66fc3476010dd5d04de","time":"2025-01-05T20:22:14Z"}
{"component":"TESTBED","instance":"[Project: 1]","level":"info","msg":"Setup triggered","time":"2025-01-05T20:22:14Z"}
{"component":"TESTBED","instance":"[Project: 1]","level":"info","msg":"2 apps and server created and running","time":"2025-01-05T20:22:14Z"}
{"component":"LOCAL","instance":"","level":"info","msg":"http://172.18.0.4:9000/status: Finished","time":"2025-01-05T20:22:16Z"}
{"component":"GLOBAL","instance":"","level":"info","msg":"Participant (ID: 95eca465cc8b9f72) finished the current step","time":"2025-01-05T20:22:16Z"}
{"component":"LOCAL","instance":"","level":"info","msg":"http://172.18.0.3:9000/status: Finished","time":"2025-01-05T20:22:17Z"}
{"component":"GLOBAL","instance":"","level":"info","msg":"Participant (ID: c7737fe85934a808) finished the current step","time":"2025-01-05T20:22:17Z"}
{"component":"LOCAL","instance":"","level":"info","msg":"Shutdown","time":"2025-01-05T20:22:17Z"}
{"component":"LOCAL","instance":"","level":"info","msg":"Shutdown","time":"2025-01-05T20:22:17Z"}
{"component":"GLOBAL","instance":"","level":"error","msg":"Participant (ID: c7737fe85934a808): relaying stopped due to: EOF","time":"2025-01-05T20:22:17Z"}
{"component":"TESTBED","instance":"[Project: 1]","level":"info","msg":"Stopping test id: 1","time":"2025-01-05T20:22:17Z"}
{"component":"TESTBED","instance":"[Project: 1]","level":"info","msg":"Stopping container fc_vae_340284600","time":"2025-01-05T20:22:17Z"}
{"component":"GLOBAL","instance":"","level":"error","msg":"Participant (ID: 95eca465cc8b9f72): relaying stopped due to: EOF","time":"2025-01-05T20:22:17Z"}
{"component":"DOCKER","instance":"","level":"info","msg":"Move data to host","time":"2025-01-05T20:22:18Z"}
{"component":"DOCKER","instance":"","level":"info","msg":"Attach to internal network","time":"2025-01-05T20:22:18Z"}
{"component":"DOCKER","instance":"","level":"info","msg":"Remove application","time":"2025-01-05T20:22:20Z"}
{"component":"DOCKER","instance":"","level":"debug","msg":"Intermediary container used for moving data from volume to host has been removed","time":"2025-01-05T20:22:21Z"}
{"component":"TESTBED","instance":"[Project: 1]","level":"info","msg":"Saved output volume content to /data/tests/results_test_1_client_0_fc_vae_340284600.zip","time":"2025-01-05T20:22:21Z"}
{"component":"DOCKER","instance":"","level":"info","msg":"Remove volume test_1_output_0_1736108524","time":"2025-01-05T20:22:21Z"}
{"component":"TESTBED","instance":"[Project: 1]","level":"info","msg":"Deleted volume test_1_output_0_1736108524","time":"2025-01-05T20:22:21Z"}
{"component":"DOCKER","instance":"","level":"info","msg":"Remove volume test_1_input_0_1736108524","time":"2025-01-05T20:22:21Z"}
{"component":"TESTBED","instance":"[Project: 1]","level":"info","msg":"Deleted volume test_1_input_0_1736108524","time":"2025-01-05T20:22:21Z"}
{"component":"TESTBED","instance":"[Project: 1]","level":"info","msg":"Stopping container fc_vae_130319370","time":"2025-01-05T20:22:21Z"}
{"component":"DOCKER","instance":"","level":"info","msg":"Move data to host","time":"2025-01-05T20:22:21Z"}
{"component":"DOCKER","instance":"","level":"info","msg":"Attach to internal network","time":"2025-01-05T20:22:21Z"}
{"component":"DOCKER","instance":"","level":"info","msg":"Remove application","time":"2025-01-05T20:22:23Z"}
{"component":"DOCKER","instance":"","level":"debug","msg":"Intermediary container used for moving data from volume to host has been removed","time":"2025-01-05T20:22:24Z"}
{"component":"TESTBED","instance":"[Project: 1]","level":"info","msg":"Saved output volume content to /data/tests/results_test_1_client_1_fc_vae_130319370.zip","time":"2025-01-05T20:22:24Z"}
{"component":"DOCKER","instance":"","level":"info","msg":"Remove volume test_1_output_1_1736108528","time":"2025-01-05T20:22:24Z"}
{"component":"TESTBED","instance":"[Project: 1]","level":"info","msg":"Deleted volume test_1_output_1_1736108528","time":"2025-01-05T20:22:24Z"}
{"component":"DOCKER","instance":"","level":"info","msg":"Remove volume test_1_input_1_1736108528","time":"2025-01-05T20:22:24Z"}
{"component":"TESTBED","instance":"[Project: 1]","level":"info","msg":"Deleted volume test_1_input_1_1736108528","time":"2025-01-05T20:22:24Z"}
{"component":"FLOW","instance":"","level":"error","msg":"Error getting workflow data: Get \"https://featurecloud.ai/api/project-states/12709/?token=5d2d37e8-8e2a-470e-9017-8fff22584bb4\": dial tcp: lookup featurecloud.ai on 127.0.0.11:53: server misbehaving","time":"2025-01-05T22:44:22Z"}
{"component":"FLOW","instance":"","level":"error","msg":"Error getting workflow data: Get \"https://featurecloud.ai/api/project-states/12709/?token=5d2d37e8-8e2a-470e-9017-8fff22584bb4\": dial tcp: lookup featurecloud.ai on 127.0.0.11:53: no such host","time":"2025-01-05T22:44:25Z"}
{"component":"FLOW","instance":"","level":"error","msg":"Error getting workflow data: Get \"https://featurecloud.ai/api/project-states/12709/?token=5d2d37e8-8e2a-470e-9017-8fff22584bb4\": dial tcp: lookup featurecloud.ai on 127.0.0.11:53: no such host","time":"2025-01-05T22:44:28Z"}
