{"component":"MAIN","instance":"","level":"info","msg":"Controller start","time":"2025-01-06T13:13:24Z"}
{"component":"MAIN","instance":"","level":"info","msg":"Mode: Dockerized (isolated)","time":"2025-01-06T13:13:24Z"}
{"component":"MAIN","instance":"","level":"info","msg":"Configuration value 'HasGPU': false","time":"2025-01-06T13:13:24Z"}
{"component":"DOCKER","instance":"","level":"info","msg":"Removing leftover Docker entities for label: fc-controller-label","time":"2025-01-06T13:13:24Z"}
{"component":"DOCKER","instance":"","level":"info","msg":"Removed 0 of 0 leftover containers","time":"2025-01-06T13:13:24Z"}
{"component":"DOCKER","instance":"","level":"info","msg":"Removed 0 of 41 leftover volumes","time":"2025-01-06T13:13:24Z"}
{"component":"DOCKER","instance":"","level":"info","msg":"Removed 0 of 0 leftover networks","time":"2025-01-06T13:13:24Z"}
{"component":"GLOBAL","instance":"","level":"info","msg":"Listening on port 9150","time":"2025-01-06T13:13:24Z"}
{"component":"GLOBAL","instance":"","level":"info","msg":"Listening on port 9151","time":"2025-01-06T13:13:24Z"}
{"component":"FLOW","instance":"","level":"debug","msg":"1 projects","time":"2025-01-06T13:13:24Z"}
{"component":"FLOW","instance":"[Instance: 17081]","level":"info","msg":"Info change for project 17081: stage: error, step: 0","time":"2025-01-06T13:13:24Z"}
{"component":"FLOW","instance":"[Instance: 17081]","level":"error","msg":"Workflow is shutting down because of an error","time":"2025-01-06T13:13:24Z"}
{"component":"DATA","instance":"17081","level":"debug","msg":"Updated project state for project 17081","time":"2025-01-06T13:13:24Z"}
{"component":"TESTBED","instance":"","level":"info","msg":"Create new test","time":"2025-01-06T13:13:32Z"}
{"component":"TESTBED","instance":"[Project: 1]","level":"info","msg":"Create volumes and containers...","time":"2025-01-06T13:13:32Z"}
{"component":"DOCKER","instance":"","level":"info","msg":"Create volume test_1_input_0_1736169212","time":"2025-01-06T13:13:32Z"}
{"component":"DOCKER","instance":"","level":"info","msg":"Create volume test_1_output_0_1736169212","time":"2025-01-06T13:13:32Z"}
{"component":"TESTBED","instance":"[Project: 1]","level":"info","msg":"Move data to workspace from C:/Users/david/Desktop/Biostatistik/tutorial/vae\\data/client1","time":"2025-01-06T13:13:32Z"}
{"component":"DOCKER","instance":"","level":"info","msg":"Move data to workspace","time":"2025-01-06T13:13:32Z"}
{"component":"DOCKER","instance":"","level":"info","msg":"Attach to internal network","time":"2025-01-06T13:13:33Z"}
{"component":"DOCKER","instance":"","level":"info","msg":"Remove application","time":"2025-01-06T13:13:34Z"}
{"component":"DOCKER","instance":"","level":"info","msg":"Intermediary container used for moving data from host to volume has been removed","time":"2025-01-06T13:13:35Z"}
{"component":"TESTBED","instance":"[Project: 1]","level":"info","msg":"Move generic data to workspace skipped, no source provided","time":"2025-01-06T13:13:35Z"}
{"component":"TESTBED","instance":"[Project: 1]","level":"info","msg":"Start application","time":"2025-01-06T13:13:35Z"}
{"component":"DOCKER","instance":"","level":"info","msg":"Attach to internal network","time":"2025-01-06T13:13:35Z"}
{"component":"TESTBED","instance":"[Project: 1]","level":"info","msg":"Append app to list","time":"2025-01-06T13:13:37Z"}
{"component":"DOCKER","instance":"","level":"info","msg":"Create volume test_1_input_1_1736169217","time":"2025-01-06T13:13:37Z"}
{"component":"DOCKER","instance":"","level":"info","msg":"Create volume test_1_output_1_1736169217","time":"2025-01-06T13:13:37Z"}
{"component":"TESTBED","instance":"[Project: 1]","level":"info","msg":"Move data to workspace from C:/Users/david/Desktop/Biostatistik/tutorial/vae\\data/client2","time":"2025-01-06T13:13:37Z"}
{"component":"DOCKER","instance":"","level":"info","msg":"Move data to workspace","time":"2025-01-06T13:13:37Z"}
{"component":"DOCKER","instance":"","level":"info","msg":"Attach to internal network","time":"2025-01-06T13:13:37Z"}
{"component":"DOCKER","instance":"","level":"info","msg":"Remove application","time":"2025-01-06T13:13:39Z"}
{"component":"DOCKER","instance":"","level":"info","msg":"Intermediary container used for moving data from host to volume has been removed","time":"2025-01-06T13:13:40Z"}
{"component":"TESTBED","instance":"[Project: 1]","level":"info","msg":"Move generic data to workspace skipped, no source provided","time":"2025-01-06T13:13:40Z"}
{"component":"TESTBED","instance":"[Project: 1]","level":"info","msg":"Start application","time":"2025-01-06T13:13:40Z"}
{"component":"DOCKER","instance":"","level":"info","msg":"Attach to internal network","time":"2025-01-06T13:13:40Z"}
{"component":"TESTBED","instance":"[Project: 1]","level":"info","msg":"Append app to list","time":"2025-01-06T13:13:42Z"}
{"component":"TESTBED","instance":"[Project: 1]","level":"info","msg":"Link fc_vae_839955029 with global socket server","time":"2025-01-06T13:13:42Z"}
{"component":"TESTBED","instance":"[Project: 1]","level":"info","msg":"Link fc_vae_516320043 with global socket server","time":"2025-01-06T13:13:42Z"}
{"component":"TESTBED","instance":"[Project: 1]","level":"info","msg":"Start local socket server","time":"2025-01-06T13:13:42Z"}
{"component":"TESTBED","instance":"[Project: 1]","level":"info","msg":"Start local socket server","time":"2025-01-06T13:13:42Z"}
{"component":"TESTBED","instance":"[Project: 1]","level":"info","msg":"Link to global address","time":"2025-01-06T13:13:42Z"}
{"component":"TESTBED","instance":"[Project: 1]","level":"info","msg":"Link to global address","time":"2025-01-06T13:13:42Z"}
{"component":"GLOBAL","instance":"","level":"info","msg":"Registered new participant controller","time":"2025-01-06T13:13:42Z"}
{"component":"GLOBAL","instance":"","level":"info","msg":"Registered new coordinator controller","time":"2025-01-06T13:13:42Z"}
{"component":"LOCAL","instance":"","level":"info","msg":"Received setup trigger","time":"2025-01-06T13:13:42Z"}
{"component":"LOCAL","instance":"","level":"info","msg":"Received setup trigger","time":"2025-01-06T13:13:42Z"}
{"component":"LOCAL","instance":"","level":"error","msg":"Got error during setup to http://172.18.0.4:9000: Post \"http://172.18.0.4:9000/setup\": dial tcp 172.18.0.4:9000: connect: connection refused","time":"2025-01-06T13:13:42Z"}
{"component":"GLOBAL","instance":"","level":"info","msg":"Setup a7d029162a1fae6d53b237631eef434c4463ec356d9080b74a6fad61b21c9381","time":"2025-01-06T13:13:43Z"}
{"component":"TESTBED","instance":"[Project: 1]","level":"info","msg":"Setup triggered","time":"2025-01-06T13:13:43Z"}
{"component":"TESTBED","instance":"[Project: 1]","level":"info","msg":"2 apps and server created and running","time":"2025-01-06T13:13:43Z"}
{"component":"LOCAL","instance":"","level":"info","msg":"http://172.18.0.3:9000/status: Finished","time":"2025-01-06T13:13:43Z"}
{"component":"GLOBAL","instance":"","level":"info","msg":"Participant (ID: ac4abf7800bf359e) finished the current step","time":"2025-01-06T13:13:43Z"}
{"component":"LOCAL","instance":"","level":"info","msg":"Shutdown","time":"2025-01-06T13:13:44Z"}
{"component":"LOCAL","instance":"","level":"info","msg":"Shutdown","time":"2025-01-06T13:13:44Z"}
{"component":"GLOBAL","instance":"","level":"error","msg":"Participant (ID: e58a8bb60adbaced): relaying stopped due to: read tcp [::1]:9150-\u003e[::1]:60740: read: connection reset by peer","time":"2025-01-06T13:13:44Z"}
{"component":"TESTBED","instance":"[Project: 1]","level":"info","msg":"Stopping test id: 1","time":"2025-01-06T13:13:44Z"}
{"component":"TESTBED","instance":"[Project: 1]","level":"info","msg":"Stopping container fc_vae_839955029","time":"2025-01-06T13:13:44Z"}
{"component":"GLOBAL","instance":"","level":"error","msg":"Participant (ID: ac4abf7800bf359e): relaying stopped due to: EOF","time":"2025-01-06T13:13:44Z"}
{"component":"DOCKER","instance":"","level":"info","msg":"Move data to host","time":"2025-01-06T13:13:44Z"}
{"component":"DOCKER","instance":"","level":"info","msg":"Attach to internal network","time":"2025-01-06T13:13:45Z"}
{"component":"DOCKER","instance":"","level":"info","msg":"Remove application","time":"2025-01-06T13:13:46Z"}
{"component":"DOCKER","instance":"","level":"debug","msg":"Intermediary container used for moving data from volume to host has been removed","time":"2025-01-06T13:13:47Z"}
{"component":"TESTBED","instance":"[Project: 1]","level":"info","msg":"Saved output volume content to /data/tests/results_test_1_client_0_fc_vae_839955029.zip","time":"2025-01-06T13:13:47Z"}
{"component":"DOCKER","instance":"","level":"info","msg":"Remove volume test_1_output_0_1736169212","time":"2025-01-06T13:13:47Z"}
{"component":"TESTBED","instance":"[Project: 1]","level":"info","msg":"Deleted volume test_1_output_0_1736169212","time":"2025-01-06T13:13:47Z"}
{"component":"DOCKER","instance":"","level":"info","msg":"Remove volume test_1_input_0_1736169212","time":"2025-01-06T13:13:47Z"}
{"component":"TESTBED","instance":"[Project: 1]","level":"info","msg":"Deleted volume test_1_input_0_1736169212","time":"2025-01-06T13:13:47Z"}
{"component":"TESTBED","instance":"[Project: 1]","level":"info","msg":"Stopping container fc_vae_516320043","time":"2025-01-06T13:13:47Z"}
{"component":"DOCKER","instance":"","level":"info","msg":"Move data to host","time":"2025-01-06T13:13:48Z"}
{"component":"DOCKER","instance":"","level":"info","msg":"Attach to internal network","time":"2025-01-06T13:13:48Z"}
{"component":"DOCKER","instance":"","level":"info","msg":"Remove application","time":"2025-01-06T13:13:50Z"}
{"component":"DOCKER","instance":"","level":"debug","msg":"Intermediary container used for moving data from volume to host has been removed","time":"2025-01-06T13:13:51Z"}
{"component":"TESTBED","instance":"[Project: 1]","level":"info","msg":"Saved output volume content to /data/tests/results_test_1_client_1_fc_vae_516320043.zip","time":"2025-01-06T13:13:51Z"}
{"component":"DOCKER","instance":"","level":"info","msg":"Remove volume test_1_output_1_1736169217","time":"2025-01-06T13:13:51Z"}
{"component":"TESTBED","instance":"[Project: 1]","level":"info","msg":"Deleted volume test_1_output_1_1736169217","time":"2025-01-06T13:13:51Z"}
{"component":"DOCKER","instance":"","level":"info","msg":"Remove volume test_1_input_1_1736169217","time":"2025-01-06T13:13:51Z"}
{"component":"TESTBED","instance":"[Project: 1]","level":"info","msg":"Deleted volume test_1_input_1_1736169217","time":"2025-01-06T13:13:51Z"}
{"component":"TESTBED","instance":"","level":"info","msg":"Create new test","time":"2025-01-06T13:18:30Z"}
{"component":"TESTBED","instance":"[Project: 2]","level":"info","msg":"Create volumes and containers...","time":"2025-01-06T13:18:30Z"}
{"component":"DOCKER","instance":"","level":"info","msg":"Create volume test_2_input_0_1736169510","time":"2025-01-06T13:18:30Z"}
{"component":"DOCKER","instance":"","level":"info","msg":"Create volume test_2_output_0_1736169510","time":"2025-01-06T13:18:30Z"}
{"component":"TESTBED","instance":"[Project: 2]","level":"info","msg":"Move data to workspace from C:/Users/david/Desktop/Biostatistik/tutorial/vae\\data/client1","time":"2025-01-06T13:18:30Z"}
{"component":"DOCKER","instance":"","level":"info","msg":"Move data to workspace","time":"2025-01-06T13:18:30Z"}
{"component":"DOCKER","instance":"","level":"info","msg":"Attach to internal network","time":"2025-01-06T13:18:31Z"}
{"component":"DOCKER","instance":"","level":"info","msg":"Remove application","time":"2025-01-06T13:18:33Z"}
{"component":"DOCKER","instance":"","level":"info","msg":"Intermediary container used for moving data from host to volume has been removed","time":"2025-01-06T13:18:34Z"}
{"component":"TESTBED","instance":"[Project: 2]","level":"info","msg":"Move generic data to workspace skipped, no source provided","time":"2025-01-06T13:18:34Z"}
{"component":"TESTBED","instance":"[Project: 2]","level":"info","msg":"Start application","time":"2025-01-06T13:18:34Z"}
{"component":"DOCKER","instance":"","level":"info","msg":"Attach to internal network","time":"2025-01-06T13:18:34Z"}
{"component":"TESTBED","instance":"[Project: 2]","level":"info","msg":"Append app to list","time":"2025-01-06T13:18:35Z"}
{"component":"DOCKER","instance":"","level":"info","msg":"Create volume test_2_input_1_1736169515","time":"2025-01-06T13:18:35Z"}
{"component":"DOCKER","instance":"","level":"info","msg":"Create volume test_2_output_1_1736169515","time":"2025-01-06T13:18:35Z"}
{"component":"TESTBED","instance":"[Project: 2]","level":"info","msg":"Move data to workspace from C:/Users/david/Desktop/Biostatistik/tutorial/vae\\data/client2","time":"2025-01-06T13:18:35Z"}
{"component":"DOCKER","instance":"","level":"info","msg":"Move data to workspace","time":"2025-01-06T13:18:35Z"}
{"component":"DOCKER","instance":"","level":"info","msg":"Attach to internal network","time":"2025-01-06T13:18:36Z"}
{"component":"DOCKER","instance":"","level":"info","msg":"Remove application","time":"2025-01-06T13:18:37Z"}
{"component":"DOCKER","instance":"","level":"info","msg":"Intermediary container used for moving data from host to volume has been removed","time":"2025-01-06T13:18:39Z"}
{"component":"TESTBED","instance":"[Project: 2]","level":"info","msg":"Move generic data to workspace skipped, no source provided","time":"2025-01-06T13:18:39Z"}
{"component":"TESTBED","instance":"[Project: 2]","level":"info","msg":"Start application","time":"2025-01-06T13:18:39Z"}
{"component":"DOCKER","instance":"","level":"info","msg":"Attach to internal network","time":"2025-01-06T13:18:39Z"}
{"component":"TESTBED","instance":"[Project: 2]","level":"info","msg":"Append app to list","time":"2025-01-06T13:18:40Z"}
{"component":"TESTBED","instance":"[Project: 2]","level":"info","msg":"Link fc_vae_131301176 with global socket server","time":"2025-01-06T13:18:40Z"}
{"component":"TESTBED","instance":"[Project: 2]","level":"info","msg":"Link fc_vae_134148216 with global socket server","time":"2025-01-06T13:18:40Z"}
{"component":"TESTBED","instance":"[Project: 2]","level":"info","msg":"Start local socket server","time":"2025-01-06T13:18:40Z"}
{"component":"TESTBED","instance":"[Project: 2]","level":"info","msg":"Start local socket server","time":"2025-01-06T13:18:40Z"}
{"component":"TESTBED","instance":"[Project: 2]","level":"info","msg":"Link to global address","time":"2025-01-06T13:18:40Z"}
{"component":"TESTBED","instance":"[Project: 2]","level":"info","msg":"Link to global address","time":"2025-01-06T13:18:40Z"}
{"component":"GLOBAL","instance":"","level":"info","msg":"Registered new coordinator controller","time":"2025-01-06T13:18:40Z"}
{"component":"GLOBAL","instance":"","level":"info","msg":"Registered new participant controller","time":"2025-01-06T13:18:40Z"}
{"component":"LOCAL","instance":"","level":"info","msg":"Received setup trigger","time":"2025-01-06T13:18:40Z"}
{"component":"LOCAL","instance":"","level":"info","msg":"Received setup trigger","time":"2025-01-06T13:18:40Z"}
{"component":"LOCAL","instance":"","level":"error","msg":"Got error during setup to http://172.18.0.4:9000: Post \"http://172.18.0.4:9000/setup\": dial tcp 172.18.0.4:9000: connect: connection refused","time":"2025-01-06T13:18:40Z"}
{"component":"GLOBAL","instance":"","level":"info","msg":"Setup 85584050c80abae72a204e4c2cd592aec92b97f96c5d5cc49defda8909910efd","time":"2025-01-06T13:18:41Z"}
{"component":"TESTBED","instance":"[Project: 2]","level":"info","msg":"Setup triggered","time":"2025-01-06T13:18:41Z"}
{"component":"TESTBED","instance":"[Project: 2]","level":"info","msg":"2 apps and server created and running","time":"2025-01-06T13:18:41Z"}
{"component":"LOCAL","instance":"","level":"info","msg":"http://172.18.0.4:9000/status: Finished","time":"2025-01-06T13:19:04Z"}
{"component":"GLOBAL","instance":"","level":"info","msg":"Participant (ID: 0a0ce8c94d3e4c63) finished the current step","time":"2025-01-06T13:19:04Z"}
{"component":"LOCAL","instance":"","level":"info","msg":"http://172.18.0.4:9000/status: Finished","time":"2025-01-06T13:19:07Z"}
{"component":"GLOBAL","instance":"","level":"info","msg":"Participant (ID: 0a0ce8c94d3e4c63) finished the current step","time":"2025-01-06T13:19:07Z"}
{"component":"LOCAL","instance":"","level":"info","msg":"http://172.18.0.4:9000/status: Finished","time":"2025-01-06T13:19:10Z"}
{"component":"GLOBAL","instance":"","level":"info","msg":"Participant (ID: 0a0ce8c94d3e4c63) finished the current step","time":"2025-01-06T13:19:10Z"}
{"component":"LOCAL","instance":"","level":"info","msg":"http://172.18.0.3:9000/status: Finished","time":"2025-01-06T13:19:11Z"}
{"component":"GLOBAL","instance":"","level":"info","msg":"Participant (ID: 92a4d45fbd6a55d2) finished the current step","time":"2025-01-06T13:19:11Z"}
{"component":"LOCAL","instance":"","level":"info","msg":"Shutdown","time":"2025-01-06T13:19:11Z"}
{"component":"GLOBAL","instance":"","level":"error","msg":"Participant (ID: 0a0ce8c94d3e4c63): relaying stopped due to: EOF","time":"2025-01-06T13:19:11Z"}
{"component":"LOCAL","instance":"","level":"info","msg":"Shutdown","time":"2025-01-06T13:19:11Z"}
{"component":"GLOBAL","instance":"","level":"error","msg":"Participant (ID: 92a4d45fbd6a55d2): relaying stopped due to: EOF","time":"2025-01-06T13:19:11Z"}
{"component":"TESTBED","instance":"[Project: 2]","level":"info","msg":"Stopping test id: 2","time":"2025-01-06T13:19:11Z"}
{"component":"TESTBED","instance":"[Project: 2]","level":"info","msg":"Stopping container fc_vae_131301176","time":"2025-01-06T13:19:11Z"}
{"component":"DOCKER","instance":"","level":"info","msg":"Move data to host","time":"2025-01-06T13:19:12Z"}
{"component":"DOCKER","instance":"","level":"info","msg":"Attach to internal network","time":"2025-01-06T13:19:13Z"}
{"component":"DOCKER","instance":"","level":"info","msg":"Remove application","time":"2025-01-06T13:19:15Z"}
{"component":"DOCKER","instance":"","level":"debug","msg":"Intermediary container used for moving data from volume to host has been removed","time":"2025-01-06T13:19:17Z"}
{"component":"TESTBED","instance":"[Project: 2]","level":"info","msg":"Saved output volume content to /data/tests/results_test_2_client_0_fc_vae_131301176.zip","time":"2025-01-06T13:19:17Z"}
{"component":"DOCKER","instance":"","level":"info","msg":"Remove volume test_2_output_0_1736169510","time":"2025-01-06T13:19:17Z"}
{"component":"TESTBED","instance":"[Project: 2]","level":"info","msg":"Deleted volume test_2_output_0_1736169510","time":"2025-01-06T13:19:17Z"}
{"component":"DOCKER","instance":"","level":"info","msg":"Remove volume test_2_input_0_1736169510","time":"2025-01-06T13:19:17Z"}
{"component":"TESTBED","instance":"[Project: 2]","level":"info","msg":"Deleted volume test_2_input_0_1736169510","time":"2025-01-06T13:19:17Z"}
{"component":"TESTBED","instance":"[Project: 2]","level":"info","msg":"Stopping container fc_vae_134148216","time":"2025-01-06T13:19:17Z"}
{"component":"DOCKER","instance":"","level":"info","msg":"Move data to host","time":"2025-01-06T13:19:17Z"}
{"component":"DOCKER","instance":"","level":"info","msg":"Attach to internal network","time":"2025-01-06T13:19:18Z"}
{"component":"DOCKER","instance":"","level":"info","msg":"Remove application","time":"2025-01-06T13:19:20Z"}
{"component":"DOCKER","instance":"","level":"debug","msg":"Intermediary container used for moving data from volume to host has been removed","time":"2025-01-06T13:19:21Z"}
{"component":"TESTBED","instance":"[Project: 2]","level":"info","msg":"Saved output volume content to /data/tests/results_test_2_client_1_fc_vae_134148216.zip","time":"2025-01-06T13:19:22Z"}
{"component":"DOCKER","instance":"","level":"info","msg":"Remove volume test_2_output_1_1736169515","time":"2025-01-06T13:19:22Z"}
{"component":"TESTBED","instance":"[Project: 2]","level":"info","msg":"Deleted volume test_2_output_1_1736169515","time":"2025-01-06T13:19:22Z"}
{"component":"DOCKER","instance":"","level":"info","msg":"Remove volume test_2_input_1_1736169515","time":"2025-01-06T13:19:22Z"}
{"component":"TESTBED","instance":"[Project: 2]","level":"info","msg":"Deleted volume test_2_input_1_1736169515","time":"2025-01-06T13:19:22Z"}
