{"component":"MAIN","instance":"","level":"info","msg":"Controller start","time":"2025-01-29T13:39:51Z"}
{"component":"MAIN","instance":"","level":"info","msg":"Mode: Dockerized (isolated)","time":"2025-01-29T13:39:51Z"}
{"component":"MAIN","instance":"","level":"info","msg":"Configuration value 'HasGPU': false","time":"2025-01-29T13:39:51Z"}
{"component":"DOCKER","instance":"","level":"info","msg":"Removing leftover Docker entities for label: fc-controller-label","time":"2025-01-29T13:39:52Z"}
{"component":"DOCKER","instance":"","level":"info","msg":"Removed 0 of 0 leftover containers","time":"2025-01-29T13:39:52Z"}
{"component":"DOCKER","instance":"","level":"info","msg":"Removed 0 of 0 leftover volumes","time":"2025-01-29T13:39:52Z"}
{"component":"DOCKER","instance":"","level":"info","msg":"Removed 0 of 0 leftover networks","time":"2025-01-29T13:39:52Z"}
{"component":"GLOBAL","instance":"","level":"info","msg":"Listening on port 9151","time":"2025-01-29T13:39:52Z"}
{"component":"GLOBAL","instance":"","level":"info","msg":"Listening on port 9150","time":"2025-01-29T13:39:52Z"}
{"component":"FLOW","instance":"","level":"debug","msg":"1 projects","time":"2025-01-29T13:39:52Z"}
{"component":"FLOW","instance":"[Instance: 17081]","level":"info","msg":"Info change for project 17081: stage: error, step: 0","time":"2025-01-29T13:39:52Z"}
{"component":"FLOW","instance":"[Instance: 17081]","level":"error","msg":"Workflow is shutting down because of an error","time":"2025-01-29T13:39:52Z"}
{"component":"DATA","instance":"17081","level":"debug","msg":"Updated project state for project 17081","time":"2025-01-29T13:39:52Z"}
{"component":"TESTBED","instance":"","level":"info","msg":"Create new test","time":"2025-01-29T13:40:04Z"}
{"component":"TESTBED","instance":"[Project: 1]","level":"info","msg":"Create volumes and containers...","time":"2025-01-29T13:40:05Z"}
{"component":"DOCKER","instance":"","level":"info","msg":"Create volume test_1_input_0_1738158005","time":"2025-01-29T13:40:05Z"}
{"component":"DOCKER","instance":"","level":"info","msg":"Create volume test_1_output_0_1738158005","time":"2025-01-29T13:40:05Z"}
{"component":"TESTBED","instance":"[Project: 1]","level":"info","msg":"Move data to workspace from C:/Users/david/Desktop/Biostatistik/Autoencoder/vae\\data/client1","time":"2025-01-29T13:40:05Z"}
{"component":"DOCKER","instance":"","level":"info","msg":"Move data to workspace","time":"2025-01-29T13:40:05Z"}
{"component":"DOCKER","instance":"","level":"info","msg":"Attach to internal network","time":"2025-01-29T13:40:05Z"}
{"component":"DOCKER","instance":"","level":"info","msg":"Remove application","time":"2025-01-29T13:40:06Z"}
{"component":"DOCKER","instance":"","level":"info","msg":"Intermediary container used for moving data from host to volume has been removed","time":"2025-01-29T13:40:07Z"}
{"component":"TESTBED","instance":"[Project: 1]","level":"info","msg":"Move generic data to workspace skipped, no source provided","time":"2025-01-29T13:40:07Z"}
{"component":"TESTBED","instance":"[Project: 1]","level":"info","msg":"Start application","time":"2025-01-29T13:40:07Z"}
{"component":"DOCKER","instance":"","level":"info","msg":"Attach to internal network","time":"2025-01-29T13:40:08Z"}
{"component":"TESTBED","instance":"[Project: 1]","level":"info","msg":"Append app to list","time":"2025-01-29T13:40:09Z"}
{"component":"DOCKER","instance":"","level":"info","msg":"Create volume test_1_input_1_1738158009","time":"2025-01-29T13:40:09Z"}
{"component":"DOCKER","instance":"","level":"info","msg":"Create volume test_1_output_1_1738158009","time":"2025-01-29T13:40:09Z"}
{"component":"TESTBED","instance":"[Project: 1]","level":"info","msg":"Move data to workspace from C:/Users/david/Desktop/Biostatistik/Autoencoder/vae\\data/client2","time":"2025-01-29T13:40:09Z"}
{"component":"DOCKER","instance":"","level":"info","msg":"Move data to workspace","time":"2025-01-29T13:40:09Z"}
{"component":"DOCKER","instance":"","level":"info","msg":"Attach to internal network","time":"2025-01-29T13:40:09Z"}
{"component":"DOCKER","instance":"","level":"info","msg":"Remove application","time":"2025-01-29T13:40:11Z"}
{"component":"DOCKER","instance":"","level":"info","msg":"Intermediary container used for moving data from host to volume has been removed","time":"2025-01-29T13:40:12Z"}
{"component":"TESTBED","instance":"[Project: 1]","level":"info","msg":"Move generic data to workspace skipped, no source provided","time":"2025-01-29T13:40:12Z"}
{"component":"TESTBED","instance":"[Project: 1]","level":"info","msg":"Start application","time":"2025-01-29T13:40:12Z"}
{"component":"DOCKER","instance":"","level":"info","msg":"Attach to internal network","time":"2025-01-29T13:40:12Z"}
{"component":"TESTBED","instance":"[Project: 1]","level":"info","msg":"Append app to list","time":"2025-01-29T13:40:14Z"}
{"component":"DOCKER","instance":"","level":"info","msg":"Create volume test_1_input_2_1738158014","time":"2025-01-29T13:40:14Z"}
{"component":"DOCKER","instance":"","level":"info","msg":"Create volume test_1_output_2_1738158014","time":"2025-01-29T13:40:14Z"}
{"component":"TESTBED","instance":"[Project: 1]","level":"info","msg":"Move data to workspace from C:/Users/david/Desktop/Biostatistik/Autoencoder/vae\\data/client3","time":"2025-01-29T13:40:14Z"}
{"component":"DOCKER","instance":"","level":"info","msg":"Move data to workspace","time":"2025-01-29T13:40:14Z"}
{"component":"DOCKER","instance":"","level":"info","msg":"Attach to internal network","time":"2025-01-29T13:40:14Z"}
{"component":"DOCKER","instance":"","level":"info","msg":"Remove application","time":"2025-01-29T13:40:16Z"}
{"component":"DOCKER","instance":"","level":"info","msg":"Intermediary container used for moving data from host to volume has been removed","time":"2025-01-29T13:40:17Z"}
{"component":"TESTBED","instance":"[Project: 1]","level":"info","msg":"Move generic data to workspace skipped, no source provided","time":"2025-01-29T13:40:17Z"}
{"component":"TESTBED","instance":"[Project: 1]","level":"info","msg":"Start application","time":"2025-01-29T13:40:17Z"}
{"component":"DOCKER","instance":"","level":"info","msg":"Attach to internal network","time":"2025-01-29T13:40:17Z"}
{"component":"TESTBED","instance":"[Project: 1]","level":"info","msg":"Append app to list","time":"2025-01-29T13:40:19Z"}
{"component":"TESTBED","instance":"[Project: 1]","level":"info","msg":"Link fc_vae_991400886 with global socket server","time":"2025-01-29T13:40:19Z"}
{"component":"TESTBED","instance":"[Project: 1]","level":"info","msg":"Link fc_vae_754810396 with global socket server","time":"2025-01-29T13:40:19Z"}
{"component":"TESTBED","instance":"[Project: 1]","level":"info","msg":"Link fc_vae_820255653 with global socket server","time":"2025-01-29T13:40:19Z"}
{"component":"TESTBED","instance":"[Project: 1]","level":"info","msg":"Start local socket server","time":"2025-01-29T13:40:19Z"}
{"component":"TESTBED","instance":"[Project: 1]","level":"info","msg":"Start local socket server","time":"2025-01-29T13:40:19Z"}
{"component":"TESTBED","instance":"[Project: 1]","level":"info","msg":"Start local socket server","time":"2025-01-29T13:40:19Z"}
{"component":"TESTBED","instance":"[Project: 1]","level":"info","msg":"Link to global address","time":"2025-01-29T13:40:19Z"}
{"component":"TESTBED","instance":"[Project: 1]","level":"info","msg":"Link to global address","time":"2025-01-29T13:40:19Z"}
{"component":"TESTBED","instance":"[Project: 1]","level":"info","msg":"Link to global address","time":"2025-01-29T13:40:19Z"}
{"component":"GLOBAL","instance":"","level":"info","msg":"Registered new participant controller","time":"2025-01-29T13:40:19Z"}
{"component":"GLOBAL","instance":"","level":"info","msg":"Registered new coordinator controller","time":"2025-01-29T13:40:19Z"}
{"component":"GLOBAL","instance":"","level":"info","msg":"Registered new participant controller","time":"2025-01-29T13:40:19Z"}
{"component":"LOCAL","instance":"","level":"info","msg":"Received setup trigger","time":"2025-01-29T13:40:19Z"}
{"component":"LOCAL","instance":"","level":"info","msg":"Received setup trigger","time":"2025-01-29T13:40:19Z"}
{"component":"LOCAL","instance":"","level":"info","msg":"Received setup trigger","time":"2025-01-29T13:40:19Z"}
{"component":"LOCAL","instance":"","level":"error","msg":"Got error during setup to http://172.18.0.5:9000: Post \"http://172.18.0.5:9000/setup\": dial tcp 172.18.0.5:9000: connect: connection refused","time":"2025-01-29T13:40:19Z"}
{"component":"LOCAL","instance":"","level":"error","msg":"Got error code during setup: 502, 502 Bad Gateway","time":"2025-01-29T13:40:19Z"}
{"component":"GLOBAL","instance":"","level":"info","msg":"Setup 4fcf9d8a978f187b25d5ec69fefd1c201b0230d015557d7212c9b17bb261a6c2","time":"2025-01-29T13:40:20Z"}
{"component":"TESTBED","instance":"[Project: 1]","level":"info","msg":"Setup triggered","time":"2025-01-29T13:40:20Z"}
{"component":"TESTBED","instance":"[Project: 1]","level":"info","msg":"3 apps and server created and running","time":"2025-01-29T13:40:20Z"}
{"component":"LOCAL","instance":"","level":"error","msg":"Got error code during setup: 502, 502 Bad Gateway","time":"2025-01-29T13:40:21Z"}
{"component":"LOCAL","instance":"","level":"info","msg":"http://172.18.0.3:9000/status: New data available","time":"2025-01-29T13:40:24Z"}
{"component":"LOCAL","instance":"","level":"info","msg":"Mode: plain","time":"2025-01-29T13:40:24Z"}
{"component":"LOCAL","instance":"","level":"error","msg":"Got error code during setup: 502, 502 Bad Gateway","time":"2025-01-29T13:40:25Z"}
{"component":"LOCAL","instance":"","level":"debug","msg":"http://172.18.0.3:9000/data: Fetched 58363374 bytes","time":"2025-01-29T13:40:30Z"}
{"component":"GLOBAL","instance":"","level":"info","msg":"Coordinator (ID: 4bb11c51fd0042cf) broadcasting 58363374 bytes","time":"2025-01-29T13:40:30Z"}
{"component":"LOCAL","instance":"","level":"info","msg":"received 58363374 bytes from Client 4bb11c51fd0042cf","time":"2025-01-29T13:40:34Z"}
{"component":"LOCAL","instance":"","level":"info","msg":"POST to http://172.18.0.5:9000/data?client=4bb11c51fd0042cf\u0026memo=None [Try 1/3]","time":"2025-01-29T13:40:34Z"}
{"component":"LOCAL","instance":"","level":"info","msg":"received 58363374 bytes from Client 4bb11c51fd0042cf","time":"2025-01-29T13:40:35Z"}
{"component":"LOCAL","instance":"","level":"info","msg":"POST to http://172.18.0.4:9000/data?client=4bb11c51fd0042cf\u0026memo=None [Try 1/3]","time":"2025-01-29T13:40:35Z"}
{"component":"LOCAL","instance":"","level":"info","msg":"http://172.18.0.4:9000/status: New data available","time":"2025-01-29T13:41:44Z"}
{"component":"LOCAL","instance":"","level":"info","msg":"Mode: plain","time":"2025-01-29T13:41:44Z"}
{"component":"LOCAL","instance":"","level":"info","msg":"http://172.18.0.5:9000/status: New data available","time":"2025-01-29T13:41:51Z"}
{"component":"LOCAL","instance":"","level":"info","msg":"Mode: plain","time":"2025-01-29T13:41:51Z"}
{"component":"LOCAL","instance":"","level":"debug","msg":"http://172.18.0.4:9000/data: Fetched 58363369 bytes","time":"2025-01-29T13:41:51Z"}
{"component":"GLOBAL","instance":"","level":"info","msg":"Participant (ID: d921adb63f52a71e) sending 58363369 bytes to Coordinator","time":"2025-01-29T13:41:51Z"}
{"component":"LOCAL","instance":"","level":"info","msg":"received 58363369 bytes from Client d921adb63f52a71e","time":"2025-01-29T13:41:51Z"}
{"component":"LOCAL","instance":"","level":"info","msg":"POST to http://172.18.0.3:9000/data?client=d921adb63f52a71e\u0026memo=GATHERROUND1 [Try 1/3]","time":"2025-01-29T13:41:51Z"}
{"component":"LOCAL","instance":"","level":"debug","msg":"http://172.18.0.5:9000/data: Fetched 58363369 bytes","time":"2025-01-29T13:41:55Z"}
{"component":"GLOBAL","instance":"","level":"info","msg":"Participant (ID: a412be67ecc07d0c) sending 58363369 bytes to Coordinator","time":"2025-01-29T13:41:55Z"}
{"component":"LOCAL","instance":"","level":"info","msg":"received 58363369 bytes from Client a412be67ecc07d0c","time":"2025-01-29T13:41:55Z"}
{"component":"LOCAL","instance":"","level":"info","msg":"POST to http://172.18.0.3:9000/data?client=a412be67ecc07d0c\u0026memo=GATHERROUND1 [Try 1/3]","time":"2025-01-29T13:41:55Z"}
{"component":"LOCAL","instance":"","level":"info","msg":"http://172.18.0.3:9000/status: New data available","time":"2025-01-29T13:41:57Z"}
{"component":"LOCAL","instance":"","level":"info","msg":"Mode: plain","time":"2025-01-29T13:41:57Z"}
{"component":"LOCAL","instance":"","level":"debug","msg":"http://172.18.0.3:9000/data: Fetched 58363374 bytes","time":"2025-01-29T13:42:03Z"}
{"component":"GLOBAL","instance":"","level":"info","msg":"Coordinator (ID: 4bb11c51fd0042cf) broadcasting 58363374 bytes","time":"2025-01-29T13:42:03Z"}
{"component":"LOCAL","instance":"","level":"info","msg":"received 58363374 bytes from Client 4bb11c51fd0042cf","time":"2025-01-29T13:42:04Z"}
{"component":"LOCAL","instance":"","level":"info","msg":"POST to http://172.18.0.5:9000/data?client=4bb11c51fd0042cf\u0026memo=None [Try 1/3]","time":"2025-01-29T13:42:04Z"}
{"component":"LOCAL","instance":"","level":"info","msg":"received 58363374 bytes from Client 4bb11c51fd0042cf","time":"2025-01-29T13:42:04Z"}
{"component":"LOCAL","instance":"","level":"info","msg":"POST to http://172.18.0.4:9000/data?client=4bb11c51fd0042cf\u0026memo=None [Try 1/3]","time":"2025-01-29T13:42:04Z"}
