{"component":"MAIN","instance":"","level":"info","msg":"Controller start","time":"2024-12-20T10:42:36Z"}
{"component":"MAIN","instance":"","level":"info","msg":"Mode: Dockerized (isolated)","time":"2024-12-20T10:42:36Z"}
{"component":"MAIN","instance":"","level":"info","msg":"Configuration value 'HasGPU': false","time":"2024-12-20T10:42:36Z"}
{"component":"DOCKER","instance":"","level":"info","msg":"Removing leftover Docker entities for label: fc-controller-label","time":"2024-12-20T10:42:36Z"}
{"component":"DOCKER","instance":"","level":"info","msg":"Removed 0 of 0 leftover containers","time":"2024-12-20T10:42:36Z"}
{"component":"DOCKER","instance":"","level":"info","msg":"Removed 0 of 24 leftover volumes","time":"2024-12-20T10:42:37Z"}
{"component":"DOCKER","instance":"","level":"info","msg":"Removed 0 of 0 leftover networks","time":"2024-12-20T10:42:37Z"}
{"component":"GLOBAL","instance":"","level":"info","msg":"Listening on port 9151","time":"2024-12-20T10:42:37Z"}
{"component":"GLOBAL","instance":"","level":"info","msg":"Listening on port 9150","time":"2024-12-20T10:42:37Z"}
{"component":"FLOW","instance":"","level":"debug","msg":"1 projects","time":"2024-12-20T10:42:37Z"}
{"component":"FLOW","instance":"[Instance: 17081]","level":"info","msg":"Info change for project 17081: stage: error, step: 0","time":"2024-12-20T10:42:37Z"}
{"component":"FLOW","instance":"[Instance: 17081]","level":"error","msg":"Workflow is shutting down because of an error","time":"2024-12-20T10:42:37Z"}
{"component":"DATA","instance":"17081","level":"debug","msg":"Updated project state for project 17081","time":"2024-12-20T10:42:37Z"}
{"component":"TESTBED","instance":"","level":"info","msg":"Create new test","time":"2024-12-20T10:42:48Z"}
{"component":"TESTBED","instance":"[Project: 1]","level":"info","msg":"Create volumes and containers...","time":"2024-12-20T10:42:48Z"}
{"component":"DOCKER","instance":"","level":"info","msg":"Create volume test_1_input_0_1734691368","time":"2024-12-20T10:42:48Z"}
{"component":"DOCKER","instance":"","level":"info","msg":"Create volume test_1_output_0_1734691368","time":"2024-12-20T10:42:48Z"}
{"component":"TESTBED","instance":"[Project: 1]","level":"info","msg":"Move data to workspace from C:/Users/david/Desktop/Biostatistik/kmeans/fc-federated-k-means\\data/GSE129508","time":"2024-12-20T10:42:48Z"}
{"component":"DOCKER","instance":"","level":"info","msg":"Move data to workspace","time":"2024-12-20T10:42:48Z"}
{"component":"GLOBAL","instance":"","level":"warning","msg":"Workflow not found 42dcaa659e21f647e3b94975bd2dbf3e65e58c45eab29f18c2eeddcc7a0aa82d","time":"2024-12-20T10:42:49Z"}
{"component":"DOCKER","instance":"","level":"info","msg":"Attach to internal network","time":"2024-12-20T10:42:49Z"}
{"component":"DOCKER","instance":"","level":"info","msg":"Remove application","time":"2024-12-20T10:42:50Z"}
{"component":"DOCKER","instance":"","level":"info","msg":"Intermediary container used for moving data from host to volume has been removed","time":"2024-12-20T10:42:51Z"}
{"component":"TESTBED","instance":"[Project: 1]","level":"info","msg":"Move generic data to input volume from C:/Users/david/Desktop/Biostatistik/kmeans/fc-federated-k-means\\data","time":"2024-12-20T10:42:51Z"}
{"component":"DOCKER","instance":"","level":"info","msg":"Move data to workspace","time":"2024-12-20T10:42:51Z"}
{"component":"DOCKER","instance":"","level":"info","msg":"Attach to internal network","time":"2024-12-20T10:42:52Z"}
{"component":"DOCKER","instance":"","level":"info","msg":"Remove application","time":"2024-12-20T10:42:53Z"}
{"component":"DOCKER","instance":"","level":"info","msg":"Intermediary container used for moving data from host to volume has been removed","time":"2024-12-20T10:42:54Z"}
{"component":"TESTBED","instance":"[Project: 1]","level":"info","msg":"Start application","time":"2024-12-20T10:42:54Z"}
{"component":"DOCKER","instance":"","level":"info","msg":"Attach to internal network","time":"2024-12-20T10:42:54Z"}
{"component":"TESTBED","instance":"[Project: 1]","level":"info","msg":"Append app to list","time":"2024-12-20T10:42:56Z"}
{"component":"DOCKER","instance":"","level":"info","msg":"Create volume test_1_input_1_1734691376","time":"2024-12-20T10:42:56Z"}
{"component":"DOCKER","instance":"","level":"info","msg":"Create volume test_1_output_1_1734691376","time":"2024-12-20T10:42:56Z"}
{"component":"TESTBED","instance":"[Project: 1]","level":"info","msg":"Move data to workspace from C:/Users/david/Desktop/Biostatistik/kmeans/fc-federated-k-means\\data/GSE149276","time":"2024-12-20T10:42:56Z"}
{"component":"DOCKER","instance":"","level":"info","msg":"Move data to workspace","time":"2024-12-20T10:42:56Z"}
{"component":"DOCKER","instance":"","level":"info","msg":"Attach to internal network","time":"2024-12-20T10:42:56Z"}
{"component":"DOCKER","instance":"","level":"info","msg":"Remove application","time":"2024-12-20T10:42:58Z"}
{"component":"DOCKER","instance":"","level":"info","msg":"Intermediary container used for moving data from host to volume has been removed","time":"2024-12-20T10:42:59Z"}
{"component":"TESTBED","instance":"[Project: 1]","level":"info","msg":"Move generic data to input volume from C:/Users/david/Desktop/Biostatistik/kmeans/fc-federated-k-means\\data","time":"2024-12-20T10:42:59Z"}
{"component":"DOCKER","instance":"","level":"info","msg":"Move data to workspace","time":"2024-12-20T10:42:59Z"}
{"component":"DOCKER","instance":"","level":"info","msg":"Attach to internal network","time":"2024-12-20T10:42:59Z"}
{"component":"DOCKER","instance":"","level":"info","msg":"Remove application","time":"2024-12-20T10:43:01Z"}
{"component":"DOCKER","instance":"","level":"info","msg":"Intermediary container used for moving data from host to volume has been removed","time":"2024-12-20T10:43:02Z"}
{"component":"TESTBED","instance":"[Project: 1]","level":"info","msg":"Start application","time":"2024-12-20T10:43:02Z"}
{"component":"DOCKER","instance":"","level":"info","msg":"Attach to internal network","time":"2024-12-20T10:43:02Z"}
{"component":"TESTBED","instance":"[Project: 1]","level":"info","msg":"Append app to list","time":"2024-12-20T10:43:03Z"}
{"component":"TESTBED","instance":"[Project: 1]","level":"info","msg":"Link fc_fcfederatedkmeans_774185464 with global socket server","time":"2024-12-20T10:43:03Z"}
{"component":"TESTBED","instance":"[Project: 1]","level":"info","msg":"Link fc_fcfederatedkmeans_370002376 with global socket server","time":"2024-12-20T10:43:03Z"}
{"component":"TESTBED","instance":"[Project: 1]","level":"info","msg":"Start local socket server","time":"2024-12-20T10:43:03Z"}
{"component":"TESTBED","instance":"[Project: 1]","level":"info","msg":"Start local socket server","time":"2024-12-20T10:43:03Z"}
{"component":"TESTBED","instance":"[Project: 1]","level":"info","msg":"Link to global address","time":"2024-12-20T10:43:03Z"}
{"component":"TESTBED","instance":"[Project: 1]","level":"info","msg":"Link to global address","time":"2024-12-20T10:43:03Z"}
{"component":"GLOBAL","instance":"","level":"info","msg":"Registered new coordinator controller","time":"2024-12-20T10:43:03Z"}
{"component":"GLOBAL","instance":"","level":"info","msg":"Registered new participant controller","time":"2024-12-20T10:43:03Z"}
{"component":"LOCAL","instance":"","level":"info","msg":"Received setup trigger","time":"2024-12-20T10:43:03Z"}
{"component":"LOCAL","instance":"","level":"info","msg":"Received setup trigger","time":"2024-12-20T10:43:03Z"}
{"component":"LOCAL","instance":"","level":"error","msg":"Got error during setup to http://:9000: Post \"http://:9000/setup\": dial tcp :9000: connect: connection refused","time":"2024-12-20T10:43:03Z"}
{"component":"LOCAL","instance":"","level":"error","msg":"Got error during setup to http://:9000: Post \"http://:9000/setup\": dial tcp :9000: connect: connection refused","time":"2024-12-20T10:43:03Z"}
{"component":"GLOBAL","instance":"","level":"info","msg":"Setup 42dcaa659e21f647e3b94975bd2dbf3e65e58c45eab29f18c2eeddcc7a0aa82d","time":"2024-12-20T10:43:04Z"}
{"component":"TESTBED","instance":"[Project: 1]","level":"info","msg":"Setup triggered","time":"2024-12-20T10:43:04Z"}
{"component":"TESTBED","instance":"[Project: 1]","level":"info","msg":"2 apps and server created and running","time":"2024-12-20T10:43:04Z"}
{"component":"LOCAL","instance":"","level":"error","msg":"Got error during setup to http://:9000: Post \"http://:9000/setup\": dial tcp :9000: connect: connection refused","time":"2024-12-20T10:43:05Z"}
{"component":"LOCAL","instance":"","level":"error","msg":"Got error during setup to http://:9000: Post \"http://:9000/setup\": dial tcp :9000: connect: connection refused","time":"2024-12-20T10:43:05Z"}
{"component":"LOCAL","instance":"","level":"error","msg":"Got error during setup to http://:9000: Post \"http://:9000/setup\": dial tcp :9000: connect: connection refused","time":"2024-12-20T10:43:09Z"}
{"component":"LOCAL","instance":"","level":"error","msg":"Got error during setup to http://:9000: Post \"http://:9000/setup\": dial tcp :9000: connect: connection refused","time":"2024-12-20T10:43:09Z"}
{"component":"LOCAL","instance":"","level":"error","msg":"Got error during setup to http://:9000: Post \"http://:9000/setup\": dial tcp :9000: connect: connection refused","time":"2024-12-20T10:43:17Z"}
{"component":"LOCAL","instance":"","level":"error","msg":"Got error during setup to http://:9000: Post \"http://:9000/setup\": dial tcp :9000: connect: connection refused","time":"2024-12-20T10:43:17Z"}
{"component":"LOCAL","instance":"","level":"error","msg":"Got error during setup to http://:9000: Post \"http://:9000/setup\": dial tcp :9000: connect: connection refused","time":"2024-12-20T10:43:33Z"}
{"component":"LOCAL","instance":"","level":"error","msg":"Got error during setup to http://:9000: Post \"http://:9000/setup\": dial tcp :9000: connect: connection refused","time":"2024-12-20T10:43:33Z"}
{"component":"LOCAL","instance":"","level":"error","msg":"Got error during setup to http://:9000: Post \"http://:9000/setup\": dial tcp :9000: connect: connection refused","time":"2024-12-20T10:44:05Z"}
{"component":"LOCAL","instance":"","level":"error","msg":"Got error during setup to http://:9000: Post \"http://:9000/setup\": dial tcp :9000: connect: connection refused","time":"2024-12-20T10:44:05Z"}
