{"component":"MAIN","instance":"","level":"info","msg":"Controller start","time":"2025-01-08T12:03:07Z"}
{"component":"MAIN","instance":"","level":"info","msg":"Mode: Dockerized (isolated)","time":"2025-01-08T12:03:07Z"}
{"component":"MAIN","instance":"","level":"info","msg":"Configuration value 'HasGPU': false","time":"2025-01-08T12:03:07Z"}
{"component":"DOCKER","instance":"","level":"info","msg":"Removing leftover Docker entities for label: fc-controller-label","time":"2025-01-08T12:03:07Z"}
{"component":"DOCKER","instance":"","level":"info","msg":"Removed 0 of 0 leftover containers","time":"2025-01-08T12:03:07Z"}
{"component":"DOCKER","instance":"","level":"info","msg":"Removed 0 of 41 leftover volumes","time":"2025-01-08T12:03:08Z"}
{"component":"DOCKER","instance":"","level":"info","msg":"Removed 0 of 0 leftover networks","time":"2025-01-08T12:03:08Z"}
{"component":"GLOBAL","instance":"","level":"info","msg":"Listening on port 9151","time":"2025-01-08T12:03:08Z"}
{"component":"GLOBAL","instance":"","level":"info","msg":"Listening on port 9150","time":"2025-01-08T12:03:08Z"}
{"component":"FLOW","instance":"","level":"debug","msg":"1 projects","time":"2025-01-08T12:03:08Z"}
{"component":"FLOW","instance":"[Instance: 17081]","level":"info","msg":"Info change for project 17081: stage: error, step: 0","time":"2025-01-08T12:03:08Z"}
{"component":"FLOW","instance":"[Instance: 17081]","level":"error","msg":"Workflow is shutting down because of an error","time":"2025-01-08T12:03:08Z"}
{"component":"DATA","instance":"17081","level":"debug","msg":"Updated project state for project 17081","time":"2025-01-08T12:03:08Z"}
{"component":"TESTBED","instance":"","level":"info","msg":"Create new test","time":"2025-01-08T12:03:19Z"}
{"component":"TESTBED","instance":"[Project: 1]","level":"info","msg":"Create volumes and containers...","time":"2025-01-08T12:03:19Z"}
{"component":"DOCKER","instance":"","level":"info","msg":"Create volume test_1_input_0_1736337799","time":"2025-01-08T12:03:19Z"}
{"component":"DOCKER","instance":"","level":"info","msg":"Create volume test_1_output_0_1736337799","time":"2025-01-08T12:03:19Z"}
{"component":"TESTBED","instance":"[Project: 1]","level":"info","msg":"Move data to workspace from C:/Users/david/Desktop/Biostatistik/Autoencoder/vae\\data/client1","time":"2025-01-08T12:03:19Z"}
{"component":"DOCKER","instance":"","level":"info","msg":"Move data to workspace","time":"2025-01-08T12:03:19Z"}
{"component":"DOCKER","instance":"","level":"info","msg":"Attach to internal network","time":"2025-01-08T12:03:19Z"}
{"component":"DOCKER","instance":"","level":"info","msg":"Remove application","time":"2025-01-08T12:03:21Z"}
{"component":"DOCKER","instance":"","level":"info","msg":"Intermediary container used for moving data from host to volume has been removed","time":"2025-01-08T12:03:22Z"}
{"component":"TESTBED","instance":"[Project: 1]","level":"info","msg":"Move generic data to workspace skipped, no source provided","time":"2025-01-08T12:03:22Z"}
{"component":"TESTBED","instance":"[Project: 1]","level":"info","msg":"Start application","time":"2025-01-08T12:03:22Z"}
{"component":"DOCKER","instance":"","level":"info","msg":"Attach to internal network","time":"2025-01-08T12:03:22Z"}
{"component":"TESTBED","instance":"[Project: 1]","level":"info","msg":"Append app to list","time":"2025-01-08T12:03:24Z"}
{"component":"DOCKER","instance":"","level":"info","msg":"Create volume test_1_input_1_1736337804","time":"2025-01-08T12:03:24Z"}
{"component":"DOCKER","instance":"","level":"info","msg":"Create volume test_1_output_1_1736337804","time":"2025-01-08T12:03:24Z"}
{"component":"TESTBED","instance":"[Project: 1]","level":"info","msg":"Move data to workspace from C:/Users/david/Desktop/Biostatistik/Autoencoder/vae\\data/client2","time":"2025-01-08T12:03:24Z"}
{"component":"DOCKER","instance":"","level":"info","msg":"Move data to workspace","time":"2025-01-08T12:03:24Z"}
{"component":"DOCKER","instance":"","level":"info","msg":"Attach to internal network","time":"2025-01-08T12:03:24Z"}
{"component":"DOCKER","instance":"","level":"info","msg":"Remove application","time":"2025-01-08T12:03:26Z"}
{"component":"DOCKER","instance":"","level":"info","msg":"Intermediary container used for moving data from host to volume has been removed","time":"2025-01-08T12:03:27Z"}
{"component":"TESTBED","instance":"[Project: 1]","level":"info","msg":"Move generic data to workspace skipped, no source provided","time":"2025-01-08T12:03:27Z"}
{"component":"TESTBED","instance":"[Project: 1]","level":"info","msg":"Start application","time":"2025-01-08T12:03:27Z"}
{"component":"DOCKER","instance":"","level":"info","msg":"Attach to internal network","time":"2025-01-08T12:03:27Z"}
{"component":"TESTBED","instance":"[Project: 1]","level":"info","msg":"Append app to list","time":"2025-01-08T12:03:28Z"}
{"component":"TESTBED","instance":"[Project: 1]","level":"info","msg":"Link fc_vae_637891323 with global socket server","time":"2025-01-08T12:03:28Z"}
{"component":"TESTBED","instance":"[Project: 1]","level":"info","msg":"Link fc_vae_371373314 with global socket server","time":"2025-01-08T12:03:28Z"}
{"component":"TESTBED","instance":"[Project: 1]","level":"info","msg":"Start local socket server","time":"2025-01-08T12:03:28Z"}
{"component":"TESTBED","instance":"[Project: 1]","level":"info","msg":"Start local socket server","time":"2025-01-08T12:03:28Z"}
{"component":"TESTBED","instance":"[Project: 1]","level":"info","msg":"Link to global address","time":"2025-01-08T12:03:28Z"}
{"component":"TESTBED","instance":"[Project: 1]","level":"info","msg":"Link to global address","time":"2025-01-08T12:03:28Z"}
{"component":"GLOBAL","instance":"","level":"info","msg":"Registered new participant controller","time":"2025-01-08T12:03:28Z"}
{"component":"GLOBAL","instance":"","level":"info","msg":"Registered new coordinator controller","time":"2025-01-08T12:03:28Z"}
{"component":"LOCAL","instance":"","level":"info","msg":"Received setup trigger","time":"2025-01-08T12:03:28Z"}
{"component":"LOCAL","instance":"","level":"info","msg":"Received setup trigger","time":"2025-01-08T12:03:28Z"}
{"component":"LOCAL","instance":"","level":"error","msg":"Got error during setup to http://172.18.0.4:9000: Post \"http://172.18.0.4:9000/setup\": dial tcp 172.18.0.4:9000: connect: connection refused","time":"2025-01-08T12:03:28Z"}
{"component":"GLOBAL","instance":"","level":"info","msg":"Setup 1765f89c8cd3d667c04947fa1108b344d0e34a103cf66469cdfd8eed29c7c907","time":"2025-01-08T12:03:29Z"}
{"component":"TESTBED","instance":"[Project: 1]","level":"info","msg":"Setup triggered","time":"2025-01-08T12:03:29Z"}
{"component":"TESTBED","instance":"[Project: 1]","level":"info","msg":"2 apps and server created and running","time":"2025-01-08T12:03:29Z"}
{"component":"LOCAL","instance":"","level":"error","msg":"Got error code during setup: 502, 502 Bad Gateway","time":"2025-01-08T12:03:30Z"}
{"component":"LOCAL","instance":"","level":"info","msg":"http://172.18.0.3:9000/status: Finished","time":"2025-01-08T12:03:32Z"}
{"component":"GLOBAL","instance":"","level":"info","msg":"Participant (ID: 02000e5da823f071) finished the current step","time":"2025-01-08T12:03:32Z"}
{"component":"LOCAL","instance":"","level":"info","msg":"Shutdown","time":"2025-01-08T12:03:33Z"}
{"component":"LOCAL","instance":"","level":"info","msg":"Shutdown","time":"2025-01-08T12:03:33Z"}
{"component":"TESTBED","instance":"[Project: 1]","level":"info","msg":"Stopping test id: 1","time":"2025-01-08T12:03:33Z"}
{"component":"TESTBED","instance":"[Project: 1]","level":"info","msg":"Stopping container fc_vae_637891323","time":"2025-01-08T12:03:33Z"}
{"component":"GLOBAL","instance":"","level":"error","msg":"Participant (ID: 02000e5da823f071): relaying stopped due to: EOF","time":"2025-01-08T12:03:33Z"}
{"component":"GLOBAL","instance":"","level":"error","msg":"Participant (ID: dbaf64beb83cbae9): relaying stopped due to: read tcp [::1]:9150-\u003e[::1]:36190: read: connection reset by peer","time":"2025-01-08T12:03:33Z"}
{"component":"DOCKER","instance":"","level":"info","msg":"Move data to host","time":"2025-01-08T12:03:34Z"}
{"component":"DOCKER","instance":"","level":"info","msg":"Attach to internal network","time":"2025-01-08T12:03:34Z"}
{"component":"DOCKER","instance":"","level":"info","msg":"Remove application","time":"2025-01-08T12:03:36Z"}
{"component":"DOCKER","instance":"","level":"debug","msg":"Intermediary container used for moving data from volume to host has been removed","time":"2025-01-08T12:03:37Z"}
{"component":"TESTBED","instance":"[Project: 1]","level":"info","msg":"Saved output volume content to /data/tests/results_test_1_client_0_fc_vae_637891323.zip","time":"2025-01-08T12:03:37Z"}
{"component":"DOCKER","instance":"","level":"info","msg":"Remove volume test_1_output_0_1736337799","time":"2025-01-08T12:03:37Z"}
{"component":"TESTBED","instance":"[Project: 1]","level":"info","msg":"Deleted volume test_1_output_0_1736337799","time":"2025-01-08T12:03:37Z"}
{"component":"DOCKER","instance":"","level":"info","msg":"Remove volume test_1_input_0_1736337799","time":"2025-01-08T12:03:37Z"}
{"component":"TESTBED","instance":"[Project: 1]","level":"info","msg":"Deleted volume test_1_input_0_1736337799","time":"2025-01-08T12:03:37Z"}
{"component":"TESTBED","instance":"[Project: 1]","level":"info","msg":"Stopping container fc_vae_371373314","time":"2025-01-08T12:03:37Z"}
{"component":"DOCKER","instance":"","level":"info","msg":"Move data to host","time":"2025-01-08T12:03:37Z"}
{"component":"DOCKER","instance":"","level":"info","msg":"Attach to internal network","time":"2025-01-08T12:03:38Z"}
{"component":"DOCKER","instance":"","level":"info","msg":"Remove application","time":"2025-01-08T12:03:40Z"}
{"component":"DOCKER","instance":"","level":"debug","msg":"Intermediary container used for moving data from volume to host has been removed","time":"2025-01-08T12:03:41Z"}
{"component":"TESTBED","instance":"[Project: 1]","level":"info","msg":"Saved output volume content to /data/tests/results_test_1_client_1_fc_vae_371373314.zip","time":"2025-01-08T12:03:41Z"}
{"component":"DOCKER","instance":"","level":"info","msg":"Remove volume test_1_output_1_1736337804","time":"2025-01-08T12:03:41Z"}
{"component":"TESTBED","instance":"[Project: 1]","level":"info","msg":"Deleted volume test_1_output_1_1736337804","time":"2025-01-08T12:03:41Z"}
{"component":"DOCKER","instance":"","level":"info","msg":"Remove volume test_1_input_1_1736337804","time":"2025-01-08T12:03:41Z"}
{"component":"TESTBED","instance":"[Project: 1]","level":"info","msg":"Deleted volume test_1_input_1_1736337804","time":"2025-01-08T12:03:41Z"}
{"component":"TESTBED","instance":"","level":"info","msg":"Create new test","time":"2025-01-08T12:07:21Z"}
{"component":"TESTBED","instance":"[Project: 2]","level":"info","msg":"Create volumes and containers...","time":"2025-01-08T12:07:21Z"}
{"component":"DOCKER","instance":"","level":"info","msg":"Create volume test_2_input_0_1736338041","time":"2025-01-08T12:07:21Z"}
{"component":"DOCKER","instance":"","level":"info","msg":"Create volume test_2_output_0_1736338041","time":"2025-01-08T12:07:21Z"}
{"component":"TESTBED","instance":"[Project: 2]","level":"info","msg":"Move data to workspace from C:/Users/david/Desktop/Biostatistik/Autoencoder/vae\\data/client1","time":"2025-01-08T12:07:21Z"}
{"component":"DOCKER","instance":"","level":"info","msg":"Move data to workspace","time":"2025-01-08T12:07:21Z"}
{"component":"DOCKER","instance":"","level":"info","msg":"Attach to internal network","time":"2025-01-08T12:07:22Z"}
{"component":"DOCKER","instance":"","level":"info","msg":"Remove application","time":"2025-01-08T12:07:23Z"}
{"component":"DOCKER","instance":"","level":"info","msg":"Intermediary container used for moving data from host to volume has been removed","time":"2025-01-08T12:07:24Z"}
{"component":"TESTBED","instance":"[Project: 2]","level":"info","msg":"Move generic data to workspace skipped, no source provided","time":"2025-01-08T12:07:24Z"}
{"component":"TESTBED","instance":"[Project: 2]","level":"info","msg":"Start application","time":"2025-01-08T12:07:24Z"}
{"component":"DOCKER","instance":"","level":"info","msg":"Attach to internal network","time":"2025-01-08T12:07:24Z"}
{"component":"TESTBED","instance":"[Project: 2]","level":"info","msg":"Append app to list","time":"2025-01-08T12:07:26Z"}
{"component":"DOCKER","instance":"","level":"info","msg":"Create volume test_2_input_1_1736338046","time":"2025-01-08T12:07:26Z"}
{"component":"DOCKER","instance":"","level":"info","msg":"Create volume test_2_output_1_1736338046","time":"2025-01-08T12:07:26Z"}
{"component":"TESTBED","instance":"[Project: 2]","level":"info","msg":"Move data to workspace from C:/Users/david/Desktop/Biostatistik/Autoencoder/vae\\data/client2","time":"2025-01-08T12:07:26Z"}
{"component":"DOCKER","instance":"","level":"info","msg":"Move data to workspace","time":"2025-01-08T12:07:26Z"}
{"component":"DOCKER","instance":"","level":"info","msg":"Attach to internal network","time":"2025-01-08T12:07:26Z"}
{"component":"DOCKER","instance":"","level":"info","msg":"Remove application","time":"2025-01-08T12:07:28Z"}
{"component":"DOCKER","instance":"","level":"info","msg":"Intermediary container used for moving data from host to volume has been removed","time":"2025-01-08T12:07:29Z"}
{"component":"TESTBED","instance":"[Project: 2]","level":"info","msg":"Move generic data to workspace skipped, no source provided","time":"2025-01-08T12:07:29Z"}
{"component":"TESTBED","instance":"[Project: 2]","level":"info","msg":"Start application","time":"2025-01-08T12:07:29Z"}
{"component":"DOCKER","instance":"","level":"info","msg":"Attach to internal network","time":"2025-01-08T12:07:29Z"}
{"component":"TESTBED","instance":"[Project: 2]","level":"info","msg":"Append app to list","time":"2025-01-08T12:07:30Z"}
{"component":"TESTBED","instance":"[Project: 2]","level":"info","msg":"Link fc_vae_607849934 with global socket server","time":"2025-01-08T12:07:30Z"}
{"component":"TESTBED","instance":"[Project: 2]","level":"info","msg":"Link fc_vae_179304193 with global socket server","time":"2025-01-08T12:07:30Z"}
{"component":"TESTBED","instance":"[Project: 2]","level":"info","msg":"Start local socket server","time":"2025-01-08T12:07:30Z"}
{"component":"TESTBED","instance":"[Project: 2]","level":"info","msg":"Start local socket server","time":"2025-01-08T12:07:30Z"}
{"component":"TESTBED","instance":"[Project: 2]","level":"info","msg":"Link to global address","time":"2025-01-08T12:07:30Z"}
{"component":"TESTBED","instance":"[Project: 2]","level":"info","msg":"Link to global address","time":"2025-01-08T12:07:30Z"}
{"component":"GLOBAL","instance":"","level":"info","msg":"Registered new participant controller","time":"2025-01-08T12:07:30Z"}
{"component":"GLOBAL","instance":"","level":"info","msg":"Registered new coordinator controller","time":"2025-01-08T12:07:30Z"}
{"component":"LOCAL","instance":"","level":"info","msg":"Received setup trigger","time":"2025-01-08T12:07:30Z"}
{"component":"LOCAL","instance":"","level":"info","msg":"Received setup trigger","time":"2025-01-08T12:07:30Z"}
{"component":"LOCAL","instance":"","level":"error","msg":"Got error during setup to http://172.18.0.4:9000: Post \"http://172.18.0.4:9000/setup\": dial tcp 172.18.0.4:9000: connect: connection refused","time":"2025-01-08T12:07:30Z"}
{"component":"GLOBAL","instance":"","level":"info","msg":"Setup 10fe71789f8cf27b68af68eefe42721090e706e2774f85c9516671acbd4b89f5","time":"2025-01-08T12:07:31Z"}
{"component":"TESTBED","instance":"[Project: 2]","level":"info","msg":"Setup triggered","time":"2025-01-08T12:07:31Z"}
{"component":"TESTBED","instance":"[Project: 2]","level":"info","msg":"2 apps and server created and running","time":"2025-01-08T12:07:31Z"}
{"component":"LOCAL","instance":"","level":"error","msg":"Got error code during setup: 502, 502 Bad Gateway","time":"2025-01-08T12:07:32Z"}
{"component":"LOCAL","instance":"","level":"info","msg":"http://172.18.0.3:9000/status: Finished","time":"2025-01-08T12:07:34Z"}
{"component":"GLOBAL","instance":"","level":"info","msg":"Participant (ID: 3541445eceb7d1cf) finished the current step","time":"2025-01-08T12:07:34Z"}
{"component":"LOCAL","instance":"","level":"info","msg":"Shutdown","time":"2025-01-08T12:07:35Z"}
{"component":"LOCAL","instance":"","level":"info","msg":"Shutdown","time":"2025-01-08T12:07:35Z"}
{"component":"TESTBED","instance":"[Project: 2]","level":"info","msg":"Stopping test id: 2","time":"2025-01-08T12:07:35Z"}
{"component":"TESTBED","instance":"[Project: 2]","level":"info","msg":"Stopping container fc_vae_607849934","time":"2025-01-08T12:07:35Z"}
{"component":"GLOBAL","instance":"","level":"error","msg":"Participant (ID: b13584deba51f366): relaying stopped due to: read tcp [::1]:9150-\u003e[::1]:49954: read: connection reset by peer","time":"2025-01-08T12:07:35Z"}
{"component":"GLOBAL","instance":"","level":"error","msg":"Participant (ID: 3541445eceb7d1cf): relaying stopped due to: EOF","time":"2025-01-08T12:07:35Z"}
{"component":"DOCKER","instance":"","level":"info","msg":"Move data to host","time":"2025-01-08T12:07:36Z"}
{"component":"DOCKER","instance":"","level":"info","msg":"Attach to internal network","time":"2025-01-08T12:07:36Z"}
{"component":"DOCKER","instance":"","level":"info","msg":"Remove application","time":"2025-01-08T12:07:38Z"}
{"component":"DOCKER","instance":"","level":"debug","msg":"Intermediary container used for moving data from volume to host has been removed","time":"2025-01-08T12:07:39Z"}
{"component":"TESTBED","instance":"[Project: 2]","level":"info","msg":"Saved output volume content to /data/tests/results_test_2_client_0_fc_vae_607849934.zip","time":"2025-01-08T12:07:39Z"}
{"component":"DOCKER","instance":"","level":"info","msg":"Remove volume test_2_output_0_1736338041","time":"2025-01-08T12:07:39Z"}
{"component":"TESTBED","instance":"[Project: 2]","level":"info","msg":"Deleted volume test_2_output_0_1736338041","time":"2025-01-08T12:07:39Z"}
{"component":"DOCKER","instance":"","level":"info","msg":"Remove volume test_2_input_0_1736338041","time":"2025-01-08T12:07:39Z"}
{"component":"TESTBED","instance":"[Project: 2]","level":"info","msg":"Deleted volume test_2_input_0_1736338041","time":"2025-01-08T12:07:39Z"}
{"component":"TESTBED","instance":"[Project: 2]","level":"info","msg":"Stopping container fc_vae_179304193","time":"2025-01-08T12:07:39Z"}
{"component":"DOCKER","instance":"","level":"info","msg":"Move data to host","time":"2025-01-08T12:07:39Z"}
{"component":"DOCKER","instance":"","level":"info","msg":"Attach to internal network","time":"2025-01-08T12:07:39Z"}
{"component":"DOCKER","instance":"","level":"info","msg":"Remove application","time":"2025-01-08T12:07:41Z"}
{"component":"DOCKER","instance":"","level":"debug","msg":"Intermediary container used for moving data from volume to host has been removed","time":"2025-01-08T12:07:42Z"}
{"component":"TESTBED","instance":"[Project: 2]","level":"info","msg":"Saved output volume content to /data/tests/results_test_2_client_1_fc_vae_179304193.zip","time":"2025-01-08T12:07:42Z"}
{"component":"DOCKER","instance":"","level":"info","msg":"Remove volume test_2_output_1_1736338046","time":"2025-01-08T12:07:42Z"}
{"component":"TESTBED","instance":"[Project: 2]","level":"info","msg":"Deleted volume test_2_output_1_1736338046","time":"2025-01-08T12:07:42Z"}
{"component":"DOCKER","instance":"","level":"info","msg":"Remove volume test_2_input_1_1736338046","time":"2025-01-08T12:07:42Z"}
{"component":"TESTBED","instance":"[Project: 2]","level":"info","msg":"Deleted volume test_2_input_1_1736338046","time":"2025-01-08T12:07:42Z"}
{"component":"HTTP","instance":"","level":"debug","msg":"Set site received","time":"2025-01-08T12:59:46Z"}
{"component":"TESTBED","instance":"","level":"info","msg":"Create new test","time":"2025-01-08T13:00:00Z"}
{"component":"TESTBED","instance":"[Project: 3]","level":"info","msg":"Create volumes and containers...","time":"2025-01-08T13:00:00Z"}
{"component":"DOCKER","instance":"","level":"info","msg":"Create volume test_3_input_0_1736341200","time":"2025-01-08T13:00:00Z"}
{"component":"DOCKER","instance":"","level":"info","msg":"Create volume test_3_output_0_1736341200","time":"2025-01-08T13:00:00Z"}
{"component":"TESTBED","instance":"[Project: 3]","level":"info","msg":"Move data to workspace from C:/Users/david/Desktop/Biostatistik/Autoencoder/vae\\data/client1","time":"2025-01-08T13:00:00Z"}
{"component":"DOCKER","instance":"","level":"info","msg":"Move data to workspace","time":"2025-01-08T13:00:00Z"}
{"component":"DOCKER","instance":"","level":"info","msg":"Attach to internal network","time":"2025-01-08T13:00:00Z"}
{"component":"DOCKER","instance":"","level":"info","msg":"Remove application","time":"2025-01-08T13:00:03Z"}
{"component":"DOCKER","instance":"","level":"info","msg":"Intermediary container used for moving data from host to volume has been removed","time":"2025-01-08T13:00:04Z"}
{"component":"TESTBED","instance":"[Project: 3]","level":"info","msg":"Move generic data to workspace skipped, no source provided","time":"2025-01-08T13:00:04Z"}
{"component":"TESTBED","instance":"[Project: 3]","level":"info","msg":"Start application","time":"2025-01-08T13:00:04Z"}
{"component":"DOCKER","instance":"","level":"info","msg":"Attach to internal network","time":"2025-01-08T13:00:04Z"}
{"component":"TESTBED","instance":"[Project: 3]","level":"info","msg":"Append app to list","time":"2025-01-08T13:00:05Z"}
{"component":"DOCKER","instance":"","level":"info","msg":"Create volume test_3_input_1_1736341205","time":"2025-01-08T13:00:05Z"}
{"component":"DOCKER","instance":"","level":"info","msg":"Create volume test_3_output_1_1736341205","time":"2025-01-08T13:00:05Z"}
{"component":"TESTBED","instance":"[Project: 3]","level":"info","msg":"Move data to workspace from C:/Users/david/Desktop/Biostatistik/Autoencoder/vae\\data/client2","time":"2025-01-08T13:00:05Z"}
{"component":"DOCKER","instance":"","level":"info","msg":"Move data to workspace","time":"2025-01-08T13:00:05Z"}
{"component":"DOCKER","instance":"","level":"info","msg":"Attach to internal network","time":"2025-01-08T13:00:06Z"}
{"component":"DOCKER","instance":"","level":"info","msg":"Remove application","time":"2025-01-08T13:00:08Z"}
{"component":"DOCKER","instance":"","level":"info","msg":"Intermediary container used for moving data from host to volume has been removed","time":"2025-01-08T13:00:09Z"}
{"component":"TESTBED","instance":"[Project: 3]","level":"info","msg":"Move generic data to workspace skipped, no source provided","time":"2025-01-08T13:00:09Z"}
{"component":"TESTBED","instance":"[Project: 3]","level":"info","msg":"Start application","time":"2025-01-08T13:00:09Z"}
{"component":"DOCKER","instance":"","level":"info","msg":"Attach to internal network","time":"2025-01-08T13:00:09Z"}
{"component":"TESTBED","instance":"[Project: 3]","level":"info","msg":"Append app to list","time":"2025-01-08T13:00:11Z"}
{"component":"TESTBED","instance":"[Project: 3]","level":"info","msg":"Link fc_vae_134854249 with global socket server","time":"2025-01-08T13:00:11Z"}
{"component":"TESTBED","instance":"[Project: 3]","level":"info","msg":"Link fc_vae_425720306 with global socket server","time":"2025-01-08T13:00:11Z"}
{"component":"TESTBED","instance":"[Project: 3]","level":"info","msg":"Start local socket server","time":"2025-01-08T13:00:11Z"}
{"component":"TESTBED","instance":"[Project: 3]","level":"info","msg":"Start local socket server","time":"2025-01-08T13:00:11Z"}
{"component":"TESTBED","instance":"[Project: 3]","level":"info","msg":"Link to global address","time":"2025-01-08T13:00:11Z"}
{"component":"TESTBED","instance":"[Project: 3]","level":"info","msg":"Link to global address","time":"2025-01-08T13:00:11Z"}
{"component":"GLOBAL","instance":"","level":"info","msg":"Registered new coordinator controller","time":"2025-01-08T13:00:11Z"}
{"component":"GLOBAL","instance":"","level":"info","msg":"Registered new participant controller","time":"2025-01-08T13:00:11Z"}
{"component":"LOCAL","instance":"","level":"info","msg":"Received setup trigger","time":"2025-01-08T13:00:11Z"}
{"component":"LOCAL","instance":"","level":"info","msg":"Received setup trigger","time":"2025-01-08T13:00:11Z"}
{"component":"LOCAL","instance":"","level":"error","msg":"Got error during setup to http://172.18.0.4:9000: Post \"http://172.18.0.4:9000/setup\": dial tcp 172.18.0.4:9000: connect: connection refused","time":"2025-01-08T13:00:11Z"}
{"component":"GLOBAL","instance":"","level":"info","msg":"Setup 5900b5290b6e57c6b99ee12b34ba18363e1b41e1661ba4fccd15040f05602a8d","time":"2025-01-08T13:00:12Z"}
{"component":"TESTBED","instance":"[Project: 3]","level":"info","msg":"Setup triggered","time":"2025-01-08T13:00:12Z"}
{"component":"TESTBED","instance":"[Project: 3]","level":"info","msg":"2 apps and server created and running","time":"2025-01-08T13:00:12Z"}
{"component":"LOCAL","instance":"","level":"error","msg":"Got error code during setup: 502, 502 Bad Gateway","time":"2025-01-08T13:00:13Z"}
{"component":"LOCAL","instance":"","level":"info","msg":"http://172.18.0.3:9000/status: Finished","time":"2025-01-08T13:00:15Z"}
{"component":"GLOBAL","instance":"","level":"info","msg":"Participant (ID: 6bf336b617d78796) finished the current step","time":"2025-01-08T13:00:15Z"}
{"component":"LOCAL","instance":"","level":"info","msg":"Shutdown","time":"2025-01-08T13:00:16Z"}
{"component":"LOCAL","instance":"","level":"info","msg":"Shutdown","time":"2025-01-08T13:00:16Z"}
{"component":"GLOBAL","instance":"","level":"error","msg":"Participant (ID: 6bf336b617d78796): relaying stopped due to: EOF","time":"2025-01-08T13:00:16Z"}
{"component":"TESTBED","instance":"[Project: 3]","level":"info","msg":"Stopping test id: 3","time":"2025-01-08T13:00:16Z"}
{"component":"TESTBED","instance":"[Project: 3]","level":"info","msg":"Stopping container fc_vae_134854249","time":"2025-01-08T13:00:16Z"}
{"component":"GLOBAL","instance":"","level":"error","msg":"Participant (ID: 2b6662c2cb05d188): relaying stopped due to: read tcp [::1]:9150-\u003e[::1]:50100: read: connection reset by peer","time":"2025-01-08T13:00:16Z"}
{"component":"DOCKER","instance":"","level":"info","msg":"Move data to host","time":"2025-01-08T13:00:16Z"}
{"component":"DOCKER","instance":"","level":"info","msg":"Attach to internal network","time":"2025-01-08T13:00:16Z"}
{"component":"DOCKER","instance":"","level":"info","msg":"Remove application","time":"2025-01-08T13:00:18Z"}
{"component":"DOCKER","instance":"","level":"debug","msg":"Intermediary container used for moving data from volume to host has been removed","time":"2025-01-08T13:00:19Z"}
{"component":"TESTBED","instance":"[Project: 3]","level":"info","msg":"Saved output volume content to /data/tests/results_test_3_client_0_fc_vae_134854249.zip","time":"2025-01-08T13:00:19Z"}
{"component":"DOCKER","instance":"","level":"info","msg":"Remove volume test_3_output_0_1736341200","time":"2025-01-08T13:00:19Z"}
{"component":"TESTBED","instance":"[Project: 3]","level":"info","msg":"Deleted volume test_3_output_0_1736341200","time":"2025-01-08T13:00:19Z"}
{"component":"DOCKER","instance":"","level":"info","msg":"Remove volume test_3_input_0_1736341200","time":"2025-01-08T13:00:19Z"}
{"component":"TESTBED","instance":"[Project: 3]","level":"info","msg":"Deleted volume test_3_input_0_1736341200","time":"2025-01-08T13:00:19Z"}
{"component":"TESTBED","instance":"[Project: 3]","level":"info","msg":"Stopping container fc_vae_425720306","time":"2025-01-08T13:00:19Z"}
{"component":"DOCKER","instance":"","level":"info","msg":"Move data to host","time":"2025-01-08T13:00:20Z"}
{"component":"DOCKER","instance":"","level":"info","msg":"Attach to internal network","time":"2025-01-08T13:00:20Z"}
{"component":"DOCKER","instance":"","level":"info","msg":"Remove application","time":"2025-01-08T13:00:22Z"}
{"component":"DOCKER","instance":"","level":"debug","msg":"Intermediary container used for moving data from volume to host has been removed","time":"2025-01-08T13:00:23Z"}
{"component":"TESTBED","instance":"[Project: 3]","level":"info","msg":"Saved output volume content to /data/tests/results_test_3_client_1_fc_vae_425720306.zip","time":"2025-01-08T13:00:23Z"}
{"component":"DOCKER","instance":"","level":"info","msg":"Remove volume test_3_output_1_1736341205","time":"2025-01-08T13:00:23Z"}
{"component":"TESTBED","instance":"[Project: 3]","level":"info","msg":"Deleted volume test_3_output_1_1736341205","time":"2025-01-08T13:00:23Z"}
{"component":"DOCKER","instance":"","level":"info","msg":"Remove volume test_3_input_1_1736341205","time":"2025-01-08T13:00:23Z"}
{"component":"TESTBED","instance":"[Project: 3]","level":"info","msg":"Deleted volume test_3_input_1_1736341205","time":"2025-01-08T13:00:23Z"}
{"component":"TESTBED","instance":"[Project: 1]","level":"info","msg":"Stopping test id: 1","time":"2025-01-08T13:05:03Z"}
{"component":"TESTBED","instance":"[Project: 1]","level":"info","msg":"Stopping container fc_vae_637891323","time":"2025-01-08T13:05:03Z"}
{"component":"TESTBED","instance":"[Project: 1]","level":"error","msg":"Could not stop container: Error: No such container: dc5a186faf964a342117bc3418c04698954b8b740067437f876b4fb7cb31d70e","time":"2025-01-08T13:05:03Z"}
{"component":"DOCKER","instance":"","level":"info","msg":"Move data to host","time":"2025-01-08T13:05:03Z"}
{"component":"DOCKER","instance":"","level":"info","msg":"Create volume test_1_output_0_1736337799","time":"2025-01-08T13:05:04Z"}
{"component":"DOCKER","instance":"","level":"info","msg":"Attach to internal network","time":"2025-01-08T13:05:04Z"}
{"component":"DOCKER","instance":"","level":"info","msg":"Remove application","time":"2025-01-08T13:05:06Z"}
{"component":"DOCKER","instance":"","level":"debug","msg":"Intermediary container used for moving data from volume to host has been removed","time":"2025-01-08T13:05:07Z"}
{"component":"TESTBED","instance":"[Project: 1]","level":"info","msg":"Saved output volume content to /data/tests/results_test_1_client_0_fc_vae_637891323.zip","time":"2025-01-08T13:05:07Z"}
{"component":"DOCKER","instance":"","level":"info","msg":"Remove volume test_1_output_0_1736337799","time":"2025-01-08T13:05:07Z"}
{"component":"TESTBED","instance":"[Project: 1]","level":"info","msg":"Deleted volume test_1_output_0_1736337799","time":"2025-01-08T13:05:07Z"}
{"component":"DOCKER","instance":"","level":"info","msg":"Remove volume test_1_input_0_1736337799","time":"2025-01-08T13:05:07Z"}
{"component":"TESTBED","instance":"[Project: 1]","level":"info","msg":"Deleted volume test_1_input_0_1736337799","time":"2025-01-08T13:05:07Z"}
{"component":"TESTBED","instance":"[Project: 1]","level":"info","msg":"Stopping container fc_vae_371373314","time":"2025-01-08T13:05:07Z"}
{"component":"TESTBED","instance":"[Project: 1]","level":"error","msg":"Could not stop container: Error: No such container: 282b832e76de1e78b9b0aebb3dce7c3094ac91e023b71d4bd0b5eceae518e29a","time":"2025-01-08T13:05:07Z"}
{"component":"DOCKER","instance":"","level":"info","msg":"Move data to host","time":"2025-01-08T13:05:07Z"}
{"component":"DOCKER","instance":"","level":"info","msg":"Create volume test_1_output_1_1736337804","time":"2025-01-08T13:05:07Z"}
{"component":"DOCKER","instance":"","level":"info","msg":"Attach to internal network","time":"2025-01-08T13:05:07Z"}
{"component":"DOCKER","instance":"","level":"info","msg":"Remove application","time":"2025-01-08T13:05:09Z"}
{"component":"DOCKER","instance":"","level":"debug","msg":"Intermediary container used for moving data from volume to host has been removed","time":"2025-01-08T13:05:10Z"}
{"component":"TESTBED","instance":"[Project: 1]","level":"info","msg":"Saved output volume content to /data/tests/results_test_1_client_1_fc_vae_371373314.zip","time":"2025-01-08T13:05:10Z"}
{"component":"DOCKER","instance":"","level":"info","msg":"Remove volume test_1_output_1_1736337804","time":"2025-01-08T13:05:10Z"}
{"component":"TESTBED","instance":"[Project: 1]","level":"info","msg":"Deleted volume test_1_output_1_1736337804","time":"2025-01-08T13:05:10Z"}
{"component":"DOCKER","instance":"","level":"info","msg":"Remove volume test_1_input_1_1736337804","time":"2025-01-08T13:05:10Z"}
{"component":"TESTBED","instance":"[Project: 1]","level":"info","msg":"Deleted volume test_1_input_1_1736337804","time":"2025-01-08T13:05:10Z"}
{"component":"TESTBED","instance":"[Project: 2]","level":"info","msg":"Stopping test id: 2","time":"2025-01-08T13:05:10Z"}
{"component":"TESTBED","instance":"[Project: 2]","level":"info","msg":"Stopping container fc_vae_607849934","time":"2025-01-08T13:05:10Z"}
{"component":"TESTBED","instance":"[Project: 2]","level":"error","msg":"Could not stop container: Error: No such container: 778ab7d32b8304104983e6ddcbf3fb33d9d34fa6b0ce345fdcfa5d80a946a8c1","time":"2025-01-08T13:05:10Z"}
{"component":"DOCKER","instance":"","level":"info","msg":"Move data to host","time":"2025-01-08T13:05:10Z"}
{"component":"DOCKER","instance":"","level":"info","msg":"Create volume test_2_output_0_1736338041","time":"2025-01-08T13:05:10Z"}
{"component":"DOCKER","instance":"","level":"info","msg":"Attach to internal network","time":"2025-01-08T13:05:10Z"}
{"component":"DOCKER","instance":"","level":"info","msg":"Remove application","time":"2025-01-08T13:05:12Z"}
{"component":"DOCKER","instance":"","level":"debug","msg":"Intermediary container used for moving data from volume to host has been removed","time":"2025-01-08T13:05:13Z"}
{"component":"TESTBED","instance":"[Project: 2]","level":"info","msg":"Saved output volume content to /data/tests/results_test_2_client_0_fc_vae_607849934.zip","time":"2025-01-08T13:05:13Z"}
{"component":"DOCKER","instance":"","level":"info","msg":"Remove volume test_2_output_0_1736338041","time":"2025-01-08T13:05:13Z"}
{"component":"TESTBED","instance":"[Project: 2]","level":"info","msg":"Deleted volume test_2_output_0_1736338041","time":"2025-01-08T13:05:13Z"}
{"component":"DOCKER","instance":"","level":"info","msg":"Remove volume test_2_input_0_1736338041","time":"2025-01-08T13:05:13Z"}
{"component":"TESTBED","instance":"[Project: 2]","level":"info","msg":"Deleted volume test_2_input_0_1736338041","time":"2025-01-08T13:05:13Z"}
{"component":"TESTBED","instance":"[Project: 2]","level":"info","msg":"Stopping container fc_vae_179304193","time":"2025-01-08T13:05:13Z"}
{"component":"TESTBED","instance":"[Project: 2]","level":"error","msg":"Could not stop container: Error: No such container: 94e48d63e962fad60b4eda5a5a8a2d5defe3100e7dce906fef464299b84b5b77","time":"2025-01-08T13:05:13Z"}
{"component":"DOCKER","instance":"","level":"info","msg":"Move data to host","time":"2025-01-08T13:05:13Z"}
{"component":"DOCKER","instance":"","level":"info","msg":"Create volume test_2_output_1_1736338046","time":"2025-01-08T13:05:13Z"}
{"component":"DOCKER","instance":"","level":"info","msg":"Attach to internal network","time":"2025-01-08T13:05:13Z"}
{"component":"DOCKER","instance":"","level":"info","msg":"Remove application","time":"2025-01-08T13:05:15Z"}
{"component":"DOCKER","instance":"","level":"debug","msg":"Intermediary container used for moving data from volume to host has been removed","time":"2025-01-08T13:05:16Z"}
{"component":"TESTBED","instance":"[Project: 2]","level":"info","msg":"Saved output volume content to /data/tests/results_test_2_client_1_fc_vae_179304193.zip","time":"2025-01-08T13:05:16Z"}
{"component":"DOCKER","instance":"","level":"info","msg":"Remove volume test_2_output_1_1736338046","time":"2025-01-08T13:05:16Z"}
{"component":"TESTBED","instance":"[Project: 2]","level":"info","msg":"Deleted volume test_2_output_1_1736338046","time":"2025-01-08T13:05:16Z"}
{"component":"DOCKER","instance":"","level":"info","msg":"Remove volume test_2_input_1_1736338046","time":"2025-01-08T13:05:16Z"}
{"component":"TESTBED","instance":"[Project: 2]","level":"info","msg":"Deleted volume test_2_input_1_1736338046","time":"2025-01-08T13:05:16Z"}
{"component":"TESTBED","instance":"[Project: 3]","level":"info","msg":"Stopping test id: 3","time":"2025-01-08T13:05:16Z"}
{"component":"TESTBED","instance":"[Project: 3]","level":"info","msg":"Stopping container fc_vae_134854249","time":"2025-01-08T13:05:16Z"}
{"component":"TESTBED","instance":"[Project: 3]","level":"error","msg":"Could not stop container: Error: No such container: 0c9e33dc693cf9e0f4f4550fb490e4c04e411b473242f9c8d0a287fcdf10ddaa","time":"2025-01-08T13:05:16Z"}
{"component":"DOCKER","instance":"","level":"info","msg":"Move data to host","time":"2025-01-08T13:05:16Z"}
{"component":"DOCKER","instance":"","level":"info","msg":"Create volume test_3_output_0_1736341200","time":"2025-01-08T13:05:16Z"}
{"component":"DOCKER","instance":"","level":"info","msg":"Attach to internal network","time":"2025-01-08T13:05:16Z"}
{"component":"DOCKER","instance":"","level":"info","msg":"Remove application","time":"2025-01-08T13:05:18Z"}
{"component":"DOCKER","instance":"","level":"debug","msg":"Intermediary container used for moving data from volume to host has been removed","time":"2025-01-08T13:05:19Z"}
{"component":"TESTBED","instance":"[Project: 3]","level":"info","msg":"Saved output volume content to /data/tests/results_test_3_client_0_fc_vae_134854249.zip","time":"2025-01-08T13:05:19Z"}
{"component":"DOCKER","instance":"","level":"info","msg":"Remove volume test_3_output_0_1736341200","time":"2025-01-08T13:05:19Z"}
{"component":"TESTBED","instance":"[Project: 3]","level":"info","msg":"Deleted volume test_3_output_0_1736341200","time":"2025-01-08T13:05:19Z"}
{"component":"DOCKER","instance":"","level":"info","msg":"Remove volume test_3_input_0_1736341200","time":"2025-01-08T13:05:19Z"}
{"component":"TESTBED","instance":"[Project: 3]","level":"info","msg":"Deleted volume test_3_input_0_1736341200","time":"2025-01-08T13:05:19Z"}
{"component":"TESTBED","instance":"[Project: 3]","level":"info","msg":"Stopping container fc_vae_425720306","time":"2025-01-08T13:05:19Z"}
{"component":"TESTBED","instance":"[Project: 3]","level":"error","msg":"Could not stop container: Error: No such container: 97fc79230e23b1a1924998428ba1ff39537c7bf510f8d0c9483382677fc38333","time":"2025-01-08T13:05:19Z"}
{"component":"DOCKER","instance":"","level":"info","msg":"Move data to host","time":"2025-01-08T13:05:19Z"}
{"component":"DOCKER","instance":"","level":"info","msg":"Create volume test_3_output_1_1736341205","time":"2025-01-08T13:05:19Z"}
{"component":"DOCKER","instance":"","level":"info","msg":"Attach to internal network","time":"2025-01-08T13:05:19Z"}
{"component":"DOCKER","instance":"","level":"info","msg":"Remove application","time":"2025-01-08T13:05:21Z"}
{"component":"DOCKER","instance":"","level":"debug","msg":"Intermediary container used for moving data from volume to host has been removed","time":"2025-01-08T13:05:22Z"}
{"component":"TESTBED","instance":"[Project: 3]","level":"info","msg":"Saved output volume content to /data/tests/results_test_3_client_1_fc_vae_425720306.zip","time":"2025-01-08T13:05:22Z"}
{"component":"DOCKER","instance":"","level":"info","msg":"Remove volume test_3_output_1_1736341205","time":"2025-01-08T13:05:22Z"}
{"component":"TESTBED","instance":"[Project: 3]","level":"info","msg":"Deleted volume test_3_output_1_1736341205","time":"2025-01-08T13:05:22Z"}
{"component":"DOCKER","instance":"","level":"info","msg":"Remove volume test_3_input_1_1736341205","time":"2025-01-08T13:05:22Z"}
{"component":"TESTBED","instance":"[Project: 3]","level":"info","msg":"Deleted volume test_3_input_1_1736341205","time":"2025-01-08T13:05:22Z"}
