{"component":"MAIN","instance":"","level":"info","msg":"Controller start","time":"2025-01-08T11:42:51Z"}
{"component":"MAIN","instance":"","level":"info","msg":"Mode: Dockerized (isolated)","time":"2025-01-08T11:42:51Z"}
{"component":"MAIN","instance":"","level":"info","msg":"Configuration value 'HasGPU': false","time":"2025-01-08T11:42:51Z"}
{"component":"DOCKER","instance":"","level":"info","msg":"Removing leftover Docker entities for label: fc-controller-label","time":"2025-01-08T11:42:51Z"}
{"component":"DOCKER","instance":"","level":"info","msg":"Removed 0 of 0 leftover containers","time":"2025-01-08T11:42:51Z"}
{"component":"DOCKER","instance":"","level":"info","msg":"Removed 0 of 41 leftover volumes","time":"2025-01-08T11:42:51Z"}
{"component":"DOCKER","instance":"","level":"info","msg":"Removed 0 of 0 leftover networks","time":"2025-01-08T11:42:51Z"}
{"component":"GLOBAL","instance":"","level":"info","msg":"Listening on port 9151","time":"2025-01-08T11:42:51Z"}
{"component":"GLOBAL","instance":"","level":"info","msg":"Listening on port 9150","time":"2025-01-08T11:42:51Z"}
{"component":"FLOW","instance":"","level":"debug","msg":"1 projects","time":"2025-01-08T11:42:51Z"}
{"component":"FLOW","instance":"[Instance: 17081]","level":"info","msg":"Info change for project 17081: stage: error, step: 0","time":"2025-01-08T11:42:51Z"}
{"component":"FLOW","instance":"[Instance: 17081]","level":"error","msg":"Workflow is shutting down because of an error","time":"2025-01-08T11:42:51Z"}
{"component":"DATA","instance":"17081","level":"debug","msg":"Updated project state for project 17081","time":"2025-01-08T11:42:51Z"}
{"component":"HTTP","instance":"","level":"debug","msg":"Set site received","time":"2025-01-08T11:43:10Z"}
{"component":"TESTBED","instance":"","level":"info","msg":"Create new test","time":"2025-01-08T11:43:26Z"}
{"component":"TESTBED","instance":"[Project: 1]","level":"info","msg":"Create volumes and containers...","time":"2025-01-08T11:43:26Z"}
{"component":"DOCKER","instance":"","level":"info","msg":"Create volume test_1_input_0_1736336606","time":"2025-01-08T11:43:26Z"}
{"component":"DOCKER","instance":"","level":"info","msg":"Create volume test_1_output_0_1736336606","time":"2025-01-08T11:43:26Z"}
{"component":"TESTBED","instance":"[Project: 1]","level":"info","msg":"Move data to workspace from C:/Users/david/Desktop/Biostatistik/Autoencoder/vae\\data/client1","time":"2025-01-08T11:43:26Z"}
{"component":"DOCKER","instance":"","level":"info","msg":"Move data to workspace","time":"2025-01-08T11:43:26Z"}
{"component":"DOCKER","instance":"","level":"info","msg":"Attach to internal network","time":"2025-01-08T11:43:26Z"}
{"component":"DOCKER","instance":"","level":"info","msg":"Remove application","time":"2025-01-08T11:43:28Z"}
{"component":"DOCKER","instance":"","level":"info","msg":"Intermediary container used for moving data from host to volume has been removed","time":"2025-01-08T11:43:29Z"}
{"component":"TESTBED","instance":"[Project: 1]","level":"info","msg":"Move generic data to workspace skipped, no source provided","time":"2025-01-08T11:43:29Z"}
{"component":"TESTBED","instance":"[Project: 1]","level":"info","msg":"Start application","time":"2025-01-08T11:43:29Z"}
{"component":"DOCKER","instance":"","level":"info","msg":"Attach to internal network","time":"2025-01-08T11:43:29Z"}
{"component":"TESTBED","instance":"[Project: 1]","level":"info","msg":"Append app to list","time":"2025-01-08T11:43:30Z"}
{"component":"DOCKER","instance":"","level":"info","msg":"Create volume test_1_input_1_1736336610","time":"2025-01-08T11:43:30Z"}
{"component":"DOCKER","instance":"","level":"info","msg":"Create volume test_1_output_1_1736336610","time":"2025-01-08T11:43:30Z"}
{"component":"TESTBED","instance":"[Project: 1]","level":"info","msg":"Move data to workspace from C:/Users/david/Desktop/Biostatistik/Autoencoder/vae\\data/client2","time":"2025-01-08T11:43:30Z"}
{"component":"DOCKER","instance":"","level":"info","msg":"Move data to workspace","time":"2025-01-08T11:43:30Z"}
{"component":"DOCKER","instance":"","level":"info","msg":"Attach to internal network","time":"2025-01-08T11:43:31Z"}
{"component":"DOCKER","instance":"","level":"info","msg":"Remove application","time":"2025-01-08T11:43:33Z"}
{"component":"DOCKER","instance":"","level":"info","msg":"Intermediary container used for moving data from host to volume has been removed","time":"2025-01-08T11:43:34Z"}
{"component":"TESTBED","instance":"[Project: 1]","level":"info","msg":"Move generic data to workspace skipped, no source provided","time":"2025-01-08T11:43:34Z"}
{"component":"TESTBED","instance":"[Project: 1]","level":"info","msg":"Start application","time":"2025-01-08T11:43:34Z"}
{"component":"DOCKER","instance":"","level":"info","msg":"Attach to internal network","time":"2025-01-08T11:43:34Z"}
{"component":"TESTBED","instance":"[Project: 1]","level":"info","msg":"Append app to list","time":"2025-01-08T11:43:35Z"}
{"component":"TESTBED","instance":"[Project: 1]","level":"info","msg":"Link fc_vae_270032937 with global socket server","time":"2025-01-08T11:43:35Z"}
{"component":"TESTBED","instance":"[Project: 1]","level":"info","msg":"Link fc_vae_68154884 with global socket server","time":"2025-01-08T11:43:35Z"}
{"component":"TESTBED","instance":"[Project: 1]","level":"info","msg":"Start local socket server","time":"2025-01-08T11:43:35Z"}
{"component":"TESTBED","instance":"[Project: 1]","level":"info","msg":"Start local socket server","time":"2025-01-08T11:43:35Z"}
{"component":"TESTBED","instance":"[Project: 1]","level":"info","msg":"Link to global address","time":"2025-01-08T11:43:35Z"}
{"component":"TESTBED","instance":"[Project: 1]","level":"info","msg":"Link to global address","time":"2025-01-08T11:43:35Z"}
{"component":"GLOBAL","instance":"","level":"info","msg":"Registered new participant controller","time":"2025-01-08T11:43:35Z"}
{"component":"GLOBAL","instance":"","level":"info","msg":"Registered new coordinator controller","time":"2025-01-08T11:43:35Z"}
{"component":"LOCAL","instance":"","level":"info","msg":"Received setup trigger","time":"2025-01-08T11:43:35Z"}
{"component":"LOCAL","instance":"","level":"info","msg":"Received setup trigger","time":"2025-01-08T11:43:35Z"}
{"component":"LOCAL","instance":"","level":"error","msg":"Got error during setup to http://172.18.0.4:9000: Post \"http://172.18.0.4:9000/setup\": dial tcp 172.18.0.4:9000: connect: connection refused","time":"2025-01-08T11:43:35Z"}
{"component":"LOCAL","instance":"","level":"error","msg":"Got error code during setup: 502, 502 Bad Gateway","time":"2025-01-08T11:43:35Z"}
{"component":"GLOBAL","instance":"","level":"info","msg":"Setup 51137cf305d83406c175f01a33fabb60e6730a30a83cefaa3a20a9a1cead471b","time":"2025-01-08T11:43:36Z"}
{"component":"TESTBED","instance":"[Project: 1]","level":"info","msg":"Setup triggered","time":"2025-01-08T11:43:36Z"}
{"component":"TESTBED","instance":"[Project: 1]","level":"info","msg":"2 apps and server created and running","time":"2025-01-08T11:43:36Z"}
{"component":"LOCAL","instance":"","level":"error","msg":"Got error code during setup: 502, 502 Bad Gateway","time":"2025-01-08T11:43:37Z"}
{"component":"LOCAL","instance":"","level":"error","msg":"Got error code during setup: 502, 502 Bad Gateway","time":"2025-01-08T11:43:37Z"}
{"component":"LOCAL","instance":"","level":"error","msg":"Got error code during setup: 502, 502 Bad Gateway","time":"2025-01-08T11:43:41Z"}
{"component":"LOCAL","instance":"","level":"error","msg":"Got error code during setup: 502, 502 Bad Gateway","time":"2025-01-08T11:43:41Z"}
{"component":"LOCAL","instance":"","level":"error","msg":"Got error code during setup: 502, 502 Bad Gateway","time":"2025-01-08T11:43:49Z"}
{"component":"LOCAL","instance":"","level":"error","msg":"Got error code during setup: 502, 502 Bad Gateway","time":"2025-01-08T11:43:49Z"}
{"component":"LOCAL","instance":"","level":"error","msg":"Got error code during setup: 502, 502 Bad Gateway","time":"2025-01-08T11:44:05Z"}
{"component":"LOCAL","instance":"","level":"error","msg":"Got error code during setup: 502, 502 Bad Gateway","time":"2025-01-08T11:44:05Z"}
{"component":"LOCAL","instance":"","level":"error","msg":"Got error code during setup: 502, 502 Bad Gateway","time":"2025-01-08T11:44:37Z"}
{"component":"TESTBED","instance":"[Project: 1]","level":"error","msg":"failed to setup, maybe the container got stuck during startup, last error: 502 Bad Gateway","time":"2025-01-08T11:44:37Z"}
{"component":"LOCAL","instance":"","level":"error","msg":"Got error code during setup: 502, 502 Bad Gateway","time":"2025-01-08T11:44:37Z"}
{"component":"TESTBED","instance":"[Project: 1]","level":"error","msg":"failed to setup, maybe the container got stuck during startup, last error: 502 Bad Gateway","time":"2025-01-08T11:44:37Z"}
{"component":"LOCAL","instance":"","level":"info","msg":"Shutdown","time":"2025-01-08T11:44:37Z"}
{"component":"LOCAL","instance":"","level":"info","msg":"Shutdown","time":"2025-01-08T11:44:37Z"}
{"component":"TESTBED","instance":"[Project: 1]","level":"info","msg":"Stopping test id: 1","time":"2025-01-08T11:44:37Z"}
{"component":"TESTBED","instance":"[Project: 1]","level":"info","msg":"Stopping container fc_vae_270032937","time":"2025-01-08T11:44:37Z"}
{"component":"GLOBAL","instance":"","level":"error","msg":"Participant (ID: d3cf11aaa40d13e9): relaying stopped due to: read tcp [::1]:9150-\u003e[::1]:35458: read: connection reset by peer","time":"2025-01-08T11:44:37Z"}
{"component":"GLOBAL","instance":"","level":"error","msg":"Participant (ID: f4cc2d1cf0d79a70): relaying stopped due to: read tcp [::1]:9150-\u003e[::1]:35454: read: connection reset by peer","time":"2025-01-08T11:44:37Z"}
{"component":"DOCKER","instance":"","level":"info","msg":"Move data to host","time":"2025-01-08T11:44:38Z"}
{"component":"DOCKER","instance":"","level":"info","msg":"Attach to internal network","time":"2025-01-08T11:44:38Z"}
{"component":"DOCKER","instance":"","level":"info","msg":"Remove application","time":"2025-01-08T11:44:40Z"}
{"component":"DOCKER","instance":"","level":"debug","msg":"Intermediary container used for moving data from volume to host has been removed","time":"2025-01-08T11:44:41Z"}
{"component":"TESTBED","instance":"[Project: 1]","level":"info","msg":"Saved output volume content to /data/tests/results_test_1_client_0_fc_vae_270032937.zip","time":"2025-01-08T11:44:41Z"}
{"component":"DOCKER","instance":"","level":"info","msg":"Remove volume test_1_output_0_1736336606","time":"2025-01-08T11:44:41Z"}
{"component":"TESTBED","instance":"[Project: 1]","level":"info","msg":"Deleted volume test_1_output_0_1736336606","time":"2025-01-08T11:44:41Z"}
{"component":"DOCKER","instance":"","level":"info","msg":"Remove volume test_1_input_0_1736336606","time":"2025-01-08T11:44:41Z"}
{"component":"TESTBED","instance":"[Project: 1]","level":"info","msg":"Deleted volume test_1_input_0_1736336606","time":"2025-01-08T11:44:41Z"}
{"component":"TESTBED","instance":"[Project: 1]","level":"info","msg":"Stopping container fc_vae_68154884","time":"2025-01-08T11:44:41Z"}
{"component":"DOCKER","instance":"","level":"info","msg":"Move data to host","time":"2025-01-08T11:44:41Z"}
{"component":"DOCKER","instance":"","level":"info","msg":"Attach to internal network","time":"2025-01-08T11:44:41Z"}
{"component":"DOCKER","instance":"","level":"info","msg":"Remove application","time":"2025-01-08T11:44:43Z"}
{"component":"DOCKER","instance":"","level":"debug","msg":"Intermediary container used for moving data from volume to host has been removed","time":"2025-01-08T11:44:44Z"}
{"component":"TESTBED","instance":"[Project: 1]","level":"info","msg":"Saved output volume content to /data/tests/results_test_1_client_1_fc_vae_68154884.zip","time":"2025-01-08T11:44:44Z"}
{"component":"DOCKER","instance":"","level":"info","msg":"Remove volume test_1_output_1_1736336610","time":"2025-01-08T11:44:44Z"}
{"component":"TESTBED","instance":"[Project: 1]","level":"info","msg":"Deleted volume test_1_output_1_1736336610","time":"2025-01-08T11:44:44Z"}
{"component":"DOCKER","instance":"","level":"info","msg":"Remove volume test_1_input_1_1736336610","time":"2025-01-08T11:44:44Z"}
{"component":"TESTBED","instance":"[Project: 1]","level":"info","msg":"Deleted volume test_1_input_1_1736336610","time":"2025-01-08T11:44:44Z"}
{"component":"TESTBED","instance":"","level":"info","msg":"Create new test","time":"2025-01-08T11:59:48Z"}
{"component":"TESTBED","instance":"[Project: 2]","level":"info","msg":"Create volumes and containers...","time":"2025-01-08T11:59:48Z"}
{"component":"DOCKER","instance":"","level":"info","msg":"Create volume test_2_input_0_1736337588","time":"2025-01-08T11:59:48Z"}
{"component":"DOCKER","instance":"","level":"info","msg":"Create volume test_2_output_0_1736337588","time":"2025-01-08T11:59:48Z"}
{"component":"TESTBED","instance":"[Project: 2]","level":"info","msg":"Move data to workspace from C:/Users/david/Desktop/Biostatistik/Autoencoder/vae\\data/client1","time":"2025-01-08T11:59:48Z"}
{"component":"DOCKER","instance":"","level":"info","msg":"Move data to workspace","time":"2025-01-08T11:59:48Z"}
{"component":"DOCKER","instance":"","level":"info","msg":"Attach to internal network","time":"2025-01-08T11:59:48Z"}
{"component":"DOCKER","instance":"","level":"info","msg":"Remove application","time":"2025-01-08T11:59:51Z"}
{"component":"DOCKER","instance":"","level":"info","msg":"Intermediary container used for moving data from host to volume has been removed","time":"2025-01-08T11:59:52Z"}
{"component":"TESTBED","instance":"[Project: 2]","level":"info","msg":"Move generic data to workspace skipped, no source provided","time":"2025-01-08T11:59:52Z"}
{"component":"TESTBED","instance":"[Project: 2]","level":"info","msg":"Start application","time":"2025-01-08T11:59:52Z"}
{"component":"DOCKER","instance":"","level":"info","msg":"Attach to internal network","time":"2025-01-08T11:59:52Z"}
{"component":"TESTBED","instance":"[Project: 2]","level":"info","msg":"Append app to list","time":"2025-01-08T11:59:53Z"}
{"component":"DOCKER","instance":"","level":"info","msg":"Create volume test_2_input_1_1736337593","time":"2025-01-08T11:59:53Z"}
{"component":"DOCKER","instance":"","level":"info","msg":"Create volume test_2_output_1_1736337593","time":"2025-01-08T11:59:53Z"}
{"component":"TESTBED","instance":"[Project: 2]","level":"info","msg":"Move data to workspace from C:/Users/david/Desktop/Biostatistik/Autoencoder/vae\\data/client2","time":"2025-01-08T11:59:53Z"}
{"component":"DOCKER","instance":"","level":"info","msg":"Move data to workspace","time":"2025-01-08T11:59:53Z"}
{"component":"DOCKER","instance":"","level":"info","msg":"Attach to internal network","time":"2025-01-08T11:59:54Z"}
{"component":"DOCKER","instance":"","level":"info","msg":"Remove application","time":"2025-01-08T11:59:56Z"}
{"component":"DOCKER","instance":"","level":"info","msg":"Intermediary container used for moving data from host to volume has been removed","time":"2025-01-08T11:59:57Z"}
{"component":"TESTBED","instance":"[Project: 2]","level":"info","msg":"Move generic data to workspace skipped, no source provided","time":"2025-01-08T11:59:57Z"}
{"component":"TESTBED","instance":"[Project: 2]","level":"info","msg":"Start application","time":"2025-01-08T11:59:57Z"}
{"component":"DOCKER","instance":"","level":"info","msg":"Attach to internal network","time":"2025-01-08T11:59:57Z"}
{"component":"TESTBED","instance":"[Project: 2]","level":"info","msg":"Append app to list","time":"2025-01-08T11:59:59Z"}
{"component":"TESTBED","instance":"[Project: 2]","level":"info","msg":"Link fc_vae_356031666 with global socket server","time":"2025-01-08T11:59:59Z"}
{"component":"TESTBED","instance":"[Project: 2]","level":"info","msg":"Link fc_vae_524975793 with global socket server","time":"2025-01-08T11:59:59Z"}
{"component":"TESTBED","instance":"[Project: 2]","level":"info","msg":"Start local socket server","time":"2025-01-08T11:59:59Z"}
{"component":"TESTBED","instance":"[Project: 2]","level":"info","msg":"Start local socket server","time":"2025-01-08T11:59:59Z"}
{"component":"TESTBED","instance":"[Project: 2]","level":"info","msg":"Link to global address","time":"2025-01-08T11:59:59Z"}
{"component":"TESTBED","instance":"[Project: 2]","level":"info","msg":"Link to global address","time":"2025-01-08T11:59:59Z"}
{"component":"LOCAL","instance":"","level":"info","msg":"Received setup trigger","time":"2025-01-08T11:59:59Z"}
{"component":"GLOBAL","instance":"","level":"info","msg":"Registered new coordinator controller","time":"2025-01-08T11:59:59Z"}
{"component":"GLOBAL","instance":"","level":"info","msg":"Registered new participant controller","time":"2025-01-08T11:59:59Z"}
{"component":"LOCAL","instance":"","level":"error","msg":"Got error code during setup: 502, 502 Bad Gateway","time":"2025-01-08T11:59:59Z"}
{"component":"GLOBAL","instance":"","level":"info","msg":"Setup d838a588e786b8d0644ff26b56fce13b5d921867c041743d8418c719397e54d2","time":"2025-01-08T12:00:00Z"}
{"component":"TESTBED","instance":"[Project: 2]","level":"info","msg":"Setup triggered","time":"2025-01-08T12:00:00Z"}
{"component":"LOCAL","instance":"","level":"error","msg":"[LOCAL][ERROR] expected status code 200, got 502 instead","time":"2025-01-08T12:00:00Z"}
{"component":"TESTBED","instance":"[Project: 2]","level":"info","msg":"2 apps and server created and running","time":"2025-01-08T12:00:00Z"}
{"component":"LOCAL","instance":"","level":"info","msg":"Shutdown","time":"2025-01-08T12:00:00Z"}
{"component":"LOCAL","instance":"","level":"info","msg":"Shutdown","time":"2025-01-08T12:00:00Z"}
{"component":"GLOBAL","instance":"","level":"error","msg":"Participant (ID: 7f0f8adaee5bfd5f): relaying stopped due to: EOF","time":"2025-01-08T12:00:00Z"}
{"component":"GLOBAL","instance":"","level":"error","msg":"Participant (ID: 8c479a62df0a75cb): relaying stopped due to: read tcp [::1]:9150-\u003e[::1]:35530: read: connection reset by peer","time":"2025-01-08T12:00:00Z"}
{"component":"TESTBED","instance":"[Project: 2]","level":"info","msg":"Stopping test id: 2","time":"2025-01-08T12:00:00Z"}
{"component":"TESTBED","instance":"[Project: 2]","level":"info","msg":"Stopping container fc_vae_356031666","time":"2025-01-08T12:00:00Z"}
{"component":"DOCKER","instance":"","level":"info","msg":"Move data to host","time":"2025-01-08T12:00:00Z"}
{"component":"DOCKER","instance":"","level":"info","msg":"Attach to internal network","time":"2025-01-08T12:00:01Z"}
{"component":"DOCKER","instance":"","level":"info","msg":"Remove application","time":"2025-01-08T12:00:02Z"}
{"component":"DOCKER","instance":"","level":"debug","msg":"Intermediary container used for moving data from volume to host has been removed","time":"2025-01-08T12:00:04Z"}
{"component":"TESTBED","instance":"[Project: 2]","level":"info","msg":"Saved output volume content to /data/tests/results_test_2_client_0_fc_vae_356031666.zip","time":"2025-01-08T12:00:04Z"}
{"component":"DOCKER","instance":"","level":"info","msg":"Remove volume test_2_output_0_1736337588","time":"2025-01-08T12:00:04Z"}
{"component":"TESTBED","instance":"[Project: 2]","level":"info","msg":"Deleted volume test_2_output_0_1736337588","time":"2025-01-08T12:00:04Z"}
{"component":"DOCKER","instance":"","level":"info","msg":"Remove volume test_2_input_0_1736337588","time":"2025-01-08T12:00:04Z"}
{"component":"TESTBED","instance":"[Project: 2]","level":"info","msg":"Deleted volume test_2_input_0_1736337588","time":"2025-01-08T12:00:04Z"}
{"component":"TESTBED","instance":"[Project: 2]","level":"info","msg":"Stopping container fc_vae_524975793","time":"2025-01-08T12:00:04Z"}
{"component":"DOCKER","instance":"","level":"info","msg":"Move data to host","time":"2025-01-08T12:00:04Z"}
{"component":"DOCKER","instance":"","level":"info","msg":"Attach to internal network","time":"2025-01-08T12:00:04Z"}
{"component":"DOCKER","instance":"","level":"info","msg":"Remove application","time":"2025-01-08T12:00:06Z"}
{"component":"DOCKER","instance":"","level":"debug","msg":"Intermediary container used for moving data from volume to host has been removed","time":"2025-01-08T12:00:07Z"}
{"component":"TESTBED","instance":"[Project: 2]","level":"info","msg":"Saved output volume content to /data/tests/results_test_2_client_1_fc_vae_524975793.zip","time":"2025-01-08T12:00:07Z"}
{"component":"DOCKER","instance":"","level":"info","msg":"Remove volume test_2_output_1_1736337593","time":"2025-01-08T12:00:07Z"}
{"component":"TESTBED","instance":"[Project: 2]","level":"info","msg":"Deleted volume test_2_output_1_1736337593","time":"2025-01-08T12:00:07Z"}
{"component":"DOCKER","instance":"","level":"info","msg":"Remove volume test_2_input_1_1736337593","time":"2025-01-08T12:00:07Z"}
{"component":"TESTBED","instance":"[Project: 2]","level":"info","msg":"Deleted volume test_2_input_1_1736337593","time":"2025-01-08T12:00:07Z"}
{"component":"LOCAL","instance":"","level":"error","msg":"Got error during setup to http://172.18.0.3:9000: Post \"http://172.18.0.3:9000/setup\": dial tcp 172.18.0.3:9000: i/o timeout","time":"2025-01-08T12:00:31Z"}
{"component":"LOCAL","instance":"","level":"error","msg":"Got error during setup to http://172.18.0.3:9000: Post \"http://172.18.0.3:9000/setup\": dial tcp 172.18.0.3:9000: connect: no route to host","time":"2025-01-08T12:00:45Z"}
{"component":"LOCAL","instance":"","level":"error","msg":"Got error during setup to http://172.18.0.3:9000: Post \"http://172.18.0.3:9000/setup\": dial tcp 172.18.0.3:9000: connect: no route to host","time":"2025-01-08T12:00:56Z"}
{"component":"LOCAL","instance":"","level":"error","msg":"Got error during setup to http://172.18.0.3:9000: Post \"http://172.18.0.3:9000/setup\": dial tcp 172.18.0.3:9000: connect: no route to host","time":"2025-01-08T12:01:15Z"}
{"component":"LOCAL","instance":"","level":"error","msg":"Got error during setup to http://172.18.0.3:9000: Post \"http://172.18.0.3:9000/setup\": dial tcp 172.18.0.3:9000: connect: no route to host","time":"2025-01-08T12:01:49Z"}
