{"component":"MAIN","instance":"","level":"info","msg":"Controller start","time":"2025-01-07T10:40:33Z"}
{"component":"MAIN","instance":"","level":"info","msg":"Mode: Dockerized (isolated)","time":"2025-01-07T10:40:33Z"}
{"component":"MAIN","instance":"","level":"info","msg":"Configuration value 'HasGPU': false","time":"2025-01-07T10:40:33Z"}
{"component":"DOCKER","instance":"","level":"info","msg":"Removing leftover Docker entities for label: fc-controller-label","time":"2025-01-07T10:40:34Z"}
{"component":"DOCKER","instance":"","level":"info","msg":"Removed 0 of 0 leftover containers","time":"2025-01-07T10:40:34Z"}
{"component":"DOCKER","instance":"","level":"info","msg":"Removed 0 of 41 leftover volumes","time":"2025-01-07T10:40:34Z"}
{"component":"DOCKER","instance":"","level":"info","msg":"Removed 0 of 0 leftover networks","time":"2025-01-07T10:40:34Z"}
{"component":"GLOBAL","instance":"","level":"info","msg":"Listening on port 9151","time":"2025-01-07T10:40:34Z"}
{"component":"GLOBAL","instance":"","level":"info","msg":"Listening on port 9150","time":"2025-01-07T10:40:34Z"}
{"component":"FLOW","instance":"","level":"debug","msg":"1 projects","time":"2025-01-07T10:40:34Z"}
{"component":"FLOW","instance":"[Instance: 17081]","level":"info","msg":"Info change for project 17081: stage: error, step: 0","time":"2025-01-07T10:40:34Z"}
{"component":"FLOW","instance":"[Instance: 17081]","level":"error","msg":"Workflow is shutting down because of an error","time":"2025-01-07T10:40:34Z"}
{"component":"DATA","instance":"17081","level":"debug","msg":"Updated project state for project 17081","time":"2025-01-07T10:40:34Z"}
{"component":"HTTP","instance":"","level":"debug","msg":"Set site received","time":"2025-01-07T10:40:46Z"}
{"component":"TESTBED","instance":"","level":"info","msg":"Create new test","time":"2025-01-07T10:40:52Z"}
{"component":"TESTBED","instance":"[Project: 1]","level":"info","msg":"Create volumes and containers...","time":"2025-01-07T10:40:52Z"}
{"component":"DOCKER","instance":"","level":"info","msg":"Create volume test_1_input_0_1736246452","time":"2025-01-07T10:40:52Z"}
{"component":"DOCKER","instance":"","level":"info","msg":"Create volume test_1_output_0_1736246452","time":"2025-01-07T10:40:52Z"}
{"component":"TESTBED","instance":"[Project: 1]","level":"info","msg":"Move data to workspace from C:/Users/david/Desktop/Biostatistik/tutorial/vae\\data/client1","time":"2025-01-07T10:40:52Z"}
{"component":"DOCKER","instance":"","level":"info","msg":"Move data to workspace","time":"2025-01-07T10:40:52Z"}
{"component":"DOCKER","instance":"","level":"info","msg":"Attach to internal network","time":"2025-01-07T10:40:52Z"}
{"component":"DOCKER","instance":"","level":"info","msg":"Remove application","time":"2025-01-07T10:40:54Z"}
{"component":"DOCKER","instance":"","level":"info","msg":"Intermediary container used for moving data from host to volume has been removed","time":"2025-01-07T10:40:55Z"}
{"component":"TESTBED","instance":"[Project: 1]","level":"info","msg":"Move generic data to workspace skipped, no source provided","time":"2025-01-07T10:40:55Z"}
{"component":"TESTBED","instance":"[Project: 1]","level":"info","msg":"Start application","time":"2025-01-07T10:40:55Z"}
{"component":"DOCKER","instance":"","level":"info","msg":"Attach to internal network","time":"2025-01-07T10:40:55Z"}
{"component":"TESTBED","instance":"[Project: 1]","level":"info","msg":"Append app to list","time":"2025-01-07T10:40:57Z"}
{"component":"DOCKER","instance":"","level":"info","msg":"Create volume test_1_input_1_1736246457","time":"2025-01-07T10:40:57Z"}
{"component":"DOCKER","instance":"","level":"info","msg":"Create volume test_1_output_1_1736246457","time":"2025-01-07T10:40:57Z"}
{"component":"TESTBED","instance":"[Project: 1]","level":"info","msg":"Move data to workspace from C:/Users/david/Desktop/Biostatistik/tutorial/vae\\data/client2","time":"2025-01-07T10:40:57Z"}
{"component":"DOCKER","instance":"","level":"info","msg":"Move data to workspace","time":"2025-01-07T10:40:57Z"}
{"component":"DOCKER","instance":"","level":"info","msg":"Attach to internal network","time":"2025-01-07T10:40:57Z"}
{"component":"DOCKER","instance":"","level":"info","msg":"Remove application","time":"2025-01-07T10:40:59Z"}
{"component":"DOCKER","instance":"","level":"info","msg":"Intermediary container used for moving data from host to volume has been removed","time":"2025-01-07T10:41:00Z"}
{"component":"TESTBED","instance":"[Project: 1]","level":"info","msg":"Move generic data to workspace skipped, no source provided","time":"2025-01-07T10:41:00Z"}
{"component":"TESTBED","instance":"[Project: 1]","level":"info","msg":"Start application","time":"2025-01-07T10:41:00Z"}
{"component":"DOCKER","instance":"","level":"info","msg":"Attach to internal network","time":"2025-01-07T10:41:00Z"}
{"component":"TESTBED","instance":"[Project: 1]","level":"info","msg":"Append app to list","time":"2025-01-07T10:41:02Z"}
{"component":"TESTBED","instance":"[Project: 1]","level":"info","msg":"Link fc_vae_711729255 with global socket server","time":"2025-01-07T10:41:02Z"}
{"component":"TESTBED","instance":"[Project: 1]","level":"info","msg":"Link fc_vae_766545151 with global socket server","time":"2025-01-07T10:41:02Z"}
{"component":"TESTBED","instance":"[Project: 1]","level":"info","msg":"Start local socket server","time":"2025-01-07T10:41:02Z"}
{"component":"TESTBED","instance":"[Project: 1]","level":"info","msg":"Start local socket server","time":"2025-01-07T10:41:02Z"}
{"component":"TESTBED","instance":"[Project: 1]","level":"info","msg":"Link to global address","time":"2025-01-07T10:41:02Z"}
{"component":"TESTBED","instance":"[Project: 1]","level":"info","msg":"Link to global address","time":"2025-01-07T10:41:02Z"}
{"component":"GLOBAL","instance":"","level":"info","msg":"Registered new participant controller","time":"2025-01-07T10:41:02Z"}
{"component":"GLOBAL","instance":"","level":"info","msg":"Registered new coordinator controller","time":"2025-01-07T10:41:02Z"}
{"component":"LOCAL","instance":"","level":"info","msg":"Received setup trigger","time":"2025-01-07T10:41:02Z"}
{"component":"LOCAL","instance":"","level":"info","msg":"Received setup trigger","time":"2025-01-07T10:41:02Z"}
{"component":"LOCAL","instance":"","level":"error","msg":"Got error during setup to http://172.18.0.4:9000: Post \"http://172.18.0.4:9000/setup\": dial tcp 172.18.0.4:9000: connect: connection refused","time":"2025-01-07T10:41:02Z"}
{"component":"GLOBAL","instance":"","level":"info","msg":"Setup 38692e8568af2b60d2b94fe98e98a48d16fb3db5678634b445539345851760b8","time":"2025-01-07T10:41:03Z"}
{"component":"TESTBED","instance":"[Project: 1]","level":"info","msg":"Setup triggered","time":"2025-01-07T10:41:03Z"}
{"component":"TESTBED","instance":"[Project: 1]","level":"info","msg":"2 apps and server created and running","time":"2025-01-07T10:41:03Z"}
{"component":"LOCAL","instance":"","level":"error","msg":"Got error code during setup: 502, 502 Bad Gateway","time":"2025-01-07T10:41:04Z"}
{"component":"LOCAL","instance":"","level":"info","msg":"http://172.18.0.3:9000/status: New data available","time":"2025-01-07T10:41:06Z"}
{"component":"LOCAL","instance":"","level":"info","msg":"Mode: plain","time":"2025-01-07T10:41:06Z"}
{"component":"LOCAL","instance":"","level":"debug","msg":"http://172.18.0.3:9000/data: Fetched 190 bytes","time":"2025-01-07T10:41:06Z"}
{"component":"GLOBAL","instance":"","level":"info","msg":"Coordinator (ID: b5354c432f0a7d94) broadcasting 190 bytes","time":"2025-01-07T10:41:06Z"}
{"component":"LOCAL","instance":"","level":"info","msg":"received 190 bytes from Client b5354c432f0a7d94","time":"2025-01-07T10:41:09Z"}
{"component":"LOCAL","instance":"","level":"info","msg":"POST to http://172.18.0.4:9000/data?client=b5354c432f0a7d94\u0026memo=None [Try 1/3]","time":"2025-01-07T10:41:09Z"}
{"component":"FLOW","instance":"","level":"error","msg":"Error getting workflow data: Get \"https://featurecloud.ai/api/project-states/12709/?token=5d2d37e8-8e2a-470e-9017-8fff22584bb4\": EOF","time":"2025-01-07T10:45:42Z"}
{"component":"LOCAL","instance":"","level":"info","msg":"Shutdown","time":"2025-01-07T10:46:34Z"}
{"component":"LOCAL","instance":"","level":"info","msg":"Shutdown","time":"2025-01-07T10:46:34Z"}
{"component":"GLOBAL","instance":"","level":"error","msg":"Participant (ID: 2c9214ec200e9dab): relaying stopped due to: EOF","time":"2025-01-07T10:46:34Z"}
{"component":"TESTBED","instance":"[Project: 1]","level":"info","msg":"Stopping test id: 1","time":"2025-01-07T10:46:34Z"}
{"component":"TESTBED","instance":"[Project: 1]","level":"info","msg":"Stopping container fc_vae_711729255","time":"2025-01-07T10:46:34Z"}
{"component":"GLOBAL","instance":"","level":"error","msg":"Participant (ID: b5354c432f0a7d94): relaying stopped due to: EOF","time":"2025-01-07T10:46:34Z"}
{"component":"DOCKER","instance":"","level":"info","msg":"Move data to host","time":"2025-01-07T10:46:35Z"}
{"component":"DOCKER","instance":"","level":"info","msg":"Attach to internal network","time":"2025-01-07T10:46:35Z"}
{"component":"DOCKER","instance":"","level":"info","msg":"Remove application","time":"2025-01-07T10:46:37Z"}
{"component":"DOCKER","instance":"","level":"debug","msg":"Intermediary container used for moving data from volume to host has been removed","time":"2025-01-07T10:46:38Z"}
{"component":"TESTBED","instance":"[Project: 1]","level":"info","msg":"Saved output volume content to /data/tests/results_test_1_client_0_fc_vae_711729255.zip","time":"2025-01-07T10:46:38Z"}
{"component":"DOCKER","instance":"","level":"info","msg":"Remove volume test_1_output_0_1736246452","time":"2025-01-07T10:46:38Z"}
{"component":"TESTBED","instance":"[Project: 1]","level":"info","msg":"Deleted volume test_1_output_0_1736246452","time":"2025-01-07T10:46:38Z"}
{"component":"DOCKER","instance":"","level":"info","msg":"Remove volume test_1_input_0_1736246452","time":"2025-01-07T10:46:38Z"}
{"component":"TESTBED","instance":"[Project: 1]","level":"info","msg":"Deleted volume test_1_input_0_1736246452","time":"2025-01-07T10:46:38Z"}
{"component":"TESTBED","instance":"[Project: 1]","level":"info","msg":"Stopping container fc_vae_766545151","time":"2025-01-07T10:46:38Z"}
{"component":"DOCKER","instance":"","level":"info","msg":"Move data to host","time":"2025-01-07T10:46:39Z"}
{"component":"DOCKER","instance":"","level":"info","msg":"Attach to internal network","time":"2025-01-07T10:46:39Z"}
{"component":"DOCKER","instance":"","level":"info","msg":"Remove application","time":"2025-01-07T10:46:41Z"}
{"component":"DOCKER","instance":"","level":"debug","msg":"Intermediary container used for moving data from volume to host has been removed","time":"2025-01-07T10:46:42Z"}
{"component":"TESTBED","instance":"[Project: 1]","level":"info","msg":"Saved output volume content to /data/tests/results_test_1_client_1_fc_vae_766545151.zip","time":"2025-01-07T10:46:42Z"}
{"component":"DOCKER","instance":"","level":"info","msg":"Remove volume test_1_output_1_1736246457","time":"2025-01-07T10:46:42Z"}
{"component":"TESTBED","instance":"[Project: 1]","level":"info","msg":"Deleted volume test_1_output_1_1736246457","time":"2025-01-07T10:46:42Z"}
{"component":"DOCKER","instance":"","level":"info","msg":"Remove volume test_1_input_1_1736246457","time":"2025-01-07T10:46:42Z"}
{"component":"TESTBED","instance":"[Project: 1]","level":"info","msg":"Deleted volume test_1_input_1_1736246457","time":"2025-01-07T10:46:42Z"}
{"component":"FLOW","instance":"","level":"error","msg":"Error getting workflow data: Get \"https://featurecloud.ai/api/project-states/12709/?token=5d2d37e8-8e2a-470e-9017-8fff22584bb4\": dial tcp: lookup featurecloud.ai on 127.0.0.11:53: no such host","time":"2025-01-07T13:17:34Z"}
{"component":"FLOW","instance":"","level":"error","msg":"Error getting workflow data: Get \"https://featurecloud.ai/api/project-states/12709/?token=5d2d37e8-8e2a-470e-9017-8fff22584bb4\": dial tcp: lookup featurecloud.ai on 127.0.0.11:53: no such host","time":"2025-01-07T16:42:18Z"}
{"component":"FLOW","instance":"","level":"error","msg":"Error getting workflow data: Get \"https://featurecloud.ai/api/project-states/12709/?token=5d2d37e8-8e2a-470e-9017-8fff22584bb4\": dial tcp: lookup featurecloud.ai on 127.0.0.11:53: no such host","time":"2025-01-07T16:42:21Z"}
{"component":"FLOW","instance":"","level":"error","msg":"Error getting workflow data: Get \"https://featurecloud.ai/api/project-states/12709/?token=5d2d37e8-8e2a-470e-9017-8fff22584bb4\": dial tcp: lookup featurecloud.ai on 127.0.0.11:53: no such host","time":"2025-01-07T16:42:24Z"}
{"component":"FLOW","instance":"","level":"error","msg":"Error getting workflow data: Get \"https://featurecloud.ai/api/project-states/12709/?token=5d2d37e8-8e2a-470e-9017-8fff22584bb4\": dial tcp: lookup featurecloud.ai on 127.0.0.11:53: no such host","time":"2025-01-07T16:42:27Z"}
{"component":"FLOW","instance":"","level":"error","msg":"Error getting workflow data: Get \"https://featurecloud.ai/api/project-states/12709/?token=5d2d37e8-8e2a-470e-9017-8fff22584bb4\": dial tcp: lookup featurecloud.ai on 127.0.0.11:53: no such host","time":"2025-01-07T16:42:30Z"}
{"component":"HTTP","instance":"","level":"debug","msg":"Set site received","time":"2025-01-07T18:28:23Z"}
{"component":"HTTP","instance":"","level":"debug","msg":"Set site received","time":"2025-01-07T18:28:25Z"}
