{"component":"MAIN","instance":"","level":"info","msg":"Controller start","time":"2025-01-08T18:43:29Z"}
{"component":"MAIN","instance":"","level":"info","msg":"Mode: Dockerized (isolated)","time":"2025-01-08T18:43:29Z"}
{"component":"MAIN","instance":"","level":"info","msg":"Configuration value 'HasGPU': false","time":"2025-01-08T18:43:29Z"}
{"component":"DOCKER","instance":"","level":"info","msg":"Removing leftover Docker entities for label: fc-controller-label","time":"2025-01-08T18:43:29Z"}
{"component":"DOCKER","instance":"","level":"info","msg":"Removed 0 of 0 leftover containers","time":"2025-01-08T18:43:29Z"}
{"component":"DOCKER","instance":"","level":"info","msg":"Removed 0 of 41 leftover volumes","time":"2025-01-08T18:43:29Z"}
{"component":"DOCKER","instance":"","level":"info","msg":"Removed 0 of 0 leftover networks","time":"2025-01-08T18:43:29Z"}
{"component":"GLOBAL","instance":"","level":"info","msg":"Listening on port 9151","time":"2025-01-08T18:43:29Z"}
{"component":"GLOBAL","instance":"","level":"info","msg":"Listening on port 9150","time":"2025-01-08T18:43:29Z"}
{"component":"FLOW","instance":"","level":"debug","msg":"1 projects","time":"2025-01-08T18:43:29Z"}
{"component":"FLOW","instance":"[Instance: 17081]","level":"info","msg":"Info change for project 17081: stage: error, step: 0","time":"2025-01-08T18:43:29Z"}
{"component":"FLOW","instance":"[Instance: 17081]","level":"error","msg":"Workflow is shutting down because of an error","time":"2025-01-08T18:43:29Z"}
{"component":"DATA","instance":"17081","level":"debug","msg":"Updated project state for project 17081","time":"2025-01-08T18:43:29Z"}
{"component":"TESTBED","instance":"","level":"info","msg":"Create new test","time":"2025-01-08T18:43:56Z"}
{"component":"TESTBED","instance":"[Project: 1]","level":"info","msg":"Create volumes and containers...","time":"2025-01-08T18:43:56Z"}
{"component":"DOCKER","instance":"","level":"info","msg":"Create volume test_1_input_0_1736361836","time":"2025-01-08T18:43:56Z"}
{"component":"DOCKER","instance":"","level":"info","msg":"Create volume test_1_output_0_1736361836","time":"2025-01-08T18:43:56Z"}
{"component":"TESTBED","instance":"[Project: 1]","level":"info","msg":"Move data to workspace from C:/Users/david/Desktop/Biostatistik/Autoencoder/vae\\data/client1","time":"2025-01-08T18:43:56Z"}
{"component":"DOCKER","instance":"","level":"info","msg":"Move data to workspace","time":"2025-01-08T18:43:56Z"}
{"component":"DOCKER","instance":"","level":"info","msg":"Attach to internal network","time":"2025-01-08T18:43:56Z"}
{"component":"DOCKER","instance":"","level":"info","msg":"Remove application","time":"2025-01-08T18:43:58Z"}
{"component":"DOCKER","instance":"","level":"info","msg":"Intermediary container used for moving data from host to volume has been removed","time":"2025-01-08T18:43:59Z"}
{"component":"TESTBED","instance":"[Project: 1]","level":"info","msg":"Move generic data to workspace skipped, no source provided","time":"2025-01-08T18:43:59Z"}
{"component":"TESTBED","instance":"[Project: 1]","level":"info","msg":"Start application","time":"2025-01-08T18:43:59Z"}
{"component":"DOCKER","instance":"","level":"info","msg":"Attach to internal network","time":"2025-01-08T18:43:59Z"}
{"component":"TESTBED","instance":"[Project: 1]","level":"info","msg":"Append app to list","time":"2025-01-08T18:44:01Z"}
{"component":"DOCKER","instance":"","level":"info","msg":"Create volume test_1_input_1_1736361841","time":"2025-01-08T18:44:01Z"}
{"component":"DOCKER","instance":"","level":"info","msg":"Create volume test_1_output_1_1736361841","time":"2025-01-08T18:44:01Z"}
{"component":"TESTBED","instance":"[Project: 1]","level":"info","msg":"Move data to workspace from C:/Users/david/Desktop/Biostatistik/Autoencoder/vae\\data/client2","time":"2025-01-08T18:44:01Z"}
{"component":"DOCKER","instance":"","level":"info","msg":"Move data to workspace","time":"2025-01-08T18:44:01Z"}
{"component":"DOCKER","instance":"","level":"info","msg":"Attach to internal network","time":"2025-01-08T18:44:01Z"}
{"component":"DOCKER","instance":"","level":"info","msg":"Remove application","time":"2025-01-08T18:44:03Z"}
{"component":"DOCKER","instance":"","level":"info","msg":"Intermediary container used for moving data from host to volume has been removed","time":"2025-01-08T18:44:04Z"}
{"component":"TESTBED","instance":"[Project: 1]","level":"info","msg":"Move generic data to workspace skipped, no source provided","time":"2025-01-08T18:44:04Z"}
{"component":"TESTBED","instance":"[Project: 1]","level":"info","msg":"Start application","time":"2025-01-08T18:44:04Z"}
{"component":"DOCKER","instance":"","level":"info","msg":"Attach to internal network","time":"2025-01-08T18:44:04Z"}
{"component":"TESTBED","instance":"[Project: 1]","level":"info","msg":"Append app to list","time":"2025-01-08T18:44:06Z"}
{"component":"TESTBED","instance":"[Project: 1]","level":"info","msg":"Link fc_vae_770615990 with global socket server","time":"2025-01-08T18:44:06Z"}
{"component":"TESTBED","instance":"[Project: 1]","level":"info","msg":"Link fc_vae_469383677 with global socket server","time":"2025-01-08T18:44:06Z"}
{"component":"TESTBED","instance":"[Project: 1]","level":"info","msg":"Start local socket server","time":"2025-01-08T18:44:06Z"}
{"component":"TESTBED","instance":"[Project: 1]","level":"info","msg":"Start local socket server","time":"2025-01-08T18:44:06Z"}
{"component":"TESTBED","instance":"[Project: 1]","level":"info","msg":"Link to global address","time":"2025-01-08T18:44:06Z"}
{"component":"TESTBED","instance":"[Project: 1]","level":"info","msg":"Link to global address","time":"2025-01-08T18:44:06Z"}
{"component":"GLOBAL","instance":"","level":"info","msg":"Registered new participant controller","time":"2025-01-08T18:44:06Z"}
{"component":"GLOBAL","instance":"","level":"info","msg":"Registered new coordinator controller","time":"2025-01-08T18:44:06Z"}
{"component":"LOCAL","instance":"","level":"info","msg":"Received setup trigger","time":"2025-01-08T18:44:06Z"}
{"component":"LOCAL","instance":"","level":"info","msg":"Received setup trigger","time":"2025-01-08T18:44:06Z"}
{"component":"LOCAL","instance":"","level":"error","msg":"Got error during setup to http://172.18.0.4:9000: Post \"http://172.18.0.4:9000/setup\": dial tcp 172.18.0.4:9000: connect: connection refused","time":"2025-01-08T18:44:06Z"}
{"component":"LOCAL","instance":"","level":"error","msg":"Got error code during setup: 502, 502 Bad Gateway","time":"2025-01-08T18:44:06Z"}
{"component":"GLOBAL","instance":"","level":"info","msg":"Setup 7cde82fe625be14ea714062b544843259b12c9fb3d1df14400d4e1bfd105f983","time":"2025-01-08T18:44:07Z"}
{"component":"TESTBED","instance":"[Project: 1]","level":"info","msg":"Setup triggered","time":"2025-01-08T18:44:07Z"}
{"component":"TESTBED","instance":"[Project: 1]","level":"info","msg":"2 apps and server created and running","time":"2025-01-08T18:44:07Z"}
{"component":"LOCAL","instance":"","level":"error","msg":"Got error code during setup: 502, 502 Bad Gateway","time":"2025-01-08T18:44:08Z"}
{"component":"LOCAL","instance":"","level":"error","msg":"Got error code during setup: 502, 502 Bad Gateway","time":"2025-01-08T18:44:08Z"}
{"component":"LOCAL","instance":"","level":"info","msg":"http://172.18.0.3:9000/status: New data available","time":"2025-01-08T18:45:25Z"}
{"component":"LOCAL","instance":"","level":"info","msg":"Mode: plain","time":"2025-01-08T18:45:25Z"}
{"component":"LOCAL","instance":"","level":"debug","msg":"http://172.18.0.3:9000/data: Fetched 22193084 bytes","time":"2025-01-08T18:45:29Z"}
{"component":"GLOBAL","instance":"","level":"info","msg":"Coordinator (ID: 3e614ee43effde9e) broadcasting 22193084 bytes","time":"2025-01-08T18:45:29Z"}
{"component":"LOCAL","instance":"","level":"info","msg":"received 22193084 bytes from Client 3e614ee43effde9e","time":"2025-01-08T18:45:30Z"}
{"component":"LOCAL","instance":"","level":"info","msg":"POST to http://172.18.0.4:9000/data?client=3e614ee43effde9e\u0026memo=None [Try 1/3]","time":"2025-01-08T18:45:30Z"}
{"component":"LOCAL","instance":"","level":"info","msg":"http://172.18.0.4:9000/status: Finished","time":"2025-01-08T18:45:31Z"}
{"component":"GLOBAL","instance":"","level":"info","msg":"Participant (ID: 78018f50fdc2b50c) finished the current step","time":"2025-01-08T18:45:31Z"}
{"component":"LOCAL","instance":"","level":"info","msg":"Shutdown","time":"2025-01-08T18:45:32Z"}
{"component":"LOCAL","instance":"","level":"info","msg":"Shutdown","time":"2025-01-08T18:45:32Z"}
{"component":"GLOBAL","instance":"","level":"error","msg":"Participant (ID: 78018f50fdc2b50c): relaying stopped due to: EOF","time":"2025-01-08T18:45:32Z"}
{"component":"TESTBED","instance":"[Project: 1]","level":"info","msg":"Stopping test id: 1","time":"2025-01-08T18:45:32Z"}
{"component":"TESTBED","instance":"[Project: 1]","level":"info","msg":"Stopping container fc_vae_770615990","time":"2025-01-08T18:45:32Z"}
{"component":"GLOBAL","instance":"","level":"error","msg":"Participant (ID: 3e614ee43effde9e): relaying stopped due to: EOF","time":"2025-01-08T18:45:32Z"}
{"component":"DOCKER","instance":"","level":"info","msg":"Move data to host","time":"2025-01-08T18:45:33Z"}
{"component":"DOCKER","instance":"","level":"info","msg":"Attach to internal network","time":"2025-01-08T18:45:33Z"}
{"component":"DOCKER","instance":"","level":"info","msg":"Remove application","time":"2025-01-08T18:45:36Z"}
{"component":"DOCKER","instance":"","level":"debug","msg":"Intermediary container used for moving data from volume to host has been removed","time":"2025-01-08T18:45:37Z"}
{"component":"TESTBED","instance":"[Project: 1]","level":"info","msg":"Saved output volume content to /data/tests/results_test_1_client_0_fc_vae_770615990.zip","time":"2025-01-08T18:45:37Z"}
{"component":"DOCKER","instance":"","level":"info","msg":"Remove volume test_1_output_0_1736361836","time":"2025-01-08T18:45:37Z"}
{"component":"TESTBED","instance":"[Project: 1]","level":"info","msg":"Deleted volume test_1_output_0_1736361836","time":"2025-01-08T18:45:37Z"}
{"component":"DOCKER","instance":"","level":"info","msg":"Remove volume test_1_input_0_1736361836","time":"2025-01-08T18:45:37Z"}
{"component":"TESTBED","instance":"[Project: 1]","level":"info","msg":"Deleted volume test_1_input_0_1736361836","time":"2025-01-08T18:45:37Z"}
{"component":"TESTBED","instance":"[Project: 1]","level":"info","msg":"Stopping container fc_vae_469383677","time":"2025-01-08T18:45:37Z"}
{"component":"DOCKER","instance":"","level":"info","msg":"Move data to host","time":"2025-01-08T18:45:37Z"}
{"component":"DOCKER","instance":"","level":"info","msg":"Attach to internal network","time":"2025-01-08T18:45:38Z"}
{"component":"DOCKER","instance":"","level":"info","msg":"Remove application","time":"2025-01-08T18:45:40Z"}
{"component":"DOCKER","instance":"","level":"debug","msg":"Intermediary container used for moving data from volume to host has been removed","time":"2025-01-08T18:45:41Z"}
{"component":"TESTBED","instance":"[Project: 1]","level":"info","msg":"Saved output volume content to /data/tests/results_test_1_client_1_fc_vae_469383677.zip","time":"2025-01-08T18:45:41Z"}
{"component":"DOCKER","instance":"","level":"info","msg":"Remove volume test_1_output_1_1736361841","time":"2025-01-08T18:45:41Z"}
{"component":"TESTBED","instance":"[Project: 1]","level":"info","msg":"Deleted volume test_1_output_1_1736361841","time":"2025-01-08T18:45:41Z"}
{"component":"DOCKER","instance":"","level":"info","msg":"Remove volume test_1_input_1_1736361841","time":"2025-01-08T18:45:41Z"}
{"component":"TESTBED","instance":"[Project: 1]","level":"info","msg":"Deleted volume test_1_input_1_1736361841","time":"2025-01-08T18:45:41Z"}
{"component":"HTTP","instance":"","level":"debug","msg":"Set site received","time":"2025-01-08T18:47:07Z"}
