{"component":"MAIN","instance":"","level":"info","msg":"Controller start","time":"2025-01-26T15:34:25Z"}
{"component":"MAIN","instance":"","level":"info","msg":"Mode: Dockerized (isolated)","time":"2025-01-26T15:34:25Z"}
{"component":"MAIN","instance":"","level":"info","msg":"Configuration value 'HasGPU': false","time":"2025-01-26T15:34:25Z"}
{"component":"DOCKER","instance":"","level":"info","msg":"Removing leftover Docker entities for label: fc-controller-label","time":"2025-01-26T15:34:26Z"}
{"component":"DOCKER","instance":"","level":"info","msg":"Removed 0 of 0 leftover containers","time":"2025-01-26T15:34:26Z"}
{"component":"DOCKER","instance":"","level":"info","msg":"Removed 0 of 41 leftover volumes","time":"2025-01-26T15:34:26Z"}
{"component":"DOCKER","instance":"","level":"info","msg":"Removed 0 of 0 leftover networks","time":"2025-01-26T15:34:26Z"}
{"component":"GLOBAL","instance":"","level":"info","msg":"Listening on port 9151","time":"2025-01-26T15:34:26Z"}
{"component":"GLOBAL","instance":"","level":"info","msg":"Listening on port 9150","time":"2025-01-26T15:34:26Z"}
{"component":"FLOW","instance":"","level":"debug","msg":"1 projects","time":"2025-01-26T15:34:26Z"}
{"component":"FLOW","instance":"[Instance: 17081]","level":"info","msg":"Info change for project 17081: stage: error, step: 0","time":"2025-01-26T15:34:26Z"}
{"component":"FLOW","instance":"[Instance: 17081]","level":"error","msg":"Workflow is shutting down because of an error","time":"2025-01-26T15:34:26Z"}
{"component":"DATA","instance":"17081","level":"debug","msg":"Updated project state for project 17081","time":"2025-01-26T15:34:26Z"}
{"component":"HTTP","instance":"","level":"debug","msg":"Set site received","time":"2025-01-26T15:34:33Z"}
{"component":"TESTBED","instance":"","level":"info","msg":"Create new test","time":"2025-01-26T15:34:58Z"}
{"component":"TESTBED","instance":"[Project: 1]","level":"info","msg":"Create volumes and containers...","time":"2025-01-26T15:34:58Z"}
{"component":"DOCKER","instance":"","level":"info","msg":"Create volume test_1_input_0_1737905698","time":"2025-01-26T15:34:58Z"}
{"component":"DOCKER","instance":"","level":"info","msg":"Create volume test_1_output_0_1737905698","time":"2025-01-26T15:34:58Z"}
{"component":"TESTBED","instance":"[Project: 1]","level":"info","msg":"Move data to workspace from C:/Users/david/Desktop/Biostatistik/Autoencoder/vae\\data/client1","time":"2025-01-26T15:34:58Z"}
{"component":"DOCKER","instance":"","level":"info","msg":"Move data to workspace","time":"2025-01-26T15:34:58Z"}
{"component":"DOCKER","instance":"","level":"info","msg":"Attach to internal network","time":"2025-01-26T15:34:59Z"}
{"component":"DOCKER","instance":"","level":"info","msg":"Remove application","time":"2025-01-26T15:35:01Z"}
{"component":"DOCKER","instance":"","level":"info","msg":"Intermediary container used for moving data from host to volume has been removed","time":"2025-01-26T15:35:04Z"}
{"component":"TESTBED","instance":"[Project: 1]","level":"info","msg":"Move generic data to workspace skipped, no source provided","time":"2025-01-26T15:35:04Z"}
{"component":"TESTBED","instance":"[Project: 1]","level":"info","msg":"Start application","time":"2025-01-26T15:35:04Z"}
{"component":"DOCKER","instance":"","level":"info","msg":"Attach to internal network","time":"2025-01-26T15:35:04Z"}
{"component":"TESTBED","instance":"[Project: 1]","level":"info","msg":"Append app to list","time":"2025-01-26T15:35:06Z"}
{"component":"DOCKER","instance":"","level":"info","msg":"Create volume test_1_input_1_1737905706","time":"2025-01-26T15:35:06Z"}
{"component":"DOCKER","instance":"","level":"info","msg":"Create volume test_1_output_1_1737905706","time":"2025-01-26T15:35:06Z"}
{"component":"TESTBED","instance":"[Project: 1]","level":"info","msg":"Move data to workspace from C:/Users/david/Desktop/Biostatistik/Autoencoder/vae\\data/client2","time":"2025-01-26T15:35:06Z"}
{"component":"DOCKER","instance":"","level":"info","msg":"Move data to workspace","time":"2025-01-26T15:35:06Z"}
{"component":"DOCKER","instance":"","level":"info","msg":"Attach to internal network","time":"2025-01-26T15:35:07Z"}
{"component":"DOCKER","instance":"","level":"info","msg":"Remove application","time":"2025-01-26T15:35:09Z"}
{"component":"DOCKER","instance":"","level":"info","msg":"Intermediary container used for moving data from host to volume has been removed","time":"2025-01-26T15:35:12Z"}
{"component":"TESTBED","instance":"[Project: 1]","level":"info","msg":"Move generic data to workspace skipped, no source provided","time":"2025-01-26T15:35:12Z"}
{"component":"TESTBED","instance":"[Project: 1]","level":"info","msg":"Start application","time":"2025-01-26T15:35:12Z"}
{"component":"DOCKER","instance":"","level":"info","msg":"Attach to internal network","time":"2025-01-26T15:35:12Z"}
{"component":"TESTBED","instance":"[Project: 1]","level":"info","msg":"Append app to list","time":"2025-01-26T15:35:14Z"}
{"component":"DOCKER","instance":"","level":"info","msg":"Create volume test_1_input_2_1737905714","time":"2025-01-26T15:35:14Z"}
{"component":"DOCKER","instance":"","level":"info","msg":"Create volume test_1_output_2_1737905714","time":"2025-01-26T15:35:14Z"}
{"component":"TESTBED","instance":"[Project: 1]","level":"info","msg":"Move data to workspace from C:/Users/david/Desktop/Biostatistik/Autoencoder/vae\\data/client3","time":"2025-01-26T15:35:14Z"}
{"component":"DOCKER","instance":"","level":"info","msg":"Move data to workspace","time":"2025-01-26T15:35:14Z"}
{"component":"DOCKER","instance":"","level":"info","msg":"Attach to internal network","time":"2025-01-26T15:35:15Z"}
{"component":"DOCKER","instance":"","level":"info","msg":"Remove application","time":"2025-01-26T15:35:18Z"}
{"component":"DOCKER","instance":"","level":"info","msg":"Intermediary container used for moving data from host to volume has been removed","time":"2025-01-26T15:35:21Z"}
{"component":"TESTBED","instance":"[Project: 1]","level":"info","msg":"Move generic data to workspace skipped, no source provided","time":"2025-01-26T15:35:21Z"}
{"component":"TESTBED","instance":"[Project: 1]","level":"info","msg":"Start application","time":"2025-01-26T15:35:21Z"}
{"component":"DOCKER","instance":"","level":"info","msg":"Attach to internal network","time":"2025-01-26T15:35:21Z"}
{"component":"TESTBED","instance":"[Project: 1]","level":"info","msg":"Append app to list","time":"2025-01-26T15:35:23Z"}
{"component":"TESTBED","instance":"[Project: 1]","level":"info","msg":"Link fc_vae_854304259 with global socket server","time":"2025-01-26T15:35:23Z"}
{"component":"TESTBED","instance":"[Project: 1]","level":"info","msg":"Link fc_vae_897449806 with global socket server","time":"2025-01-26T15:35:23Z"}
{"component":"TESTBED","instance":"[Project: 1]","level":"info","msg":"Link fc_vae_405647374 with global socket server","time":"2025-01-26T15:35:23Z"}
{"component":"TESTBED","instance":"[Project: 1]","level":"info","msg":"Start local socket server","time":"2025-01-26T15:35:23Z"}
{"component":"TESTBED","instance":"[Project: 1]","level":"info","msg":"Start local socket server","time":"2025-01-26T15:35:23Z"}
{"component":"TESTBED","instance":"[Project: 1]","level":"info","msg":"Start local socket server","time":"2025-01-26T15:35:23Z"}
{"component":"TESTBED","instance":"[Project: 1]","level":"info","msg":"Link to global address","time":"2025-01-26T15:35:23Z"}
{"component":"TESTBED","instance":"[Project: 1]","level":"info","msg":"Link to global address","time":"2025-01-26T15:35:23Z"}
{"component":"TESTBED","instance":"[Project: 1]","level":"info","msg":"Link to global address","time":"2025-01-26T15:35:23Z"}
{"component":"GLOBAL","instance":"","level":"info","msg":"Registered new participant controller","time":"2025-01-26T15:35:23Z"}
{"component":"GLOBAL","instance":"","level":"info","msg":"Registered new coordinator controller","time":"2025-01-26T15:35:23Z"}
{"component":"GLOBAL","instance":"","level":"info","msg":"Registered new participant controller","time":"2025-01-26T15:35:23Z"}
{"component":"LOCAL","instance":"","level":"info","msg":"Received setup trigger","time":"2025-01-26T15:35:23Z"}
{"component":"LOCAL","instance":"","level":"info","msg":"Received setup trigger","time":"2025-01-26T15:35:23Z"}
{"component":"LOCAL","instance":"","level":"info","msg":"Received setup trigger","time":"2025-01-26T15:35:23Z"}
{"component":"LOCAL","instance":"","level":"error","msg":"Got error during setup to http://172.18.0.5:9000: Post \"http://172.18.0.5:9000/setup\": dial tcp 172.18.0.5:9000: connect: connection refused","time":"2025-01-26T15:35:23Z"}
{"component":"LOCAL","instance":"","level":"error","msg":"Got error code during setup: 502, 502 Bad Gateway","time":"2025-01-26T15:35:23Z"}
{"component":"GLOBAL","instance":"","level":"info","msg":"Setup e81dae78bf7edafeb3682f4e182e8352599e198f2ef8c8551d0f92fdd41a9239","time":"2025-01-26T15:35:24Z"}
{"component":"TESTBED","instance":"[Project: 1]","level":"info","msg":"Setup triggered","time":"2025-01-26T15:35:24Z"}
{"component":"TESTBED","instance":"[Project: 1]","level":"info","msg":"3 apps and server created and running","time":"2025-01-26T15:35:24Z"}
{"component":"LOCAL","instance":"","level":"error","msg":"Got error code during setup: 502, 502 Bad Gateway","time":"2025-01-26T15:35:25Z"}
{"component":"LOCAL","instance":"","level":"info","msg":"http://172.18.0.4:9000/status: Finished","time":"2025-01-26T15:35:28Z"}
{"component":"GLOBAL","instance":"","level":"info","msg":"Participant (ID: 66e135b4674adc7c) finished the current step","time":"2025-01-26T15:35:28Z"}
{"component":"LOCAL","instance":"","level":"error","msg":"Got error code during setup: 502, 502 Bad Gateway","time":"2025-01-26T15:35:29Z"}
{"component":"LOCAL","instance":"","level":"info","msg":"Shutdown","time":"2025-01-26T15:35:29Z"}
{"component":"LOCAL","instance":"","level":"info","msg":"Shutdown","time":"2025-01-26T15:35:29Z"}
{"component":"GLOBAL","instance":"","level":"error","msg":"Participant (ID: d443340749c49a89): relaying stopped due to: read tcp [::1]:9150-\u003e[::1]:36504: read: connection reset by peer","time":"2025-01-26T15:35:29Z"}
{"component":"LOCAL","instance":"","level":"info","msg":"Shutdown","time":"2025-01-26T15:35:29Z"}
{"component":"GLOBAL","instance":"","level":"error","msg":"Participant (ID: 057570977b551640): relaying stopped due to: EOF","time":"2025-01-26T15:35:29Z"}
{"component":"TESTBED","instance":"[Project: 1]","level":"info","msg":"Stopping test id: 1","time":"2025-01-26T15:35:29Z"}
{"component":"TESTBED","instance":"[Project: 1]","level":"info","msg":"Stopping container fc_vae_854304259","time":"2025-01-26T15:35:29Z"}
{"component":"GLOBAL","instance":"","level":"error","msg":"Participant (ID: 66e135b4674adc7c): relaying stopped due to: EOF","time":"2025-01-26T15:35:29Z"}
{"component":"DOCKER","instance":"","level":"info","msg":"Move data to host","time":"2025-01-26T15:35:29Z"}
{"component":"DOCKER","instance":"","level":"info","msg":"Attach to internal network","time":"2025-01-26T15:35:30Z"}
{"component":"DOCKER","instance":"","level":"info","msg":"Remove application","time":"2025-01-26T15:35:32Z"}
{"component":"DOCKER","instance":"","level":"debug","msg":"Intermediary container used for moving data from volume to host has been removed","time":"2025-01-26T15:35:33Z"}
{"component":"TESTBED","instance":"[Project: 1]","level":"info","msg":"Saved output volume content to /data/tests/results_test_1_client_0_fc_vae_854304259.zip","time":"2025-01-26T15:35:33Z"}
{"component":"DOCKER","instance":"","level":"info","msg":"Remove volume test_1_output_0_1737905698","time":"2025-01-26T15:35:33Z"}
{"component":"TESTBED","instance":"[Project: 1]","level":"info","msg":"Deleted volume test_1_output_0_1737905698","time":"2025-01-26T15:35:33Z"}
{"component":"DOCKER","instance":"","level":"info","msg":"Remove volume test_1_input_0_1737905698","time":"2025-01-26T15:35:33Z"}
{"component":"TESTBED","instance":"[Project: 1]","level":"info","msg":"Deleted volume test_1_input_0_1737905698","time":"2025-01-26T15:35:33Z"}
{"component":"TESTBED","instance":"[Project: 1]","level":"info","msg":"Stopping container fc_vae_897449806","time":"2025-01-26T15:35:33Z"}
{"component":"DOCKER","instance":"","level":"info","msg":"Move data to host","time":"2025-01-26T15:35:33Z"}
{"component":"DOCKER","instance":"","level":"info","msg":"Attach to internal network","time":"2025-01-26T15:35:34Z"}
{"component":"DOCKER","instance":"","level":"info","msg":"Remove application","time":"2025-01-26T15:35:36Z"}
{"component":"DOCKER","instance":"","level":"debug","msg":"Intermediary container used for moving data from volume to host has been removed","time":"2025-01-26T15:35:37Z"}
{"component":"TESTBED","instance":"[Project: 1]","level":"info","msg":"Saved output volume content to /data/tests/results_test_1_client_1_fc_vae_897449806.zip","time":"2025-01-26T15:35:37Z"}
{"component":"DOCKER","instance":"","level":"info","msg":"Remove volume test_1_output_1_1737905706","time":"2025-01-26T15:35:37Z"}
{"component":"TESTBED","instance":"[Project: 1]","level":"info","msg":"Deleted volume test_1_output_1_1737905706","time":"2025-01-26T15:35:37Z"}
{"component":"DOCKER","instance":"","level":"info","msg":"Remove volume test_1_input_1_1737905706","time":"2025-01-26T15:35:37Z"}
{"component":"TESTBED","instance":"[Project: 1]","level":"info","msg":"Deleted volume test_1_input_1_1737905706","time":"2025-01-26T15:35:37Z"}
{"component":"TESTBED","instance":"[Project: 1]","level":"info","msg":"Stopping container fc_vae_405647374","time":"2025-01-26T15:35:37Z"}
{"component":"LOCAL","instance":"","level":"error","msg":"Got error during setup to http://172.18.0.5:9000: Post \"http://172.18.0.5:9000/setup\": EOF","time":"2025-01-26T15:35:37Z"}
{"component":"DOCKER","instance":"","level":"info","msg":"Move data to host","time":"2025-01-26T15:35:37Z"}
{"component":"DOCKER","instance":"","level":"info","msg":"Attach to internal network","time":"2025-01-26T15:35:38Z"}
{"component":"DOCKER","instance":"","level":"info","msg":"Remove application","time":"2025-01-26T15:35:40Z"}
{"component":"DOCKER","instance":"","level":"debug","msg":"Intermediary container used for moving data from volume to host has been removed","time":"2025-01-26T15:35:41Z"}
{"component":"TESTBED","instance":"[Project: 1]","level":"info","msg":"Saved output volume content to /data/tests/results_test_1_client_2_fc_vae_405647374.zip","time":"2025-01-26T15:35:41Z"}
{"component":"DOCKER","instance":"","level":"info","msg":"Remove volume test_1_output_2_1737905714","time":"2025-01-26T15:35:41Z"}
{"component":"TESTBED","instance":"[Project: 1]","level":"info","msg":"Deleted volume test_1_output_2_1737905714","time":"2025-01-26T15:35:41Z"}
{"component":"DOCKER","instance":"","level":"info","msg":"Remove volume test_1_input_2_1737905714","time":"2025-01-26T15:35:41Z"}
{"component":"TESTBED","instance":"[Project: 1]","level":"info","msg":"Deleted volume test_1_input_2_1737905714","time":"2025-01-26T15:35:41Z"}
{"component":"LOCAL","instance":"","level":"error","msg":"Got error during setup to http://172.18.0.5:9000: Post \"http://172.18.0.5:9000/setup\": dial tcp 172.18.0.5:9000: i/o timeout","time":"2025-01-26T15:36:23Z"}
{"component":"LOCAL","instance":"","level":"error","msg":"Got error during setup to http://172.18.0.5:9000: Post \"http://172.18.0.5:9000/setup\": dial tcp 172.18.0.5:9000: connect: no route to host","time":"2025-01-26T15:36:56Z"}
