{"component":"MAIN","instance":"","level":"info","msg":"Controller start","time":"2025-01-08T16:34:26Z"}
{"component":"MAIN","instance":"","level":"info","msg":"Mode: Dockerized (isolated)","time":"2025-01-08T16:34:26Z"}
{"component":"MAIN","instance":"","level":"info","msg":"Configuration value 'HasGPU': false","time":"2025-01-08T16:34:26Z"}
{"component":"DOCKER","instance":"","level":"info","msg":"Removing leftover Docker entities for label: fc-controller-label","time":"2025-01-08T16:34:26Z"}
{"component":"DOCKER","instance":"","level":"info","msg":"Removed 0 of 0 leftover containers","time":"2025-01-08T16:34:26Z"}
{"component":"DOCKER","instance":"","level":"info","msg":"Removed 0 of 41 leftover volumes","time":"2025-01-08T16:34:26Z"}
{"component":"DOCKER","instance":"","level":"info","msg":"Removed 0 of 0 leftover networks","time":"2025-01-08T16:34:26Z"}
{"component":"GLOBAL","instance":"","level":"info","msg":"Listening on port 9151","time":"2025-01-08T16:34:26Z"}
{"component":"GLOBAL","instance":"","level":"info","msg":"Listening on port 9150","time":"2025-01-08T16:34:26Z"}
{"component":"FLOW","instance":"","level":"debug","msg":"1 projects","time":"2025-01-08T16:34:26Z"}
{"component":"FLOW","instance":"[Instance: 17081]","level":"info","msg":"Info change for project 17081: stage: error, step: 0","time":"2025-01-08T16:34:26Z"}
{"component":"FLOW","instance":"[Instance: 17081]","level":"error","msg":"Workflow is shutting down because of an error","time":"2025-01-08T16:34:26Z"}
{"component":"DATA","instance":"17081","level":"debug","msg":"Updated project state for project 17081","time":"2025-01-08T16:34:26Z"}
{"component":"TESTBED","instance":"","level":"info","msg":"Create new test","time":"2025-01-08T16:34:46Z"}
{"component":"TESTBED","instance":"[Project: 1]","level":"info","msg":"Create volumes and containers...","time":"2025-01-08T16:34:46Z"}
{"component":"DOCKER","instance":"","level":"info","msg":"Create volume test_1_input_0_1736354086","time":"2025-01-08T16:34:46Z"}
{"component":"DOCKER","instance":"","level":"info","msg":"Create volume test_1_output_0_1736354086","time":"2025-01-08T16:34:46Z"}
{"component":"TESTBED","instance":"[Project: 1]","level":"info","msg":"Move data to workspace from C:/Users/david/Desktop/Biostatistik/Autoencoder/vae\\data/client1","time":"2025-01-08T16:34:46Z"}
{"component":"DOCKER","instance":"","level":"info","msg":"Move data to workspace","time":"2025-01-08T16:34:46Z"}
{"component":"DOCKER","instance":"","level":"info","msg":"Attach to internal network","time":"2025-01-08T16:34:47Z"}
{"component":"DOCKER","instance":"","level":"info","msg":"Remove application","time":"2025-01-08T16:34:48Z"}
{"component":"DOCKER","instance":"","level":"info","msg":"Intermediary container used for moving data from host to volume has been removed","time":"2025-01-08T16:34:49Z"}
{"component":"TESTBED","instance":"[Project: 1]","level":"info","msg":"Move generic data to workspace skipped, no source provided","time":"2025-01-08T16:34:49Z"}
{"component":"TESTBED","instance":"[Project: 1]","level":"info","msg":"Start application","time":"2025-01-08T16:34:49Z"}
{"component":"DOCKER","instance":"","level":"info","msg":"Attach to internal network","time":"2025-01-08T16:34:49Z"}
{"component":"TESTBED","instance":"[Project: 1]","level":"info","msg":"Append app to list","time":"2025-01-08T16:34:51Z"}
{"component":"DOCKER","instance":"","level":"info","msg":"Create volume test_1_input_1_1736354091","time":"2025-01-08T16:34:51Z"}
{"component":"DOCKER","instance":"","level":"info","msg":"Create volume test_1_output_1_1736354091","time":"2025-01-08T16:34:51Z"}
{"component":"TESTBED","instance":"[Project: 1]","level":"info","msg":"Move data to workspace from C:/Users/david/Desktop/Biostatistik/Autoencoder/vae\\data/client2","time":"2025-01-08T16:34:51Z"}
{"component":"DOCKER","instance":"","level":"info","msg":"Move data to workspace","time":"2025-01-08T16:34:51Z"}
{"component":"DOCKER","instance":"","level":"info","msg":"Attach to internal network","time":"2025-01-08T16:34:51Z"}
{"component":"DOCKER","instance":"","level":"info","msg":"Remove application","time":"2025-01-08T16:34:53Z"}
{"component":"DOCKER","instance":"","level":"info","msg":"Intermediary container used for moving data from host to volume has been removed","time":"2025-01-08T16:34:54Z"}
{"component":"TESTBED","instance":"[Project: 1]","level":"info","msg":"Move generic data to workspace skipped, no source provided","time":"2025-01-08T16:34:54Z"}
{"component":"TESTBED","instance":"[Project: 1]","level":"info","msg":"Start application","time":"2025-01-08T16:34:54Z"}
{"component":"DOCKER","instance":"","level":"info","msg":"Attach to internal network","time":"2025-01-08T16:34:54Z"}
{"component":"TESTBED","instance":"[Project: 1]","level":"info","msg":"Append app to list","time":"2025-01-08T16:34:56Z"}
{"component":"TESTBED","instance":"[Project: 1]","level":"info","msg":"Link fc_vae_816746360 with global socket server","time":"2025-01-08T16:34:56Z"}
{"component":"TESTBED","instance":"[Project: 1]","level":"info","msg":"Link fc_vae_590550596 with global socket server","time":"2025-01-08T16:34:56Z"}
{"component":"TESTBED","instance":"[Project: 1]","level":"info","msg":"Start local socket server","time":"2025-01-08T16:34:56Z"}
{"component":"TESTBED","instance":"[Project: 1]","level":"info","msg":"Start local socket server","time":"2025-01-08T16:34:56Z"}
{"component":"TESTBED","instance":"[Project: 1]","level":"info","msg":"Link to global address","time":"2025-01-08T16:34:56Z"}
{"component":"TESTBED","instance":"[Project: 1]","level":"info","msg":"Link to global address","time":"2025-01-08T16:34:56Z"}
{"component":"GLOBAL","instance":"","level":"info","msg":"Registered new participant controller","time":"2025-01-08T16:34:56Z"}
{"component":"GLOBAL","instance":"","level":"info","msg":"Registered new coordinator controller","time":"2025-01-08T16:34:56Z"}
{"component":"LOCAL","instance":"","level":"info","msg":"Received setup trigger","time":"2025-01-08T16:34:56Z"}
{"component":"LOCAL","instance":"","level":"info","msg":"Received setup trigger","time":"2025-01-08T16:34:56Z"}
{"component":"LOCAL","instance":"","level":"error","msg":"Got error during setup to http://172.18.0.4:9000: Post \"http://172.18.0.4:9000/setup\": dial tcp 172.18.0.4:9000: connect: connection refused","time":"2025-01-08T16:34:56Z"}
{"component":"LOCAL","instance":"","level":"error","msg":"Got error code during setup: 502, 502 Bad Gateway","time":"2025-01-08T16:34:56Z"}
{"component":"GLOBAL","instance":"","level":"info","msg":"Setup 22c36684e69784f0c68116e0799486fadef9c72d80fae7e875c5b2b26788ea97","time":"2025-01-08T16:34:57Z"}
{"component":"TESTBED","instance":"[Project: 1]","level":"info","msg":"Setup triggered","time":"2025-01-08T16:34:57Z"}
{"component":"TESTBED","instance":"[Project: 1]","level":"info","msg":"2 apps and server created and running","time":"2025-01-08T16:34:57Z"}
{"component":"LOCAL","instance":"","level":"error","msg":"Got error code during setup: 502, 502 Bad Gateway","time":"2025-01-08T16:34:58Z"}
{"component":"LOCAL","instance":"","level":"info","msg":"http://172.18.0.3:9000/status: New data available","time":"2025-01-08T16:35:17Z"}
{"component":"LOCAL","instance":"","level":"info","msg":"Mode: plain","time":"2025-01-08T16:35:17Z"}
{"component":"LOCAL","instance":"","level":"debug","msg":"http://172.18.0.3:9000/data: Fetched 22193084 bytes","time":"2025-01-08T16:35:19Z"}
{"component":"GLOBAL","instance":"","level":"info","msg":"Coordinator (ID: 15407c329b907ba3) broadcasting 22193084 bytes","time":"2025-01-08T16:35:19Z"}
{"component":"LOCAL","instance":"","level":"info","msg":"received 22193084 bytes from Client 15407c329b907ba3","time":"2025-01-08T16:35:20Z"}
{"component":"LOCAL","instance":"","level":"info","msg":"POST to http://172.18.0.4:9000/data?client=15407c329b907ba3\u0026memo=None [Try 1/3]","time":"2025-01-08T16:35:20Z"}
{"component":"LOCAL","instance":"","level":"info","msg":"http://172.18.0.3:9000/status: Finished","time":"2025-01-08T16:35:21Z"}
{"component":"GLOBAL","instance":"","level":"info","msg":"Participant (ID: 15407c329b907ba3) finished the current step","time":"2025-01-08T16:35:21Z"}
{"component":"LOCAL","instance":"","level":"info","msg":"Shutdown","time":"2025-01-08T16:35:22Z"}
{"component":"GLOBAL","instance":"","level":"error","msg":"Participant (ID: 303574323098fc21): relaying stopped due to: EOF","time":"2025-01-08T16:35:22Z"}
{"component":"LOCAL","instance":"","level":"info","msg":"Shutdown","time":"2025-01-08T16:35:22Z"}
{"component":"GLOBAL","instance":"","level":"error","msg":"Participant (ID: 15407c329b907ba3): relaying stopped due to: EOF","time":"2025-01-08T16:35:22Z"}
{"component":"TESTBED","instance":"[Project: 1]","level":"info","msg":"Stopping test id: 1","time":"2025-01-08T16:35:22Z"}
{"component":"TESTBED","instance":"[Project: 1]","level":"info","msg":"Stopping container fc_vae_816746360","time":"2025-01-08T16:35:22Z"}
{"component":"DOCKER","instance":"","level":"info","msg":"Move data to host","time":"2025-01-08T16:35:23Z"}
{"component":"DOCKER","instance":"","level":"info","msg":"Attach to internal network","time":"2025-01-08T16:35:23Z"}
{"component":"DOCKER","instance":"","level":"error","msg":"Error: No such container: f3e80b2046fad46b722212208c28dd4adfd9661929abafc6b42d56299584b7e2","time":"2025-01-08T16:35:23Z"}
{"component":"DOCKER","instance":"","level":"info","msg":"Remove application","time":"2025-01-08T16:35:25Z"}
{"component":"DOCKER","instance":"","level":"debug","msg":"Intermediary container used for moving data from volume to host has been removed","time":"2025-01-08T16:35:26Z"}
{"component":"TESTBED","instance":"[Project: 1]","level":"info","msg":"Saved output volume content to /data/tests/results_test_1_client_0_fc_vae_816746360.zip","time":"2025-01-08T16:35:26Z"}
{"component":"DOCKER","instance":"","level":"info","msg":"Remove volume test_1_output_0_1736354086","time":"2025-01-08T16:35:26Z"}
{"component":"TESTBED","instance":"[Project: 1]","level":"info","msg":"Deleted volume test_1_output_0_1736354086","time":"2025-01-08T16:35:26Z"}
{"component":"DOCKER","instance":"","level":"info","msg":"Remove volume test_1_input_0_1736354086","time":"2025-01-08T16:35:26Z"}
{"component":"TESTBED","instance":"[Project: 1]","level":"info","msg":"Deleted volume test_1_input_0_1736354086","time":"2025-01-08T16:35:26Z"}
{"component":"TESTBED","instance":"[Project: 1]","level":"info","msg":"Stopping container fc_vae_590550596","time":"2025-01-08T16:35:26Z"}
{"component":"DOCKER","instance":"","level":"info","msg":"Move data to host","time":"2025-01-08T16:35:27Z"}
{"component":"DOCKER","instance":"","level":"info","msg":"Attach to internal network","time":"2025-01-08T16:35:27Z"}
{"component":"DOCKER","instance":"","level":"info","msg":"Remove application","time":"2025-01-08T16:35:29Z"}
{"component":"DOCKER","instance":"","level":"debug","msg":"Intermediary container used for moving data from volume to host has been removed","time":"2025-01-08T16:35:30Z"}
{"component":"TESTBED","instance":"[Project: 1]","level":"info","msg":"Saved output volume content to /data/tests/results_test_1_client_1_fc_vae_590550596.zip","time":"2025-01-08T16:35:30Z"}
{"component":"DOCKER","instance":"","level":"info","msg":"Remove volume test_1_output_1_1736354091","time":"2025-01-08T16:35:30Z"}
{"component":"TESTBED","instance":"[Project: 1]","level":"info","msg":"Deleted volume test_1_output_1_1736354091","time":"2025-01-08T16:35:30Z"}
{"component":"DOCKER","instance":"","level":"info","msg":"Remove volume test_1_input_1_1736354091","time":"2025-01-08T16:35:30Z"}
{"component":"TESTBED","instance":"[Project: 1]","level":"info","msg":"Deleted volume test_1_input_1_1736354091","time":"2025-01-08T16:35:31Z"}
{"component":"DOCKER","instance":"","level":"error","msg":"Error: No such container: 447139c5fcb692e4a33acb728818869098d59edd447daf73ec6404d00472ac7a","time":"2025-01-08T16:35:31Z"}
